error[invalid-method-override]: Invalid override of method `actionPerformed`
   --> plugin/framework/dialogs.py:180:17
    |
179 |         class _OkListener(unohelper.Base, XActionListener):
180 |             def actionPerformed(self, ev):
    |                 ^^^^^^^^^^^^^^^^^^^^^^^^^ Definition is incompatible with `XActionListener.actionPerformed`
181 |                 try:
182 |                     ec = dlg.getControl("QueryEdit")
    |
   ::: .venv/lib/python3.12/site-packages/com/sun/star/awt/x_action_listener.pyi:38:9
    |
 36 |     __pyunointerface__: str = 'com.sun.star.awt.XActionListener'
 37 |
 38 |     def actionPerformed(self, rEvent: ActionEvent_99250ab4) -> None:
    |         ----------------------------------------------------------- `XActionListener.actionPerformed` defined here
 39 |         """
 40 |         is invoked when an action is performed.
    |
info: This violates the Liskov Substitution Principle
info: rule `invalid-method-override` is enabled by default

error[invalid-method-override]: Invalid override of method `disposing`
   --> plugin/framework/dialogs.py:189:17
    |
187 |                 dlg.endDialog(1)
188 |
189 |             def disposing(self, ev):
    |                 ^^^^^^^^^^^^^^^^^^^ Definition is incompatible with `XEventListener.disposing`
190 |                 pass
    |
   ::: .venv/lib/python3.12/site-packages/com/sun/star/lang/x_event_listener.pyi:38:9
    |
 36 |     __pyunointerface__: str = 'com.sun.star.lang.XEventListener'
 37 |
 38 |     def disposing(self, Source: EventObject_a3d70b03) -> None:
    |         ----------------------------------------------------- `XEventListener.disposing` defined here
 39 |         """
 40 |         gets called when the broadcaster is about to be disposed.
    |
info: This violates the Liskov Substitution Principle
info: rule `invalid-method-override` is enabled by default

error[invalid-method-override]: Invalid override of method `actionPerformed`
   --> plugin/framework/dialogs.py:193:17
    |
192 |         class _CancelListener(unohelper.Base, XActionListener):
193 |             def actionPerformed(self, ev):
    |                 ^^^^^^^^^^^^^^^^^^^^^^^^^ Definition is incompatible with `XActionListener.actionPerformed`
194 |                 _result["v"] = None
195 |                 dlg.endDialog(0)
    |
   ::: .venv/lib/python3.12/site-packages/com/sun/star/awt/x_action_listener.pyi:38:9
    |
 36 |     __pyunointerface__: str = 'com.sun.star.awt.XActionListener'
 37 |
 38 |     def actionPerformed(self, rEvent: ActionEvent_99250ab4) -> None:
    |         ----------------------------------------------------------- `XActionListener.actionPerformed` defined here
 39 |         """
 40 |         is invoked when an action is performed.
    |
info: This violates the Liskov Substitution Principle
info: rule `invalid-method-override` is enabled by default

error[invalid-method-override]: Invalid override of method `disposing`
   --> plugin/framework/dialogs.py:197:17
    |
195 |                 dlg.endDialog(0)
196 |
197 |             def disposing(self, ev):
    |                 ^^^^^^^^^^^^^^^^^^^ Definition is incompatible with `XEventListener.disposing`
198 |                 pass
    |
   ::: .venv/lib/python3.12/site-packages/com/sun/star/lang/x_event_listener.pyi:38:9
    |
 36 |     __pyunointerface__: str = 'com.sun.star.lang.XEventListener'
 37 |
 38 |     def disposing(self, Source: EventObject_a3d70b03) -> None:
    |         ----------------------------------------------------- `XEventListener.disposing` defined here
 39 |         """
 40 |         gets called when the broadcaster is about to be disposed.
    |
info: This violates the Liskov Substitution Principle
info: rule `invalid-method-override` is enabled by default

error[invalid-method-override]: Invalid override of method `getTransferData`
   --> plugin/framework/dialogs.py:232:17
    |
230 |                 self._text = txt
231 |
232 |             def getTransferData(self, flavor):
    |                 ^^^^^^^^^^^^^^^^^^^^^^^^^^^^^ Definition is incompatible with `XTransferable.getTransferData`
233 |                 return self._text
    |
   ::: .venv/lib/python3.12/site-packages/com/sun/star/datatransfer/x_transferable.pyi:38:9
    |
 36 |     __pyunointerface__: str = 'com.sun.star.datatransfer.XTransferable'
 37 |
 38 |     def getTransferData(self, aFlavor: DataFlavor_ffd30deb) -> typing.Any:
    |         ----------------------------------------------------------------- `XTransferable.getTransferData` defined here
 39 |         """
 40 |         Called by a data consumer to obtain data from the source in a specified format.
    |
info: This violates the Liskov Substitution Principle
info: rule `invalid-method-override` is enabled by default

error[invalid-method-override]: Invalid override of method `isDataFlavorSupported`
   --> plugin/framework/dialogs.py:242:17
    |
240 |                 return (f,)
241 |
242 |             def isDataFlavorSupported(self, flavor):
    |                 ^^^^^^^^^^^^^^^^^^^^^^^^^^^^^^^^^^^ Definition is incompatible with `XTransferable.isDataFlavorSupported`
243 |                 return "text/plain" in flavor.MimeType
    |
   ::: .venv/lib/python3.12/site-packages/com/sun/star/datatransfer/x_transferable.pyi:52:9
    |
 50 |         """
 51 |         ...
 52 |     def isDataFlavorSupported(self, aFlavor: DataFlavor_ffd30deb) -> bool:
    |         ----------------------------------------------------------------- `XTransferable.isDataFlavorSupported` defined here
 53 |         """
 54 |         Checks if the data object supports the specified data flavor.
    |
info: This violates the Liskov Substitution Principle
info: rule `invalid-method-override` is enabled by default

error[call-non-callable]: Object of type `None` is not callable
   --> plugin/framework/dialogs.py:411:44
    |
409 |         if has_copy:
410 |             add_dialog_button(dlg_model, "CopyBtn", _("Copy URL"), 10, 88, 65, 14,
411 |                               enabled=bool(copy_url_fn()))
    |                                            ^^^^^^^^^^^^^
412 |
413 |         add_dialog_button(dlg_model, "OKBtn", _("OK"), 170, 88, 50, 14, push_button_type=1)
    |
info: Union variant `None` is incompatible with this call site
info: Attempted to call union type `Unknown | None`
info: rule `call-non-callable` is enabled by default

error[call-non-callable]: Object of type `None` is not callable
   --> plugin/framework/dialogs.py:451:27
    |
449 |                 dlg_model.getByName("StatusText").Label = updated
450 |                 if has_copy:
451 |                     url = copy_url_fn()
    |                           ^^^^^^^^^^^^^
452 |                     dlg_model.getByName("CopyBtn").Enabled = bool(url)
453 |             except Exception:
    |
info: Union variant `None` is incompatible with this call site
info: Attempted to call union type `Unknown | None`
info: rule `call-non-callable` is enabled by default

error[invalid-assignment]: Object of type `Literal["?"]` is not assignable to `Literal["0.7.1-beta"]`
   --> plugin/framework/dialogs.py:473:9
    |
471 |         from plugin.version import EXTENSION_VERSION
472 |     except ImportError:
473 |         EXTENSION_VERSION = "?"
    |         -----------------   ^^^ Incompatible value of type `Literal["?"]`
    |         |
    |         Declared type `Literal["0.7.1-beta"]`
474 |
475 |     if not ctx:
    |
info: rule `invalid-assignment` is enabled by default

error[unresolved-import]: Cannot resolve imported module `com.sun.star.beans.PropertyAttribute`
   --> plugin/framework/document.py:115:22
    |
113 |                     exists = safe_call(props.hasByName, "Check property name", name) or False
114 |
115 |                 from com.sun.star.beans.PropertyAttribute import REMOVABLE
    |                      ^^^^^^^^^^^^^^^^^^^^^^^^^^^^^^^^^^^^
116 |                 if not exists and hasattr(props, "addProperty"):
117 |                     safe_call(props.addProperty, "Add property", name, REMOVABLE, str(value))
    |
info: Searched in the following paths during module resolution:
info:   1. /home/keithcu/Desktop/Python/writeragent (first-party code)
info:   2. vendored://stdlib (stdlib typeshed stubs vendored by ty)
info:   3. /home/keithcu/Desktop/Python/writeragent/.venv/lib/python3.12/site-packages (site-packages)
info:   4. /usr/lib/python3.14/site-packages (editable install)
info:   5. /usr/lib/libreoffice/program (editable install)
info:   6. /home/keithcu/Desktop/Python/writeragent/.venv/lib64/python3.12/site-packages (site-packages)
info: make sure your Python environment is properly configured: https://docs.astral.sh/ty/modules/#python-environment
info: rule `unresolved-import` is enabled by default

error[unsupported-operator]: Unsupported `>=` operation
   --> plugin/framework/document.py:652:46
    |
651 |                 if outline_level > 0:
652 |                     while len(stack) > 1 and stack[-1]["level"] >= outline_level:
    |                                              ------------------^^^^-------------
    |                                              |                     |
    |                                              |                     Has type `Literal[0] | Unknown`
    |                                              Has type `int | str | list[Unknown]`
653 |                         stack.pop()
654 |                     node = {
    |
info: Operation fails because operator `>=` is not supported between objects of type `str` and `Literal[0]`
info: rule `unsupported-operator` is enabled by default

error[unresolved-attribute]: Attribute `append` is not defined on `int`, `str` in union `int | str | list[Unknown]`
   --> plugin/framework/document.py:661:21
    |
659 |                         "body_paragraphs": 0
660 |                     }
661 |                     stack[-1]["children"].append(node)
    |                     ^^^^^^^^^^^^^^^^^^^^^^^^^^^^
662 |                     stack.append(node)
663 |                 else:
    |
info: rule `unresolved-attribute` is enabled by default

error[unsupported-operator]: Unsupported `+=` operation
   --> plugin/framework/document.py:664:21
    |
662 |                     stack.append(node)
663 |                 else:
664 |                     stack[-1]["body_paragraphs"] += 1
    |                     ----------------------------^^^^-
    |                     |                               |
    |                     |                               Has type `Literal[1]`
    |                     Has type `str`
665 |             elif safe_call(element.supportsService, "Check supportsService TextTable", "com.sun.star.text.TextTable"):
666 |                 stack[-1]["body_paragraphs"] += 1
    |
info: rule `unsupported-operator` is enabled by default

error[unsupported-operator]: Unsupported `+=` operation
   --> plugin/framework/document.py:664:21
    |
662 |                     stack.append(node)
663 |                 else:
664 |                     stack[-1]["body_paragraphs"] += 1
    |                     ----------------------------^^^^-
    |                     |                               |
    |                     |                               Has type `Literal[1]`
    |                     Has type `list[Unknown]`
665 |             elif safe_call(element.supportsService, "Check supportsService TextTable", "com.sun.star.text.TextTable"):
666 |                 stack[-1]["body_paragraphs"] += 1
    |
info: rule `unsupported-operator` is enabled by default

error[unsupported-operator]: Unsupported `+=` operation
   --> plugin/framework/document.py:666:17
    |
664 |                     stack[-1]["body_paragraphs"] += 1
665 |             elif safe_call(element.supportsService, "Check supportsService TextTable", "com.sun.star.text.TextTable"):
666 |                 stack[-1]["body_paragraphs"] += 1
    |                 ----------------------------^^^^-
    |                 |                               |
    |                 |                               Has type `Literal[1]`
    |                 Has type `str`
667 |             para_index += 1
668 |         return root
    |
info: rule `unsupported-operator` is enabled by default

error[unsupported-operator]: Unsupported `+=` operation
   --> plugin/framework/document.py:666:17
    |
664 |                     stack[-1]["body_paragraphs"] += 1
665 |             elif safe_call(element.supportsService, "Check supportsService TextTable", "com.sun.star.text.TextTable"):
666 |                 stack[-1]["body_paragraphs"] += 1
    |                 ----------------------------^^^^-
    |                 |                               |
    |                 |                               Has type `Literal[1]`
    |                 Has type `list[Unknown]`
667 |             para_index += 1
668 |         return root
    |
info: rule `unsupported-operator` is enabled by default

error[unresolved-attribute]: Unresolved attribute `_localwriter_event_bus` on type `<module 'sys'>`.
   --> plugin/framework/event_bus.py:127:9
    |
125 |     import sys
126 |     if not hasattr(sys, '_localwriter_event_bus'):
127 |         sys._localwriter_event_bus = EventBus()
    |         ^^^^^^^^^^^^^^^^^^^^^^^^^^
128 |     return sys._localwriter_event_bus
    |
info: rule `unresolved-attribute` is enabled by default

error[unresolved-attribute]: Module `sys` has no member `_localwriter_event_bus`
   --> plugin/framework/event_bus.py:128:12
    |
126 |     if not hasattr(sys, '_localwriter_event_bus'):
127 |         sys._localwriter_event_bus = EventBus()
128 |     return sys._localwriter_event_bus
    |            ^^^^^^^^^^^^^^^^^^^^^^^^^^
129 |
130 | global_event_bus = get_event_bus()
    |
info: rule `unresolved-attribute` is enabled by default

error[unresolved-attribute]: Attribute `getServiceManager` is not defined on `Any` in union `Any | Any`
  --> plugin/framework/i18n.py:47:16
   |
45 |         if ctx is None:
46 |             ctx = uno.getComponentContext()
47 |         smgr = ctx.getServiceManager()
   |                ^^^^^^^^^^^^^^^^^^^^^
48 |         config_provider = smgr.createInstanceWithContext(
49 |             "com.sun.star.configuration.ConfigurationProvider", ctx)
   |
info: rule `unresolved-attribute` is enabled by default

error[unresolved-attribute]: Attribute `ServiceManager` is not defined on `Any` in union `Any | Any`
   --> plugin/framework/image_tools.py:268:14
    |
266 |         if ctx is None:
267 |             ctx = uno.getComponentContext()
268 |         gp = ctx.ServiceManager.createInstanceWithContext("com.sun.star.graphic.GraphicProvider", ctx)
    |              ^^^^^^^^^^^^^^^^^^
269 |         
270 |         with tempfile.NamedTemporaryFile(suffix=".png") as tmp:
    |
info: rule `unresolved-attribute` is enabled by default

error[unsupported-operator]: Unsupported `>` operation
   --> plugin/framework/image_utils.py:264:81
    |
262 |             "max_wait_minutes": kwargs.get("max_wait", 5),
263 |             "prompt_strength": kwargs.get("strength", 0.6), # LOSHD uses 1 - init_strength
264 |             "steps": kwargs.get("steps") if kwargs.get("steps") is not None and kwargs.get("steps") > 0 else 30,
    |                                                                                 -------------------^^^-
    |                                                                                 |                     |
    |                                                                                 |                     Has type `Literal[0]`
    |                                                                                 Has type `Unknown | None`
265 |             "seed": kwargs.get("seed", ""),
266 |             "nsfw": kwargs.get("nsfw", False),
    |
info: Operation fails because operator `>` is not supported between objects of type `None` and `Literal[0]`
info: rule `unsupported-operator` is enabled by default

error[unresolved-attribute]: Attribute `rsplit` is not defined on `list[Unknown]`, `dict[Unknown, Unknown]`, `None`, `list[str]`, `dict[str, dict[str, str | bool | list[dict[str, str]]]]`, `dict[str, dict[str, str | bool] | dict[str, str | int]]`, `dict[str, dict[str, str | int]]`, `dict[str, dict[str, str | int] | dict[str, str | list[dict[str, str]]] | dict[str, str | bool]]`, `dict[str, dict[str, str | list[dict[str, str]]] | dict[str, str]]` in union `str | list[Unknown] | dict[Unknown, Unknown] | ... omitted 7 union elements`
   --> plugin/framework/legacy_ui.py:133:70
    |
131 |             if not inline_val:
132 |                 continue
133 |             target = inline_val if isinstance(inline_val, str) else (m["name"].rsplit(".", 1)[0] if "." in m["name"] else None)
    |                                                                      ^^^^^^^^^^^^^^^^
134 |             if target:
135 |                 inline_targets[m["name"]] = target
    |
info: rule `unresolved-attribute` is enabled by default

error[unsupported-operator]: Unsupported `in` operation
   --> plugin/framework/legacy_ui.py:133:101
    |
131 |             if not inline_val:
132 |                 continue
133 |             target = inline_val if isinstance(inline_val, str) else (m["name"].rsplit(".", 1)[0] if "." in m["name"] else None)
    |                                                                                                     ---^^^^---------
    |                                                                                                     |      |
    |                                                                                                     |      Has type `str | list[Unknown] | dict[Unknown, Unknown] | ... omitted 7 union elements`
    |                                                                                                     Has type `Literal["."]`
134 |             if target:
135 |                 inline_targets[m["name"]] = target
    |
info: Operation fails because operator `in` is not supported between objects of type `Literal["."]` and `None`
info: rule `unsupported-operator` is enabled by default

error[unresolved-attribute]: Attribute `replace` is not defined on `list[Unknown]`, `dict[Unknown, Unknown]`, `list[str]`, `dict[str, dict[str, str | bool | list[dict[str, str]]]]`, `dict[str, dict[str, str | bool] | dict[str, str | int]]`, `dict[str, dict[str, str | int]]`, `dict[str, dict[str, str | int] | dict[str, str | list[dict[str, str]]] | dict[str, str | bool]]`, `dict[str, dict[str, str | list[dict[str, str]]] | dict[str, str]]` in union `(None & Unknown) | str | list[Unknown] | ... omitted 7 union elements`
   --> plugin/framework/legacy_ui.py:163:33
    |
161 |                 continue
162 |
163 |             btn_id = f"btn_tab_{m['name'].replace('.', '_')}"
    |                                 ^^^^^^^^^^^^^^^^^
164 |             ctrl = dlg.getControl(btn_id)
165 |             if ctrl:
    |
info: rule `unresolved-attribute` is enabled by default

error[invalid-method-override]: Invalid override of method `itemStateChanged`
   --> plugin/framework/legacy_ui.py:216:33
    |
214 |                                     log.error("EndpointCombinedListener error updating dropdowns: %s", e, exc_info=True)
215 |
216 |                             def itemStateChanged(self, ev):
    |                                 ^^^^^^^^^^^^^^^^^^^^^^^^^^ Definition is incompatible with `XItemListener.itemStateChanged`
217 |                                 try:
218 |                                     idx = getattr(ev, "Selected", -1)
    |
   ::: .venv/lib/python3.12/site-packages/com/sun/star/awt/x_item_listener.pyi:38:9
    |
 36 |     __pyunointerface__: str = 'com.sun.star.awt.XItemListener'
 37 |
 38 |     def itemStateChanged(self, rEvent: ItemEvent_845d09e5) -> None:
    |         ---------------------------------------------------------- `XItemListener.itemStateChanged` defined here
 39 |         """
 40 |         is invoked when an item changes its state.
    |
info: This violates the Liskov Substitution Principle
info: rule `invalid-method-override` is enabled by default

error[invalid-method-override]: Invalid override of method `textChanged`
   --> plugin/framework/legacy_ui.py:228:33
    |
226 |                                     log.error("EndpointCombinedListener error in itemStateChanged: %s", e, exc_info=True)
227 |
228 |                             def textChanged(self, ev):
    |                                 ^^^^^^^^^^^^^^^^^^^^^ Definition is incompatible with `XTextListener.textChanged`
229 |                                 try:
230 |                                     self.update_dropdowns()
    |
   ::: .venv/lib/python3.12/site-packages/com/sun/star/awt/x_text_listener.pyi:38:9
    |
 36 |     __pyunointerface__: str = 'com.sun.star.awt.XTextListener'
 37 |
 38 |     def textChanged(self, rEvent: TextEvent_84f709fb) -> None:
    |         ----------------------------------------------------- `XTextListener.textChanged` defined here
 39 |         """
 40 |         is invoked when the text has changed.
    |
info: This violates the Liskov Substitution Principle
info: rule `invalid-method-override` is enabled by default

error[unsupported-operator]: Unsupported `-` operation
   --> plugin/framework/logging.py:395:19
    |
393 |         if not phase:
394 |             continue
395 |         elapsed = time.monotonic() - last
    |                   ----------------^^^----
    |                   |                  |
    |                   |                  Has type `str | int | None | float`
    |                   Has type `int | float`
396 |         if elapsed < _watchdog_threshold_sec:
397 |             continue
    |
info: rule `unsupported-operator` is enabled by default

error[invalid-assignment]: Object of type `None` is not assignable to `str`
  --> plugin/framework/module_base.py:36:11
   |
34 |     """
35 |
36 |     name: str = None
   |           ---   ^^^^ Incompatible value of type `None`
   |           |
   |           Declared type
37 |
38 |     def initialize(self, services):
   |
info: rule `invalid-assignment` is enabled by default

error[unresolved-attribute]: Attribute `ServiceManager` is not defined on `Any` in union `Any | Any`
  --> plugin/framework/queue_executor.py:56:24
   |
54 |                 import uno
55 |                 ctx = uno.getComponentContext()
56 |                 smgr = ctx.ServiceManager
   |                        ^^^^^^^^^^^^^^^^^^
57 |                 self._async_callback_service = smgr.createInstanceWithContext(
58 |                     "com.sun.star.awt.AsyncCallback", ctx)
   |
info: rule `unresolved-attribute` is enabled by default

error[invalid-method-override]: Invalid override of method `notify`
  --> plugin/framework/queue_executor.py:86:17
   |
84 |             """
85 |
86 |             def notify(self, _ignored):
   |                 ^^^^^^^^^^^^^^^^^^^^^^ Definition is incompatible with `XCallback.notify`
87 |                 executor.process_queue()
   |
  ::: .venv/lib/python3.12/site-packages/com/sun/star/awt/x_callback.pyi:36:9
   |
34 |     __pyunointerface__: str = 'com.sun.star.awt.XCallback'
35 |
36 |     def notify(self, aData: typing.Any) -> None:
   |         --------------------------------------- `XCallback.notify` defined here
37 |         """
38 |         notifies the callback implementation
   |
info: This violates the Liskov Substitution Principle
info: rule `invalid-method-override` is enabled by default

error[invalid-argument-type]: Argument to bound method `__init__` is incorrect
   --> plugin/framework/queue_executor.py:117:58
    |
115 |             import uno
116 |             self._async_callback_service.addCallback(
117 |                 self._callback_instance, uno.Any("void", None))
    |                                                          ^^^^ Expected `str | Type`, found `None`
118 |         except Exception as e:
119 |             log.debug("_poke_main_thread with Any failed, retrying without: %s", e)
    |
info: Method defined here
   --> .venv/lib/python3.12/site-packages/uno/__init__.pyi:158:9
    |
156 |     Use only in connection with uno.invoke() to pass an explicit typed Any.
157 |     """
158 |     def __init__(self, type, value: str | Type) -> None: ...
    |         ^^^^^^^^             ----------------- Parameter declared here
159 |     @property
160 |     def value(self) -> Any: ...
    |
info: rule `invalid-argument-type` is enabled by default

error[invalid-assignment]: Object of type `None` is not assignable to `str`
  --> plugin/framework/service_base.py:32:11
   |
30 |     """
31 |
32 |     name: str = None
   |           ---   ^^^^ Incompatible value of type `None`
   |           |
   |           Declared type
33 |
34 |     def initialize(self, ctx):
   |
info: rule `invalid-assignment` is enabled by default

error[too-many-positional-arguments]: Too many positional arguments to bound method `__init__`: expected 1, got 2
  --> plugin/framework/service_registry.py:64:40
   |
62 |                 try:
63 |                     # Instantiate by passing the registry itself as 'services'
64 |                     svc_instance = obj(self)
   |                                        ^^^^
65 |                     self.register(obj.name, svc_instance)
66 |                 except (TypeError, ValueError, ImportError) as e:
   |
info: Method signature here
   --> stdlib/builtins.pyi:136:9
    |
134 |     @__class__.setter
135 |     def __class__(self, type: type[Self], /) -> None: ...
136 |     def __init__(self) -> None: ...
    |         ^^^^^^^^^^^^^^^^^^^^^^
137 |     def __new__(cls) -> Self: ...
138 |     # N.B. `object.__setattr__` and `object.__delattr__` are heavily special-cased by type checkers.
    |
info: rule `too-many-positional-arguments` is enabled by default

error[unresolved-attribute]: Attribute `items` is not defined on `str`, `list[Unknown]`, `None`, `list[str]` in union `str | list[Unknown] | dict[Unknown, Unknown] | ... omitted 7 union elements`
  --> plugin/framework/settings_dialog.py:60:39
   |
58 |             if m["name"] in ("main", "ai"):
59 |                 continue
60 |             for field_name, schema in m.get("config", {}).items():
   |                                       ^^^^^^^^^^^^^^^^^^^^^^^^^
61 |                 if schema.get("internal") or schema.get("widget") == "list_detail":
62 |                     continue
   |
info: rule `unresolved-attribute` is enabled by default

error[unresolved-attribute]: Attribute `replace` is not defined on `None`, `list[Unknown]`, `dict[Unknown, Unknown]`, `list[str]`, `dict[str, dict[str, str | bool | list[dict[str, str]]]]`, `dict[str, dict[str, str | bool] | dict[str, str | int]]`, `dict[str, dict[str, str | int]]`, `dict[str, dict[str, str | int] | dict[str, str | list[dict[str, str]]] | dict[str, str | bool]]`, `dict[str, dict[str, str | list[dict[str, str]]] | dict[str, str]]` in union `None | str | list[Unknown] | ... omitted 7 union elements`
  --> plugin/framework/settings_dialog.py:64:26
   |
62 |                     continue
63 |                 
64 |                 prefix = m["name"].replace(".", "_")
   |                          ^^^^^^^^^^^^^^^^^
65 |                 ctrl_id = f"{prefix}__{field_name}"
66 |                 config_key = f"{m['name']}.{field_name}"
   |
info: rule `unresolved-attribute` is enabled by default

error[not-subscriptable]: Cannot subscript object of type `int` with no `__getitem__` method
  --> plugin/framework/settings_dialog.py:72:40
   |
70 |                 opts = schema.get("options", [])
71 |                 # For select/combo with value/label options, use label for display so dropdown shows correctly
72 |                 if opts and isinstance(opts[0], dict):
   |                                        ^^^^^^^
73 |                     for o in opts:
74 |                         if str(o.get("value", "")) == str(val).strip().lower():
   |
info: rule `not-subscriptable` is enabled by default

error[not-iterable]: Object of type `(Unknown & ~AlwaysFalsy) | (str & ~AlwaysFalsy) | (int & ~AlwaysFalsy) | (list[dict[str, str]] & ~AlwaysFalsy) | (list[Unknown] & ~AlwaysFalsy)` may not be iterable
  --> plugin/framework/settings_dialog.py:73:30
   |
71 |                 # For select/combo with value/label options, use label for display so dropdown shows correctly
72 |                 if opts and isinstance(opts[0], dict):
73 |                     for o in opts:
   |                              ^^^^
74 |                         if str(o.get("value", "")) == str(val).strip().lower():
75 |                             val = _(o.get("label", val))
   |
info: It may not have an `__iter__` method or a `__getitem__` method
info: rule `not-iterable` is enabled by default

error[unresolved-attribute]: Attribute `get` is not defined on `str` in union `Unknown | str | dict[str, str]`
  --> plugin/framework/settings_dialog.py:74:32
   |
72 |                 if opts and isinstance(opts[0], dict):
73 |                     for o in opts:
74 |                         if str(o.get("value", "")) == str(val).strip().lower():
   |                                ^^^^^
75 |                             val = _(o.get("label", val))
76 |                             break
   |
info: rule `unresolved-attribute` is enabled by default

error[unresolved-attribute]: Attribute `get` is not defined on `str` in union `Unknown | str | dict[str, str]`
  --> plugin/framework/settings_dialog.py:75:37
   |
73 |                     for o in opts:
74 |                         if str(o.get("value", "")) == str(val).strip().lower():
75 |                             val = _(o.get("label", val))
   |                                     ^^^^^
76 |                             break
77 |                 field = {"name": ctrl_id, "value": str(val)}
   |
info: rule `unresolved-attribute` is enabled by default

error[invalid-assignment]: Invalid subscript assignment with key of type `Literal["options"]` and value of type `Unknown | str | int | list[dict[str, str]]` on object of type `dict[str, str]`
  --> plugin/framework/settings_dialog.py:90:21
   |
88 |                         log.error(f"ConfigError in options_provider {provider_path}: {e}")
89 |                 elif schema.get("options"):
90 |                     field["options"] = schema["options"]
   |                     ^^^^^^^^^^^^^^^^^^^-----------------
   |                                        |
   |                                        Expected value of type `str`, got `Unknown | str | int | list[dict[str, str]]`
91 |
92 |                 schema_type = schema.get("type", "string")
   |
info: rule `invalid-assignment` is enabled by default

error[invalid-assignment]: Invalid subscript assignment with key of type `Literal["type"]` and value of type `(Unknown & ~Literal["boolean"]) | (str & ~Literal["boolean"]) | int | list[dict[str, str]]` on object of type `dict[str, str]`
  --> plugin/framework/settings_dialog.py:96:21
   |
94 |                     schema_type = "bool"
95 |                 if schema_type in ("bool", "int", "float"):
96 |                     field["type"] = schema_type
   |                     ^^^^^^^^^^^^^^^^-----------
   |                                     |
   |                                     Expected value of type `str`, got `(Unknown & ~Literal["boolean"]) | (str & ~Literal["boolean"]) | int | list[dict[str, str]]`
97 |                     if schema_type == "bool":
98 |                         field["value"] = "true" if as_bool(val) else "false"
   |
info: rule `invalid-assignment` is enabled by default

error[invalid-assignment]: Object of type `(TokenUsage & ~AlwaysFalsy) | (DummyTokenUsage & ~AlwaysFalsy)` is not assignable to attribute `token_usage` of type `TokenUsage | None`
   --> plugin/framework/smol_model.py:99:13
    |
 97 |         )
 98 |         if token_usage:
 99 |             msg.token_usage = token_usage
    |             ^^^^^^^^^^^^^^^
100 |         return msg
    |
info: rule `invalid-assignment` is enabled by default

warning[redundant-cast]: Value is already of type `StateT@unpack_transition`
  --> plugin/framework/state.py:67:32
   |
65 |         return t
66 |     state, effects = t
67 |     return FsmTransition(state=cast(StateT, state), effects=list(effects))
   |                                ^^^^^^^^^^^^^^^^^^^
   |
info: rule `redundant-cast` is enabled by default

error[invalid-argument-type]: Argument to function `accumulate_delta` is incorrect
  --> plugin/framework/streaming_deltas.py:69:42
   |
67 |             acc_value += delta_value
68 |         elif _is_dict(acc_value) and _is_dict(delta_value):
69 |             acc_value = accumulate_delta(acc_value, delta_value)
   |                                          ^^^^^^^^^ Expected `dict[object, object]`, found `~None`
70 |         elif _is_list(acc_value) and _is_list(delta_value):
71 |             # for lists of non-dictionary items we'll only ever get new entries
   |
info: Function defined here
  --> plugin/framework/streaming_deltas.py:33:5
   |
33 | def accumulate_delta(
   |     ^^^^^^^^^^^^^^^^
34 |     acc: dict[object, object], delta: dict[object, object]
   |     ------------------------- Parameter declared here
35 | ) -> dict[object, object]:
36 |     """Merge a streaming chunk delta into an accumulated message/snapshot.
   |
info: rule `invalid-argument-type` is enabled by default

error[invalid-argument-type]: Argument to function `accumulate_delta` is incorrect
  --> plugin/framework/streaming_deltas.py:69:53
   |
67 |             acc_value += delta_value
68 |         elif _is_dict(acc_value) and _is_dict(delta_value):
69 |             acc_value = accumulate_delta(acc_value, delta_value)
   |                                                     ^^^^^^^^^^^ Expected `dict[object, object]`, found `object`
70 |         elif _is_list(acc_value) and _is_list(delta_value):
71 |             # for lists of non-dictionary items we'll only ever get new entries
   |
info: Function defined here
  --> plugin/framework/streaming_deltas.py:33:5
   |
33 | def accumulate_delta(
   |     ^^^^^^^^^^^^^^^^
34 |     acc: dict[object, object], delta: dict[object, object]
   |                                --------------------------- Parameter declared here
35 | ) -> dict[object, object]:
36 |     """Merge a streaming chunk delta into an accumulated message/snapshot.
   |
info: rule `invalid-argument-type` is enabled by default

error[not-iterable]: Object of type `~None` is not iterable
  --> plugin/framework/streaming_deltas.py:74:59
   |
72 |             # in the array, existing entries will never be changed
73 |             if all(
74 |                 isinstance(x, (str, int, float)) for x in acc_value
   |                                                           ^^^^^^^^^
75 |             ):
76 |                 acc_value.extend(delta_value)
   |
info: It doesn't have an `__iter__` method or a `__getitem__` method
info: rule `not-iterable` is enabled by default

error[unresolved-attribute]: Object of type `~None` has no attribute `extend`
  --> plugin/framework/streaming_deltas.py:76:17
   |
74 |                 isinstance(x, (str, int, float)) for x in acc_value
75 |             ):
76 |                 acc_value.extend(delta_value)
   |                 ^^^^^^^^^^^^^^^^
77 |                 continue
   |
info: rule `unresolved-attribute` is enabled by default

error[not-iterable]: Object of type `object` is not iterable
  --> plugin/framework/streaming_deltas.py:79:32
   |
77 |                 continue
78 |
79 |             for delta_entry in delta_value:
   |                                ^^^^^^^^^^^
80 |                 if not _is_dict(delta_entry):
81 |                     raise TypeError(
   |
info: It doesn't have an `__iter__` method or a `__getitem__` method
info: rule `not-iterable` is enabled by default

error[not-subscriptable]: Cannot subscript object of type `object` with no `__getitem__` method
   --> plugin/framework/streaming_deltas.py:98:33
    |
 97 |                 try:
 98 |                     acc_entry = acc_value[index]
    |                                 ^^^^^^^^^^^^^^^^
 99 |                 except IndexError:
100 |                     acc_value.insert(index, delta_entry)
    |
info: rule `not-subscriptable` is enabled by default

error[not-subscriptable]: Cannot subscript object of type `object` with no `__getitem__` method
   --> plugin/framework/streaming_deltas.py:98:33
    |
 97 |                 try:
 98 |                     acc_entry = acc_value[index]
    |                                 ^^^^^^^^^^^^^^^^
 99 |                 except IndexError:
100 |                     acc_value.insert(index, delta_entry)
    |
info: rule `not-subscriptable` is enabled by default

error[unresolved-attribute]: Object of type `~None` has no attribute `insert`
   --> plugin/framework/streaming_deltas.py:100:21
    |
 98 |                     acc_entry = acc_value[index]
 99 |                 except IndexError:
100 |                     acc_value.insert(index, delta_entry)
    |                     ^^^^^^^^^^^^^^^^
101 |                 else:
102 |                     if not _is_dict(acc_entry):
    |
info: rule `unresolved-attribute` is enabled by default

error[invalid-assignment]: Object of type `None` is not assignable to `str`
  --> plugin/framework/tool_base.py:48:11
   |
46 |     """
47 |
48 |     name: str = None
   |           ---   ^^^^ Incompatible value of type `None`
   |           |
   |           Declared type
49 |     description: str = ""
50 |     parameters: dict = None
   |
info: rule `invalid-assignment` is enabled by default

error[invalid-assignment]: Object of type `None` is not assignable to `dict[Unknown, Unknown]`
  --> plugin/framework/tool_base.py:50:17
   |
48 |     name: str = None
49 |     description: str = ""
50 |     parameters: dict = None
   |                 ----   ^^^^ Incompatible value of type `None`
   |                 |
   |                 Declared type
51 |     uno_services: list = None
52 |     tier: str = "extended"
   |
info: rule `invalid-assignment` is enabled by default

error[invalid-assignment]: Object of type `None` is not assignable to `list[Unknown]`
  --> plugin/framework/tool_base.py:51:19
   |
49 |     description: str = ""
50 |     parameters: dict = None
51 |     uno_services: list = None
   |                   ----   ^^^^ Incompatible value of type `None`
   |                   |
   |                   Declared type
52 |     tier: str = "extended"
53 |     intent: str = None
   |
info: rule `invalid-assignment` is enabled by default

error[invalid-assignment]: Object of type `None` is not assignable to `str`
  --> plugin/framework/tool_base.py:53:13
   |
51 |     uno_services: list = None
52 |     tier: str = "extended"
53 |     intent: str = None
   |             ---   ^^^^ Incompatible value of type `None`
   |             |
   |             Declared type
54 |     is_mutation: bool = None
55 |     long_running: bool = False
   |
info: rule `invalid-assignment` is enabled by default

error[invalid-assignment]: Object of type `None` is not assignable to `bool`
  --> plugin/framework/tool_base.py:54:18
   |
52 |     tier: str = "extended"
53 |     intent: str = None
54 |     is_mutation: bool = None
   |                  ----   ^^^^ Incompatible value of type `None`
   |                  |
   |                  Declared type
55 |     long_running: bool = False
   |
info: rule `invalid-assignment` is enabled by default

error[invalid-argument-type]: Argument to function `__new__` is incorrect
   --> plugin/framework/tool_registry.py:198:36
    |
196 |             to_exclude = _DEFAULT_EXCLUDE_TIERS
197 |         else:
198 |             to_exclude = frozenset(exclude_tiers) if exclude_tiers else frozenset()
    |                                    ^^^^^^^^^^^^^ Expected `Iterable[Unknown]`, found `~AlwaysFalsy`
199 |
200 |         if active_domain:
    |
info: Matching overload defined here
    --> stdlib/builtins.pyi:3181:9
     |
3179 |     def __new__(cls) -> Self: ...
3180 |     @overload
3181 |     def __new__(cls, iterable: Iterable[_T_co], /) -> Self: ...
     |         ^^^^^^^      ------------------------- Parameter declared here
3182 |     def copy(self) -> frozenset[_T_co]:
3183 |         """Return a shallow copy of a set."""
     |
info: Non-matching overloads for function `__new__`:
info:   [Self](cls) -> Self
info: rule `invalid-argument-type` is enabled by default

error[unresolved-attribute]: Attribute `wait` is not defined on `None` in union `Popen[Unknown] | None`
   --> plugin/framework/worker_pool.py:180:14
    |
179 |     def _wait_for_exit(self):
180 |         rc = self.process.wait()
    |              ^^^^^^^^^^^^^^^^^
181 |         log.debug("Process %s exited with rc=%s", self.args[0] if getattr(self.args, '__len__', lambda: 0)() > 0 else self.args, rc)
182 |         if self.on_exit_cb:
    |
info: rule `unresolved-attribute` is enabled by default

error[invalid-assignment]: Object of type `Unknown` is not assignable to attribute `FeatureURL` on type `Any | Any`
   --> plugin/main.py:395:5
    |
393 |     """Send a FeatureStateEvent to one listener."""
394 |     ev = uno.createUnoStruct("com.sun.star.frame.FeatureStateEvent")
395 |     ev.FeatureURL = url
    |     ^^^^^^^^^^^^^
396 |     command = url.Path
397 |     ev.IsEnabled = True
    |
info: rule `invalid-assignment` is enabled by default

error[invalid-assignment]: Object of type `Literal[True]` is not assignable to attribute `IsEnabled` on type `Any | Any`
   --> plugin/main.py:397:5
    |
395 |     ev.FeatureURL = url
396 |     command = url.Path
397 |     ev.IsEnabled = True
    |     ^^^^^^^^^^^^
398 |     if command in {
399 |         "main.RunFormatTests",
    |
info: rule `invalid-assignment` is enabled by default

error[invalid-assignment]: Object of type `bool` is not assignable to attribute `IsEnabled` on type `Any | Any`
   --> plugin/main.py:404:9
    |
402 |         "main.RunDrawTests",
403 |     }:
404 |         ev.IsEnabled = _tests_bundled()
    |         ^^^^^^^^^^^^
405 |     ev.Requery = False
406 |     if text is not None:
    |
info: rule `invalid-assignment` is enabled by default

error[invalid-assignment]: Object of type `Literal[False]` is not assignable to attribute `Requery` on type `Any | Any`
   --> plugin/main.py:405:5
    |
403 |     }:
404 |         ev.IsEnabled = _tests_bundled()
405 |     ev.Requery = False
    |     ^^^^^^^^^^
406 |     if text is not None:
407 |         ev.State = text
    |
info: rule `invalid-assignment` is enabled by default

error[invalid-assignment]: Object of type `Unknown & ~None` is not assignable to attribute `State` on type `Any | Any`
   --> plugin/main.py:407:9
    |
405 |     ev.Requery = False
406 |     if text is not None:
407 |         ev.State = text
    |         ^^^^^^^^
408 |     listener.statusChanged(ev)
    |
info: rule `invalid-assignment` is enabled by default

error[unresolved-attribute]: Attribute `items` is not defined on `str`, `list[Unknown]`, `None`, `list[str]` in union `str | list[Unknown] | dict[Unknown, Unknown] | ... omitted 7 union elements`
   --> plugin/main.py:449:42
    |
447 |         mod_name = m["name"]
448 |         action_icons = m.get("action_icons", {})
449 |         for action_name, default_icon in action_icons.items():
    |                                          ^^^^^^^^^^^^^^^^^^
450 |             cmd_url = "%s%s.%s" % (_DISPATCH_PROTOCOL, mod_name, action_name)
451 |             # Ask the module for dynamic icon (may override the default)
    |
info: rule `unresolved-attribute` is enabled by default

error[unresolved-attribute]: Attribute `ServiceManager` is not defined on `Any` in union `Any | Any`
   --> plugin/main.py:464:16
    |
462 |         if ctx is None:
463 |             ctx = uno.getComponentContext()
464 |         smgr = ctx.ServiceManager
    |                ^^^^^^^^^^^^^^^^^^
465 |         gp = smgr.createInstanceWithContext(
466 |             "com.sun.star.graphic.GraphicProvider", ctx)
    |
info: rule `unresolved-attribute` is enabled by default

error[unresolved-attribute]: Attribute `ServiceManager` is not defined on `Any` in union `Any | Any`
   --> plugin/main.py:510:16
    |
508 |             return
509 |
510 |         smgr = ctx.ServiceManager
    |                ^^^^^^^^^^^^^^^^^^
511 |
512 |         supplier = smgr.createInstanceWithContext(
    |
info: rule `unresolved-attribute` is enabled by default

error[invalid-method-override]: Invalid override of method `execute`
   --> plugin/main.py:583:9
    |
581 |             self.sm = ctx.ServiceManager
582 |
583 |     def execute(self, args):
    |         ^^^^^^^^^^^^^^^^^^^ Definition is incompatible with `XJob.execute`
584 |         """Called by the Jobs framework on OnStartApp."""
585 |         try:
    |
   ::: .venv/lib/python3.12/site-packages/com/sun/star/task/x_job.pyi:40:9
    |
 38 |     __pyunointerface__: str = 'com.sun.star.task.XJob'
 39 |
 40 |     def execute(self, Arguments: typing.Tuple[NamedValue_a37a0af3, ...]) -> typing.Any:
    |         ------------------------------------------------------------------------------ `XJob.execute` defined here
 41 |         """
 42 |         executes the job synchronously
    |
info: This violates the Liskov Substitution Principle
info: rule `invalid-method-override` is enabled by default

error[invalid-method-override]: Invalid override of method `trigger`
   --> plugin/main.py:591:9
    |
589 |         return ()
590 |
591 |     def trigger(self, args):
    |         ^^^^^^^^^^^^^^^^^^^ Definition is incompatible with `XJobExecutor.trigger`
592 |         bootstrap(self.ctx)
593 |         init_logging(self.ctx)
    |
   ::: .venv/lib/python3.12/site-packages/com/sun/star/task/x_job_executor.pyi:38:9
    |
 36 |     __pyunointerface__: str = 'com.sun.star.task.XJobExecutor'
 37 |
 38 |     def trigger(self, Event: str) -> None:
    |         --------------------------------- `XJobExecutor.trigger` defined here
 39 |         """
 40 |         trigger event to start registered jobs
    |
info: This violates the Liskov Substitution Principle
info: rule `invalid-method-override` is enabled by default

error[unresolved-reference]: Name `XSCRIPTCONTEXT` used when not defined
   --> plugin/main.py:647:15
    |
645 | def main():
646 |     try:
647 |         ctx = XSCRIPTCONTEXT
    |               ^^^^^^^^^^^^^^
648 |     except NameError:
649 |         ctx = officehelper.bootstrap()
    |
info: rule `unresolved-reference` is enabled by default

error[invalid-method-override]: Invalid override of method `initialize`
   --> plugin/main.py:676:9
    |
674 |     # ── XInitialization ──────────────────────────────────────────
675 |
676 |     def initialize(self, args):
    |         ^^^^^^^^^^^^^^^^^^^^^^ Definition is incompatible with `XInitialization.initialize`
677 |         pass
    |
   ::: .venv/lib/python3.12/site-packages/com/sun/star/lang/x_initialization.pyi:40:9
    |
 38 |     __pyunointerface__: str = 'com.sun.star.lang.XInitialization'
 39 |
 40 |     def initialize(self, aArguments: typing.Tuple[object, ...]) -> None:
    |         --------------------------------------------------------------- `XInitialization.initialize` defined here
 41 |         """
 42 |         initializes the object.
    |
info: This violates the Liskov Substitution Principle
info: rule `invalid-method-override` is enabled by default

error[invalid-method-override]: Invalid override of method `supportsService`
   --> plugin/main.py:684:9
    |
682 |         return self.IMPL_NAME
683 |
684 |     def supportsService(self, name):
    |         ^^^^^^^^^^^^^^^^^^^^^^^^^^^ Definition is incompatible with `XServiceInfo.supportsService`
685 |         return name in self.SERVICE_NAMES
    |
   ::: .venv/lib/python3.12/site-packages/com/sun/star/lang/x_service_info.pyi:46:9
    |
 44 |         """
 45 |         ...
 46 |     def supportsService(self, ServiceName: str) -> bool:
    |         ----------------------------------------------- `XServiceInfo.supportsService` defined here
 47 |         """
 48 |         Tests whether the specified service is supported, i.e.
    |
info: This violates the Liskov Substitution Principle
info: rule `invalid-method-override` is enabled by default

error[invalid-method-override]: Invalid override of method `queryDispatch`
   --> plugin/main.py:692:9
    |
690 |     # ── XDispatchProvider ────────────────────────────────────────
691 |
692 |     def queryDispatch(self, url, name, flags):
    |         ^^^^^^^^^^^^^^^^^^^^^^^^^^^^^^^^^^^^^ Definition is incompatible with `XDispatchProvider.queryDispatch`
693 |         if url.Protocol == "org.extension.writeragent:":
694 |             return self
    |
   ::: .venv/lib/python3.12/site-packages/com/sun/star/frame/x_dispatch_provider.pyi:40:9
    |
 38 |     __pyunointerface__: str = 'com.sun.star.frame.XDispatchProvider'
 39 |
 40 |     def queryDispatch(self, URL: URL_57ad07b9, TargetFrameName: str, SearchFlags: int) -> XDispatch_98ff0a9b:
    |         ---------------------------------------------------------------------------------------------------- `XDispatchProvider.queryDispatch` defined here
 41 |         """
 42 |         searches for an XDispatch for the specified URL within the specified target frame.
    |
info: This violates the Liskov Substitution Principle
info: rule `invalid-method-override` is enabled by default

error[invalid-method-override]: Invalid override of method `queryDispatches`
   --> plugin/main.py:697:9
    |
695 |         return None
696 |
697 |     def queryDispatches(self, requests):
    |         ^^^^^^^^^^^^^^^^^^^^^^^^^^^^^^^ Definition is incompatible with `XDispatchProvider.queryDispatches`
698 |         return [self.queryDispatch(r.FeatureURL, r.FrameName,
699 |                                    r.SearchFlags) for r in requests]
    |
   ::: .venv/lib/python3.12/site-packages/com/sun/star/frame/x_dispatch_provider.pyi:45:9
    |
 43 |         """
 44 |         ...
 45 |     def queryDispatches(self, Requests: typing.Tuple[DispatchDescriptor_b280e62, ...]) -> typing.Tuple[XDispatch_98ff0a9b, ...]:
    |         ----------------------------------------------------------------------------------------------------------------------- `XDispatchProvider.queryDispatches` defined here
 46 |         """
 47 |         actually this method is redundant to XDispatchProvider.queryDispatch() to avoid multiple remote calls.
    |
info: This violates the Liskov Substitution Principle
info: rule `invalid-method-override` is enabled by default

error[invalid-method-override]: Invalid override of method `dispatch`
   --> plugin/main.py:703:9
    |
701 |     # ── XDispatch ────────────────────────────────────────────────
702 |
703 |     def dispatch(self, url, args):
    |         ^^^^^^^^^^^^^^^^^^^^^^^^^ Definition is incompatible with `XDispatch.dispatch`
704 |         command = url.Path
705 |         from plugin.framework.dialogs import msgbox
    |
   ::: .venv/lib/python3.12/site-packages/com/sun/star/frame/x_dispatch.pyi:55:9
    |
 53 |         """
 54 |         ...
 55 |     def dispatch(self, URL: URL_57ad07b9, Arguments: typing.Tuple[PropertyValue_c9610c73, ...]) -> None:
    |         ----------------------------------------------------------------------------------------------- `XDispatch.dispatch` defined here
 56 |         """
 57 |         dispatches (executes) a URL
    |
info: This violates the Liskov Substitution Principle
info: rule `invalid-method-override` is enabled by default

error[invalid-method-override]: Invalid override of method `addStatusListener`
   --> plugin/main.py:721:9
    |
719 |             msgbox(self.ctx, _("Dispatch Error"), _(str(e)))
720 |
721 |     def addStatusListener(self, listener, url):
    |         ^^^^^^^^^^^^^^^^^^^^^^^^^^^^^^^^^^^^^^ Definition is incompatible with `XDispatch.addStatusListener`
722 |         with _status_lock:
723 |             _status_listeners.append((listener, url))
    |
   ::: .venv/lib/python3.12/site-packages/com/sun/star/frame/x_dispatch.pyi:46:9
    |
 44 |     __pyunointerface__: str = 'com.sun.star.frame.XDispatch'
 45 |
 46 |     def addStatusListener(self, Control: XStatusListener_e2740d35, URL: URL_57ad07b9) -> None:
    |         ------------------------------------------------------------------------------------- `XDispatch.addStatusListener` defined here
 47 |         """
 48 |         registers a listener of a control for a specific URL at this object to receive status events.
    |
info: This violates the Liskov Substitution Principle
info: rule `invalid-method-override` is enabled by default

error[invalid-method-override]: Invalid override of method `removeStatusListener`
   --> plugin/main.py:733:9
    |
731 |                 log.warning("addStatusListener: failed to fire initial status event for %s: %s", command, e)
732 |
733 |     def removeStatusListener(self, listener, url):
    |         ^^^^^^^^^^^^^^^^^^^^^^^^^^^^^^^^^^^^^^^^^ Definition is incompatible with `XDispatch.removeStatusListener`
734 |         with _status_lock:
735 |             _status_listeners[:] = [
    |
   ::: .venv/lib/python3.12/site-packages/com/sun/star/frame/x_dispatch.pyi:68:9
    |
 66 |         """
 67 |         ...
 68 |     def removeStatusListener(self, Control: XStatusListener_e2740d35, URL: URL_57ad07b9) -> None:
    |         ---------------------------------------------------------------------------------------- `XDispatch.removeStatusListener` defined here
 69 |         """
 70 |         unregisters a listener from a control.
    |
info: This violates the Liskov Substitution Principle
info: rule `invalid-method-override` is enabled by default

error[unresolved-attribute]: Attribute `send_request` is not defined on `None` in union `Unknown | None | ACPConnection`
   --> plugin/modules/agent_backend/acp_backend.py:189:22
    |
188 |         try:
189 |             result = self._conn.send_request("session/new", params, timeout=30)
    |                      ^^^^^^^^^^^^^^^^^^^^^^^
190 |             self._session_id = result.get("sessionId", "") if result else ""
191 |             log.debug(f"ACP session created: {self._session_id}")
    |
info: rule `unresolved-attribute` is enabled by default

error[unresolved-attribute]: Attribute `set_notification_callback` is not defined on `None` in union `Unknown | None | ACPConnection`
   --> plugin/modules/agent_backend/acp_backend.py:387:9
    |
385 |                 self._handle_agent_update(update, queue)
386 |
387 |         self._conn.set_notification_callback(on_notification)
    |         ^^^^^^^^^^^^^^^^^^^^^^^^^^^^^^^^^^^^
388 |
389 |         # Send prompt
    |
info: rule `unresolved-attribute` is enabled by default

error[unresolved-attribute]: Attribute `send_request` is not defined on `None` in union `Unknown | None | ACPConnection`
   --> plugin/modules/agent_backend/acp_backend.py:391:22
    |
389 |         # Send prompt
390 |         try:
391 |             result = self._conn.send_request("session/prompt", {
    |                      ^^^^^^^^^^^^^^^^^^^^^^^
392 |                 "sessionId": self._session_id,
393 |                 "prompt": prompt_blocks,
    |
info: rule `unresolved-attribute` is enabled by default

error[unresolved-attribute]: Attribute `set_notification_callback` is not defined on `None` in union `Unknown | None | ACPConnection`
   --> plugin/modules/agent_backend/acp_backend.py:412:13
    |
410 |                 queue.put(("error", format_error_payload(e)))
411 |         finally:
412 |             self._conn.set_notification_callback(None)
    |             ^^^^^^^^^^^^^^^^^^^^^^^^^^^^^^^^^^^^
413 |             self._prompt_done.set()
    |
info: rule `unresolved-attribute` is enabled by default

error[unresolved-attribute]: Attribute `close` is not defined on `None` in union `Unknown | IO[bytes] | None`
  --> plugin/modules/agent_backend/acp_connection.py:82:17
   |
80 |         if self._proc:
81 |             try:
82 |                 self._proc.stdin.close()
   |                 ^^^^^^^^^^^^^^^^^^^^^^
83 |             except Exception:
84 |                 pass
   |
info: rule `unresolved-attribute` is enabled by default

error[unresolved-attribute]: Attribute `stdin` is not defined on `None` in union `Unknown | None | Popen[bytes]`
   --> plugin/modules/agent_backend/acp_connection.py:125:13
    |
124 |         try:
125 |             self._proc.stdin.write(line.encode("utf-8"))
    |             ^^^^^^^^^^^^^^^^
126 |             self._proc.stdin.flush()
127 |         except (BrokenPipeError, OSError) as e:
    |
info: rule `unresolved-attribute` is enabled by default

error[unresolved-attribute]: Attribute `write` is not defined on `None` in union `Unknown | IO[bytes] | None`
   --> plugin/modules/agent_backend/acp_connection.py:125:13
    |
124 |         try:
125 |             self._proc.stdin.write(line.encode("utf-8"))
    |             ^^^^^^^^^^^^^^^^^^^^^^
126 |             self._proc.stdin.flush()
127 |         except (BrokenPipeError, OSError) as e:
    |
info: rule `unresolved-attribute` is enabled by default

error[unresolved-attribute]: Attribute `stdin` is not defined on `None` in union `Unknown | None | Popen[bytes]`
   --> plugin/modules/agent_backend/acp_connection.py:126:13
    |
124 |         try:
125 |             self._proc.stdin.write(line.encode("utf-8"))
126 |             self._proc.stdin.flush()
    |             ^^^^^^^^^^^^^^^^
127 |         except (BrokenPipeError, OSError) as e:
128 |             with self._lock:
    |
info: rule `unresolved-attribute` is enabled by default

error[unresolved-attribute]: Attribute `flush` is not defined on `None` in union `Unknown | IO[bytes] | None`
   --> plugin/modules/agent_backend/acp_connection.py:126:13
    |
124 |         try:
125 |             self._proc.stdin.write(line.encode("utf-8"))
126 |             self._proc.stdin.flush()
    |             ^^^^^^^^^^^^^^^^^^^^^^
127 |         except (BrokenPipeError, OSError) as e:
128 |             with self._lock:
    |
info: rule `unresolved-attribute` is enabled by default

error[unresolved-attribute]: Attribute `stdin` is not defined on `None` in union `Unknown | None | Popen[bytes]`
   --> plugin/modules/agent_backend/acp_connection.py:159:13
    |
157 |         line = json.dumps(msg) + "\n"
158 |         try:
159 |             self._proc.stdin.write(line.encode("utf-8"))
    |             ^^^^^^^^^^^^^^^^
160 |             self._proc.stdin.flush()
161 |         except Exception:
    |
info: rule `unresolved-attribute` is enabled by default

error[unresolved-attribute]: Attribute `write` is not defined on `None` in union `Unknown | IO[bytes] | None`
   --> plugin/modules/agent_backend/acp_connection.py:159:13
    |
157 |         line = json.dumps(msg) + "\n"
158 |         try:
159 |             self._proc.stdin.write(line.encode("utf-8"))
    |             ^^^^^^^^^^^^^^^^^^^^^^
160 |             self._proc.stdin.flush()
161 |         except Exception:
    |
info: rule `unresolved-attribute` is enabled by default

error[unresolved-attribute]: Attribute `stdin` is not defined on `None` in union `Unknown | None | Popen[bytes]`
   --> plugin/modules/agent_backend/acp_connection.py:160:13
    |
158 |         try:
159 |             self._proc.stdin.write(line.encode("utf-8"))
160 |             self._proc.stdin.flush()
    |             ^^^^^^^^^^^^^^^^
161 |         except Exception:
162 |             pass
    |
info: rule `unresolved-attribute` is enabled by default

error[unresolved-attribute]: Attribute `flush` is not defined on `None` in union `Unknown | IO[bytes] | None`
   --> plugin/modules/agent_backend/acp_connection.py:160:13
    |
158 |         try:
159 |             self._proc.stdin.write(line.encode("utf-8"))
160 |             self._proc.stdin.flush()
    |             ^^^^^^^^^^^^^^^^^^^^^^
161 |         except Exception:
162 |             pass
    |
info: rule `unresolved-attribute` is enabled by default

error[unresolved-attribute]: Attribute `stdin` is not defined on `None` in union `Unknown | None | Popen[bytes]`
   --> plugin/modules/agent_backend/acp_connection.py:179:13
    |
177 |         line = json.dumps(msg) + "\n"
178 |         try:
179 |             self._proc.stdin.write(line.encode("utf-8"))
    |             ^^^^^^^^^^^^^^^^
180 |             self._proc.stdin.flush()
181 |         except Exception as e:
    |
info: rule `unresolved-attribute` is enabled by default

error[unresolved-attribute]: Attribute `write` is not defined on `None` in union `Unknown | IO[bytes] | None`
   --> plugin/modules/agent_backend/acp_connection.py:179:13
    |
177 |         line = json.dumps(msg) + "\n"
178 |         try:
179 |             self._proc.stdin.write(line.encode("utf-8"))
    |             ^^^^^^^^^^^^^^^^^^^^^^
180 |             self._proc.stdin.flush()
181 |         except Exception as e:
    |
info: rule `unresolved-attribute` is enabled by default

error[unresolved-attribute]: Attribute `stdin` is not defined on `None` in union `Unknown | None | Popen[bytes]`
   --> plugin/modules/agent_backend/acp_connection.py:180:13
    |
178 |         try:
179 |             self._proc.stdin.write(line.encode("utf-8"))
180 |             self._proc.stdin.flush()
    |             ^^^^^^^^^^^^^^^^
181 |         except Exception as e:
182 |             log.error(f"Failed to send response: {e}")
    |
info: rule `unresolved-attribute` is enabled by default

error[unresolved-attribute]: Attribute `flush` is not defined on `None` in union `Unknown | IO[bytes] | None`
   --> plugin/modules/agent_backend/acp_connection.py:180:13
    |
178 |         try:
179 |             self._proc.stdin.write(line.encode("utf-8"))
180 |             self._proc.stdin.flush()
    |             ^^^^^^^^^^^^^^^^^^^^^^
181 |         except Exception as e:
182 |             log.error(f"Failed to send response: {e}")
    |
info: rule `unresolved-attribute` is enabled by default

error[unresolved-attribute]: Attribute `readline` is not defined on `None` in union `Unknown | IO[bytes] | None`
   --> plugin/modules/agent_backend/acp_connection.py:193:24
    |
191 |         while self._running and self._proc and self._proc.poll() is None:
192 |             try:
193 |                 line = self._proc.stdout.readline()
    |                        ^^^^^^^^^^^^^^^^^^^^^^^^^^
194 |                 if not line:
195 |                     break
    |
info: rule `unresolved-attribute` is enabled by default

error[invalid-method-override]: Invalid override of method `send`
  --> plugin/modules/agent_backend/builtin.py:30:9
   |
28 |           pass
29 |
30 |       def send(self, queue, user_message, document_context, document_url, **kwargs):
   |           ^^^^^^^^^^^^^^^^^^^^^^^^^^^^^^^^^^^^^^^^^^^^^^^^^^^^^^^^^^^^^^^^^^^^^^^^^ Definition is incompatible with `AgentBackend.send`
31 |           # Should not be called; sidebar branches away when backend is builtin.
32 |           queue.put(("error", format_error_payload(RuntimeError("Built-in backend should not receive send()"))))
   |
  ::: plugin/modules/agent_backend/base.py:38:9
   |
36 |           return True
37 |
38 |       def send(
   |  _________-
39 | |         self,
40 | |         queue,
41 | |         user_message,
42 | |         document_context,
43 | |         document_url,
44 | |         system_prompt=None,
45 | |         mcp_url=None,
46 | |         selection_text=None,
47 | |         stop_checker=None,
48 | |         **kwargs
49 | |     ):
   | |_____- `AgentBackend.send` defined here
50 |           """Run the agent; push events to queue. Block until done or stopped.
   |
info: This violates the Liskov Substitution Principle
info: rule `invalid-method-override` is enabled by default

error[unresolved-attribute]: Attribute `set_notification_callback` is not defined on `None` in union `Unknown | None | ACPConnection`
   --> plugin/modules/agent_backend/vibe_simple.py:122:9
    |
120 |                 self._handle_agent_update(update, queue)
121 |
122 |         self._conn.set_notification_callback(on_notification)
    |         ^^^^^^^^^^^^^^^^^^^^^^^^^^^^^^^^^^^^
123 |
124 |         # Send prompt
    |
info: rule `unresolved-attribute` is enabled by default

error[unresolved-attribute]: Attribute `send_request` is not defined on `None` in union `Unknown | None | ACPConnection`
   --> plugin/modules/agent_backend/vibe_simple.py:126:22
    |
124 |         # Send prompt
125 |         try:
126 |             result = self._conn.send_request("session/prompt", {
    |                      ^^^^^^^^^^^^^^^^^^^^^^^
127 |                 "sessionId": self._session_id,
128 |                 "prompt": prompt_blocks,
    |
info: rule `unresolved-attribute` is enabled by default

error[unresolved-attribute]: Attribute `set_notification_callback` is not defined on `None` in union `Unknown | None | ACPConnection`
   --> plugin/modules/agent_backend/vibe_simple.py:177:13
    |
175 |                 queue.put(("error", format_error_payload(e)))
176 |         finally:
177 |             self._conn.set_notification_callback(None)
    |             ^^^^^^^^^^^^^^^^^^^^^^^^^^^^^^^^^^^^
178 |             self._prompt_done.set()
    |
info: rule `unresolved-attribute` is enabled by default

error[invalid-assignment]: Object of type `Literal[0]` is not assignable to `CellContentTypeProto`
  --> plugin/modules/calc/analyzer.py:31:5
   |
29 |     UNO_AVAILABLE = True
30 | except ImportError:
31 |     EMPTY, VALUE, TEXT, FORMULA = 0, 1, 2, 3
   |     -----                         ^^^^^^^^^^ Incompatible value of type `Literal[0]`
   |     |
   |     Declared type `CellContentTypeProto`
32 |     UNO_AVAILABLE = False
   |
info: rule `invalid-assignment` is enabled by default

error[invalid-assignment]: Object of type `Literal[1]` is not assignable to `CellContentTypeProto`
  --> plugin/modules/calc/analyzer.py:31:12
   |
29 |     UNO_AVAILABLE = True
30 | except ImportError:
31 |     EMPTY, VALUE, TEXT, FORMULA = 0, 1, 2, 3
   |            -----                  ^^^^^^^^^^ Incompatible value of type `Literal[1]`
   |            |
   |            Declared type `CellContentTypeProto`
32 |     UNO_AVAILABLE = False
   |
info: rule `invalid-assignment` is enabled by default

error[invalid-assignment]: Object of type `Literal[2]` is not assignable to `CellContentTypeProto`
  --> plugin/modules/calc/analyzer.py:31:19
   |
29 |     UNO_AVAILABLE = True
30 | except ImportError:
31 |     EMPTY, VALUE, TEXT, FORMULA = 0, 1, 2, 3
   |                   ----            ^^^^^^^^^^ Incompatible value of type `Literal[2]`
   |                   |
   |                   Declared type `CellContentTypeProto`
32 |     UNO_AVAILABLE = False
   |
info: rule `invalid-assignment` is enabled by default

error[invalid-assignment]: Object of type `Literal[3]` is not assignable to `CellContentTypeProto`
  --> plugin/modules/calc/analyzer.py:31:25
   |
29 |     UNO_AVAILABLE = True
30 | except ImportError:
31 |     EMPTY, VALUE, TEXT, FORMULA = 0, 1, 2, 3
   |                         -------   ^^^^^^^^^^ Incompatible value of type `Literal[3]`
   |                         |
   |                         Declared type `CellContentTypeProto`
32 |     UNO_AVAILABLE = False
   |
info: rule `invalid-assignment` is enabled by default

error[invalid-argument-type]: Argument to bound method `set_cell_style` is incorrect
   --> plugin/modules/calc/cells.py:273:47
    |
271 |             return self._tool_error("range_name is required")
272 |         if len(rn) == 1:
273 |             manipulator.set_cell_style(rn[0], **style_kwargs)
    |                                               ^^^^^^^^^^^^^^ Expected `bool`, found `Unknown | None`
274 |             return {"status": "ok", "message": f"Style applied to {rn[0]}"}
275 |         for r in rn:
    |
info: Element `None` of this union is not assignable to `bool`
info: Method defined here
   --> plugin/modules/calc/manipulator.py:410:9
    |
408 |     # ── Style operations ───────────────────────────────────────────────
409 |
410 |     def set_cell_style(
    |         ^^^^^^^^^^^^^^
411 |         self,
412 |         address_or_range: str,
413 |         bold: bool = None,
    |         ----------------- Parameter declared here
414 |         italic: bool = None,
415 |         bg_color: int = None,
    |
info: rule `invalid-argument-type` is enabled by default

error[invalid-argument-type]: Argument to bound method `set_cell_style` is incorrect
   --> plugin/modules/calc/cells.py:273:47
    |
271 |             return self._tool_error("range_name is required")
272 |         if len(rn) == 1:
273 |             manipulator.set_cell_style(rn[0], **style_kwargs)
    |                                               ^^^^^^^^^^^^^^ Expected `bool`, found `Unknown | None`
274 |             return {"status": "ok", "message": f"Style applied to {rn[0]}"}
275 |         for r in rn:
    |
info: Element `None` of this union is not assignable to `bool`
info: Method defined here
   --> plugin/modules/calc/manipulator.py:410:9
    |
408 |     # ── Style operations ───────────────────────────────────────────────
409 |
410 |     def set_cell_style(
    |         ^^^^^^^^^^^^^^
411 |         self,
412 |         address_or_range: str,
413 |         bold: bool = None,
414 |         italic: bool = None,
    |         ------------------- Parameter declared here
415 |         bg_color: int = None,
416 |         font_color: int = None,
    |
info: rule `invalid-argument-type` is enabled by default

error[invalid-argument-type]: Argument to bound method `set_cell_style` is incorrect
   --> plugin/modules/calc/cells.py:273:47
    |
271 |             return self._tool_error("range_name is required")
272 |         if len(rn) == 1:
273 |             manipulator.set_cell_style(rn[0], **style_kwargs)
    |                                               ^^^^^^^^^^^^^^ Expected `int | float`, found `Unknown | None`
274 |             return {"status": "ok", "message": f"Style applied to {rn[0]}"}
275 |         for r in rn:
    |
info: Element `None` of this union is not assignable to `int | float`
info: Method defined here
   --> plugin/modules/calc/manipulator.py:410:9
    |
408 |     # ── Style operations ───────────────────────────────────────────────
409 |
410 |     def set_cell_style(
    |         ^^^^^^^^^^^^^^
411 |         self,
412 |         address_or_range: str,
    |
   ::: plugin/modules/calc/manipulator.py:417:9
    |
415 |         bg_color: int = None,
416 |         font_color: int = None,
417 |         font_size: float = None,
    |         ----------------------- Parameter declared here
418 |         h_align: str = None,
419 |         v_align: str = None,
    |
info: rule `invalid-argument-type` is enabled by default

error[invalid-argument-type]: Argument to bound method `set_cell_style` is incorrect
   --> plugin/modules/calc/cells.py:273:47
    |
271 |             return self._tool_error("range_name is required")
272 |         if len(rn) == 1:
273 |             manipulator.set_cell_style(rn[0], **style_kwargs)
    |                                               ^^^^^^^^^^^^^^ Expected `str`, found `Unknown | None`
274 |             return {"status": "ok", "message": f"Style applied to {rn[0]}"}
275 |         for r in rn:
    |
info: Element `None` of this union is not assignable to `str`
info: Method defined here
   --> plugin/modules/calc/manipulator.py:410:9
    |
408 |     # ── Style operations ───────────────────────────────────────────────
409 |
410 |     def set_cell_style(
    |         ^^^^^^^^^^^^^^
411 |         self,
412 |         address_or_range: str,
    |
   ::: plugin/modules/calc/manipulator.py:418:9
    |
416 |         font_color: int = None,
417 |         font_size: float = None,
418 |         h_align: str = None,
    |         ------------------- Parameter declared here
419 |         v_align: str = None,
420 |         wrap_text: bool = None,
    |
info: rule `invalid-argument-type` is enabled by default

error[invalid-argument-type]: Argument to bound method `set_cell_style` is incorrect
   --> plugin/modules/calc/cells.py:273:47
    |
271 |             return self._tool_error("range_name is required")
272 |         if len(rn) == 1:
273 |             manipulator.set_cell_style(rn[0], **style_kwargs)
    |                                               ^^^^^^^^^^^^^^ Expected `str`, found `Unknown | None`
274 |             return {"status": "ok", "message": f"Style applied to {rn[0]}"}
275 |         for r in rn:
    |
info: Element `None` of this union is not assignable to `str`
info: Method defined here
   --> plugin/modules/calc/manipulator.py:410:9
    |
408 |     # ── Style operations ───────────────────────────────────────────────
409 |
410 |     def set_cell_style(
    |         ^^^^^^^^^^^^^^
411 |         self,
412 |         address_or_range: str,
    |
   ::: plugin/modules/calc/manipulator.py:419:9
    |
417 |         font_size: float = None,
418 |         h_align: str = None,
419 |         v_align: str = None,
    |         ------------------- Parameter declared here
420 |         wrap_text: bool = None,
421 |         border_color: int = None,
    |
info: rule `invalid-argument-type` is enabled by default

error[invalid-argument-type]: Argument to bound method `set_cell_style` is incorrect
   --> plugin/modules/calc/cells.py:273:47
    |
271 |             return self._tool_error("range_name is required")
272 |         if len(rn) == 1:
273 |             manipulator.set_cell_style(rn[0], **style_kwargs)
    |                                               ^^^^^^^^^^^^^^ Expected `bool`, found `Unknown | None`
274 |             return {"status": "ok", "message": f"Style applied to {rn[0]}"}
275 |         for r in rn:
    |
info: Element `None` of this union is not assignable to `bool`
info: Method defined here
   --> plugin/modules/calc/manipulator.py:410:9
    |
408 |     # ── Style operations ───────────────────────────────────────────────
409 |
410 |     def set_cell_style(
    |         ^^^^^^^^^^^^^^
411 |         self,
412 |         address_or_range: str,
    |
   ::: plugin/modules/calc/manipulator.py:420:9
    |
418 |         h_align: str = None,
419 |         v_align: str = None,
420 |         wrap_text: bool = None,
    |         ---------------------- Parameter declared here
421 |         border_color: int = None,
422 |         number_format: str = None,
    |
info: rule `invalid-argument-type` is enabled by default

error[invalid-argument-type]: Argument to bound method `set_cell_style` is incorrect
   --> plugin/modules/calc/cells.py:273:47
    |
271 |             return self._tool_error("range_name is required")
272 |         if len(rn) == 1:
273 |             manipulator.set_cell_style(rn[0], **style_kwargs)
    |                                               ^^^^^^^^^^^^^^ Expected `str`, found `Unknown | None`
274 |             return {"status": "ok", "message": f"Style applied to {rn[0]}"}
275 |         for r in rn:
    |
info: Element `None` of this union is not assignable to `str`
info: Method defined here
   --> plugin/modules/calc/manipulator.py:410:9
    |
408 |     # ── Style operations ───────────────────────────────────────────────
409 |
410 |     def set_cell_style(
    |         ^^^^^^^^^^^^^^
411 |         self,
412 |         address_or_range: str,
    |
   ::: plugin/modules/calc/manipulator.py:422:9
    |
420 |         wrap_text: bool = None,
421 |         border_color: int = None,
422 |         number_format: str = None,
    |         ------------------------- Parameter declared here
423 |     ):
424 |         """Apply style to a cell or range.
    |
info: rule `invalid-argument-type` is enabled by default

error[invalid-argument-type]: Argument to bound method `set_cell_style` is incorrect
   --> plugin/modules/calc/cells.py:276:43
    |
274 |             return {"status": "ok", "message": f"Style applied to {rn[0]}"}
275 |         for r in rn:
276 |             manipulator.set_cell_style(r, **style_kwargs)
    |                                           ^^^^^^^^^^^^^^ Expected `bool`, found `Unknown | None`
277 |         return {
278 |             "status": "ok",
    |
info: Element `None` of this union is not assignable to `bool`
info: Method defined here
   --> plugin/modules/calc/manipulator.py:410:9
    |
408 |     # ── Style operations ───────────────────────────────────────────────
409 |
410 |     def set_cell_style(
    |         ^^^^^^^^^^^^^^
411 |         self,
412 |         address_or_range: str,
413 |         bold: bool = None,
    |         ----------------- Parameter declared here
414 |         italic: bool = None,
415 |         bg_color: int = None,
    |
info: rule `invalid-argument-type` is enabled by default

error[invalid-argument-type]: Argument to bound method `set_cell_style` is incorrect
   --> plugin/modules/calc/cells.py:276:43
    |
274 |             return {"status": "ok", "message": f"Style applied to {rn[0]}"}
275 |         for r in rn:
276 |             manipulator.set_cell_style(r, **style_kwargs)
    |                                           ^^^^^^^^^^^^^^ Expected `bool`, found `Unknown | None`
277 |         return {
278 |             "status": "ok",
    |
info: Element `None` of this union is not assignable to `bool`
info: Method defined here
   --> plugin/modules/calc/manipulator.py:410:9
    |
408 |     # ── Style operations ───────────────────────────────────────────────
409 |
410 |     def set_cell_style(
    |         ^^^^^^^^^^^^^^
411 |         self,
412 |         address_or_range: str,
413 |         bold: bool = None,
414 |         italic: bool = None,
    |         ------------------- Parameter declared here
415 |         bg_color: int = None,
416 |         font_color: int = None,
    |
info: rule `invalid-argument-type` is enabled by default

error[invalid-argument-type]: Argument to bound method `set_cell_style` is incorrect
   --> plugin/modules/calc/cells.py:276:43
    |
274 |             return {"status": "ok", "message": f"Style applied to {rn[0]}"}
275 |         for r in rn:
276 |             manipulator.set_cell_style(r, **style_kwargs)
    |                                           ^^^^^^^^^^^^^^ Expected `int | float`, found `Unknown | None`
277 |         return {
278 |             "status": "ok",
    |
info: Element `None` of this union is not assignable to `int | float`
info: Method defined here
   --> plugin/modules/calc/manipulator.py:410:9
    |
408 |     # ── Style operations ───────────────────────────────────────────────
409 |
410 |     def set_cell_style(
    |         ^^^^^^^^^^^^^^
411 |         self,
412 |         address_or_range: str,
    |
   ::: plugin/modules/calc/manipulator.py:417:9
    |
415 |         bg_color: int = None,
416 |         font_color: int = None,
417 |         font_size: float = None,
    |         ----------------------- Parameter declared here
418 |         h_align: str = None,
419 |         v_align: str = None,
    |
info: rule `invalid-argument-type` is enabled by default

error[invalid-argument-type]: Argument to bound method `set_cell_style` is incorrect
   --> plugin/modules/calc/cells.py:276:43
    |
274 |             return {"status": "ok", "message": f"Style applied to {rn[0]}"}
275 |         for r in rn:
276 |             manipulator.set_cell_style(r, **style_kwargs)
    |                                           ^^^^^^^^^^^^^^ Expected `str`, found `Unknown | None`
277 |         return {
278 |             "status": "ok",
    |
info: Element `None` of this union is not assignable to `str`
info: Method defined here
   --> plugin/modules/calc/manipulator.py:410:9
    |
408 |     # ── Style operations ───────────────────────────────────────────────
409 |
410 |     def set_cell_style(
    |         ^^^^^^^^^^^^^^
411 |         self,
412 |         address_or_range: str,
    |
   ::: plugin/modules/calc/manipulator.py:418:9
    |
416 |         font_color: int = None,
417 |         font_size: float = None,
418 |         h_align: str = None,
    |         ------------------- Parameter declared here
419 |         v_align: str = None,
420 |         wrap_text: bool = None,
    |
info: rule `invalid-argument-type` is enabled by default

error[invalid-argument-type]: Argument to bound method `set_cell_style` is incorrect
   --> plugin/modules/calc/cells.py:276:43
    |
274 |             return {"status": "ok", "message": f"Style applied to {rn[0]}"}
275 |         for r in rn:
276 |             manipulator.set_cell_style(r, **style_kwargs)
    |                                           ^^^^^^^^^^^^^^ Expected `str`, found `Unknown | None`
277 |         return {
278 |             "status": "ok",
    |
info: Element `None` of this union is not assignable to `str`
info: Method defined here
   --> plugin/modules/calc/manipulator.py:410:9
    |
408 |     # ── Style operations ───────────────────────────────────────────────
409 |
410 |     def set_cell_style(
    |         ^^^^^^^^^^^^^^
411 |         self,
412 |         address_or_range: str,
    |
   ::: plugin/modules/calc/manipulator.py:419:9
    |
417 |         font_size: float = None,
418 |         h_align: str = None,
419 |         v_align: str = None,
    |         ------------------- Parameter declared here
420 |         wrap_text: bool = None,
421 |         border_color: int = None,
    |
info: rule `invalid-argument-type` is enabled by default

error[invalid-argument-type]: Argument to bound method `set_cell_style` is incorrect
   --> plugin/modules/calc/cells.py:276:43
    |
274 |             return {"status": "ok", "message": f"Style applied to {rn[0]}"}
275 |         for r in rn:
276 |             manipulator.set_cell_style(r, **style_kwargs)
    |                                           ^^^^^^^^^^^^^^ Expected `bool`, found `Unknown | None`
277 |         return {
278 |             "status": "ok",
    |
info: Element `None` of this union is not assignable to `bool`
info: Method defined here
   --> plugin/modules/calc/manipulator.py:410:9
    |
408 |     # ── Style operations ───────────────────────────────────────────────
409 |
410 |     def set_cell_style(
    |         ^^^^^^^^^^^^^^
411 |         self,
412 |         address_or_range: str,
    |
   ::: plugin/modules/calc/manipulator.py:420:9
    |
418 |         h_align: str = None,
419 |         v_align: str = None,
420 |         wrap_text: bool = None,
    |         ---------------------- Parameter declared here
421 |         border_color: int = None,
422 |         number_format: str = None,
    |
info: rule `invalid-argument-type` is enabled by default

error[invalid-argument-type]: Argument to bound method `set_cell_style` is incorrect
   --> plugin/modules/calc/cells.py:276:43
    |
274 |             return {"status": "ok", "message": f"Style applied to {rn[0]}"}
275 |         for r in rn:
276 |             manipulator.set_cell_style(r, **style_kwargs)
    |                                           ^^^^^^^^^^^^^^ Expected `str`, found `Unknown | None`
277 |         return {
278 |             "status": "ok",
    |
info: Element `None` of this union is not assignable to `str`
info: Method defined here
   --> plugin/modules/calc/manipulator.py:410:9
    |
408 |     # ── Style operations ───────────────────────────────────────────────
409 |
410 |     def set_cell_style(
    |         ^^^^^^^^^^^^^^
411 |         self,
412 |         address_or_range: str,
    |
   ::: plugin/modules/calc/manipulator.py:422:9
    |
420 |         wrap_text: bool = None,
421 |         border_color: int = None,
422 |         number_format: str = None,
    |         ------------------------- Parameter declared here
423 |     ):
424 |         """Apply style to a cell or range.
    |
info: rule `invalid-argument-type` is enabled by default

error[unresolved-import]: Cannot resolve imported module `com.sun.star.sheet.FormulaResult`
  --> plugin/modules/calc/error_detector.py:34:10
   |
32 | try:
33 |     from com.sun.star.table.CellContentType import EMPTY, VALUE, TEXT, FORMULA
34 |     from com.sun.star.sheet.FormulaResult import ERROR as RESULT_ERROR
   |          ^^^^^^^^^^^^^^^^^^^^^^^^^^^^^^^^
35 |     UNO_AVAILABLE = True
36 | except ImportError:
   |
info: Searched in the following paths during module resolution:
info:   1. /home/keithcu/Desktop/Python/writeragent (first-party code)
info:   2. vendored://stdlib (stdlib typeshed stubs vendored by ty)
info:   3. /home/keithcu/Desktop/Python/writeragent/.venv/lib/python3.12/site-packages (site-packages)
info:   4. /usr/lib/python3.14/site-packages (editable install)
info:   5. /usr/lib/libreoffice/program (editable install)
info:   6. /home/keithcu/Desktop/Python/writeragent/.venv/lib64/python3.12/site-packages (site-packages)
info: make sure your Python environment is properly configured: https://docs.astral.sh/ty/modules/#python-environment
info: rule `unresolved-import` is enabled by default

error[invalid-assignment]: Object of type `Literal[0]` is not assignable to `CellContentTypeProto`
  --> plugin/modules/calc/error_detector.py:37:5
   |
35 |     UNO_AVAILABLE = True
36 | except ImportError:
37 |     EMPTY, VALUE, TEXT, FORMULA = 0, 1, 2, 3
   |     -----                         ^^^^^^^^^^ Incompatible value of type `Literal[0]`
   |     |
   |     Declared type `CellContentTypeProto`
38 |     RESULT_ERROR = 4
39 |     UNO_AVAILABLE = False
   |
info: rule `invalid-assignment` is enabled by default

error[invalid-assignment]: Object of type `Literal[1]` is not assignable to `CellContentTypeProto`
  --> plugin/modules/calc/error_detector.py:37:12
   |
35 |     UNO_AVAILABLE = True
36 | except ImportError:
37 |     EMPTY, VALUE, TEXT, FORMULA = 0, 1, 2, 3
   |            -----                  ^^^^^^^^^^ Incompatible value of type `Literal[1]`
   |            |
   |            Declared type `CellContentTypeProto`
38 |     RESULT_ERROR = 4
39 |     UNO_AVAILABLE = False
   |
info: rule `invalid-assignment` is enabled by default

error[invalid-assignment]: Object of type `Literal[2]` is not assignable to `CellContentTypeProto`
  --> plugin/modules/calc/error_detector.py:37:19
   |
35 |     UNO_AVAILABLE = True
36 | except ImportError:
37 |     EMPTY, VALUE, TEXT, FORMULA = 0, 1, 2, 3
   |                   ----            ^^^^^^^^^^ Incompatible value of type `Literal[2]`
   |                   |
   |                   Declared type `CellContentTypeProto`
38 |     RESULT_ERROR = 4
39 |     UNO_AVAILABLE = False
   |
info: rule `invalid-assignment` is enabled by default

error[invalid-assignment]: Object of type `Literal[3]` is not assignable to `CellContentTypeProto`
  --> plugin/modules/calc/error_detector.py:37:25
   |
35 |     UNO_AVAILABLE = True
36 | except ImportError:
37 |     EMPTY, VALUE, TEXT, FORMULA = 0, 1, 2, 3
   |                         -------   ^^^^^^^^^^ Incompatible value of type `Literal[3]`
   |                         |
   |                         Declared type `CellContentTypeProto`
38 |     RESULT_ERROR = 4
39 |     UNO_AVAILABLE = False
   |
info: rule `invalid-assignment` is enabled by default

error[invalid-parameter-default]: Default value of type `None` is not assignable to annotated parameter type `str`
   --> plugin/modules/calc/error_detector.py:185:29
    |
183 |             return {}
184 |
185 |     def detect_errors(self, range_str: str = None) -> list:
    |                             ^^^^^^^^^^^^^^^^^^^^^
186 |         """Detect errors in the specified range or the entire sheet.
    |
info: rule `invalid-parameter-default` is enabled by default

error[invalid-parameter-default]: Default value of type `None` is not assignable to annotated parameter type `str`
   --> plugin/modules/calc/error_detector.py:301:34
    |
299 |             raise ToolExecutionError(str(e)) from e
300 |
301 |     def detect_and_explain(self, range_str: str = None) -> dict:
    |                                  ^^^^^^^^^^^^^^^^^^^^^
302 |         """Detect formula errors in a range and return them with explanations.
    |
info: rule `invalid-parameter-default` is enabled by default

error[invalid-argument-type]: Argument to bound method `detect_and_explain` is incorrect
  --> plugin/modules/calc/formulas.py:84:56
   |
82 |             }
83 |         else:
84 |             result = error_detector.detect_and_explain(range_str=rn)
   |                                                        ^^^^^^^^^^^^ Expected `str`, found `None | (Unknown & ~str) | list[Unknown & str] | list[Unknown]`
85 |             return {"status": "ok", "result": result}
   |
info: Union element `None`, and 2 more union elements, are not assignable to `str`
info: Method defined here
   --> plugin/modules/calc/error_detector.py:301:9
    |
299 |             raise ToolExecutionError(str(e)) from e
300 |
301 |     def detect_and_explain(self, range_str: str = None) -> dict:
    |         ^^^^^^^^^^^^^^^^^^       --------------------- Parameter declared here
302 |         """Detect formula errors in a range and return them with explanations.
    |
info: rule `invalid-argument-type` is enabled by default

error[invalid-assignment]: Object of type `Literal[0]` is not assignable to `CellContentTypeProto`
  --> plugin/modules/calc/inspector.py:33:5
   |
31 |     UNO_AVAILABLE = True
32 | except ImportError:
33 |     EMPTY, VALUE, TEXT, FORMULA = 0, 1, 2, 3
   |     -----                         ^^^^^^^^^^ Incompatible value of type `Literal[0]`
   |     |
   |     Declared type `CellContentTypeProto`
34 |     UNO_AVAILABLE = False
   |
info: rule `invalid-assignment` is enabled by default

error[invalid-assignment]: Object of type `Literal[1]` is not assignable to `CellContentTypeProto`
  --> plugin/modules/calc/inspector.py:33:12
   |
31 |     UNO_AVAILABLE = True
32 | except ImportError:
33 |     EMPTY, VALUE, TEXT, FORMULA = 0, 1, 2, 3
   |            -----                  ^^^^^^^^^^ Incompatible value of type `Literal[1]`
   |            |
   |            Declared type `CellContentTypeProto`
34 |     UNO_AVAILABLE = False
   |
info: rule `invalid-assignment` is enabled by default

error[invalid-assignment]: Object of type `Literal[2]` is not assignable to `CellContentTypeProto`
  --> plugin/modules/calc/inspector.py:33:19
   |
31 |     UNO_AVAILABLE = True
32 | except ImportError:
33 |     EMPTY, VALUE, TEXT, FORMULA = 0, 1, 2, 3
   |                   ----            ^^^^^^^^^^ Incompatible value of type `Literal[2]`
   |                   |
   |                   Declared type `CellContentTypeProto`
34 |     UNO_AVAILABLE = False
   |
info: rule `invalid-assignment` is enabled by default

error[invalid-assignment]: Object of type `Literal[3]` is not assignable to `CellContentTypeProto`
  --> plugin/modules/calc/inspector.py:33:25
   |
31 |     UNO_AVAILABLE = True
32 | except ImportError:
33 |     EMPTY, VALUE, TEXT, FORMULA = 0, 1, 2, 3
   |                         -------   ^^^^^^^^^^ Incompatible value of type `Literal[3]`
   |                         |
   |                         Declared type `CellContentTypeProto`
34 |     UNO_AVAILABLE = False
   |
info: rule `invalid-assignment` is enabled by default

error[invalid-parameter-default]: Default value of type `None` is not assignable to annotated parameter type `str`
   --> plugin/modules/calc/inspector.py:225:32
    |
223 |             raise ToolExecutionError(str(e)) from e
224 |
225 |     def get_all_formulas(self, sheet_name: str = None) -> list[dict]:
    |                                ^^^^^^^^^^^^^^^^^^^^^^
226 |         """List all formulas in a sheet.
    |
info: rule `invalid-parameter-default` is enabled by default

error[missing-argument]: No argument provided for required parameter `ctx` of bound method `__init__`
  --> plugin/modules/calc/legacy.py:77:14
   |
75 |         return
76 |
77 |     client = LlmClient(api_config)
   |              ^^^^^^^^^^^^^^^^^^^^^
78 |     task_index = [0]
   |
info: Parameter declared here
  --> plugin/modules/http/client.py:62:32
   |
60 |     """LLM API client. Takes config dict from get_api_config(ctx) and UNO ctx."""
61 |
62 |     def __init__(self, config, ctx):
   |                                ^^^
63 |         self.config = config
64 |         self.ctx = ctx
   |
info: rule `missing-argument` is enabled by default

error[unresolved-import]: Cannot resolve imported module `com.sun.star.awt.FontWeight`
   --> plugin/modules/calc/manipulator.py:220:18
    |
218 |         """Apply common style properties to a cell or range object."""
219 |         if bold is not None:
220 |             from com.sun.star.awt.FontWeight import BOLD, NORMAL
    |                  ^^^^^^^^^^^^^^^^^^^^^^^^^^^
221 |             obj.setPropertyValue("CharWeight", BOLD if bold else NORMAL)
    |
info: Searched in the following paths during module resolution:
info:   1. /home/keithcu/Desktop/Python/writeragent (first-party code)
info:   2. vendored://stdlib (stdlib typeshed stubs vendored by ty)
info:   3. /home/keithcu/Desktop/Python/writeragent/.venv/lib/python3.12/site-packages (site-packages)
info:   4. /usr/lib/python3.14/site-packages (editable install)
info:   5. /usr/lib/libreoffice/program (editable install)
info:   6. /home/keithcu/Desktop/Python/writeragent/.venv/lib64/python3.12/site-packages (site-packages)
info: make sure your Python environment is properly configured: https://docs.astral.sh/ty/modules/#python-environment
info: rule `unresolved-import` is enabled by default

error[invalid-assignment]: Invalid assignment to data descriptor attribute `Color` on type `BorderLine` with custom `__set__` method
   --> plugin/modules/calc/manipulator.py:269:9
    |
268 |         line = BorderLine()
269 |         line.Color = color
    |         ^^^^^^^^^^
270 |         line.OuterLineWidth = 50  # 1/100 mm; 50 == 0.5 mm
    |
info: rule `invalid-assignment` is enabled by default

error[invalid-parameter-default]: Default value of type `None` is not assignable to annotated parameter type `bool`
   --> plugin/modules/calc/manipulator.py:413:9
    |
411 |         self,
412 |         address_or_range: str,
413 |         bold: bool = None,
    |         ^^^^^^^^^^^^^^^^^
414 |         italic: bool = None,
415 |         bg_color: int = None,
    |
info: rule `invalid-parameter-default` is enabled by default

error[invalid-parameter-default]: Default value of type `None` is not assignable to annotated parameter type `bool`
   --> plugin/modules/calc/manipulator.py:414:9
    |
412 |         address_or_range: str,
413 |         bold: bool = None,
414 |         italic: bool = None,
    |         ^^^^^^^^^^^^^^^^^^^
415 |         bg_color: int = None,
416 |         font_color: int = None,
    |
info: rule `invalid-parameter-default` is enabled by default

error[invalid-parameter-default]: Default value of type `None` is not assignable to annotated parameter type `int`
   --> plugin/modules/calc/manipulator.py:415:9
    |
413 |         bold: bool = None,
414 |         italic: bool = None,
415 |         bg_color: int = None,
    |         ^^^^^^^^^^^^^^^^^^^^
416 |         font_color: int = None,
417 |         font_size: float = None,
    |
info: rule `invalid-parameter-default` is enabled by default

error[invalid-parameter-default]: Default value of type `None` is not assignable to annotated parameter type `int`
   --> plugin/modules/calc/manipulator.py:416:9
    |
414 |         italic: bool = None,
415 |         bg_color: int = None,
416 |         font_color: int = None,
    |         ^^^^^^^^^^^^^^^^^^^^^^
417 |         font_size: float = None,
418 |         h_align: str = None,
    |
info: rule `invalid-parameter-default` is enabled by default

error[invalid-parameter-default]: Default value of type `None` is not assignable to annotated parameter type `int | float`
   --> plugin/modules/calc/manipulator.py:417:9
    |
415 |         bg_color: int = None,
416 |         font_color: int = None,
417 |         font_size: float = None,
    |         ^^^^^^^^^^^^^^^^^^^^^^^
418 |         h_align: str = None,
419 |         v_align: str = None,
    |
info: rule `invalid-parameter-default` is enabled by default

error[invalid-parameter-default]: Default value of type `None` is not assignable to annotated parameter type `str`
   --> plugin/modules/calc/manipulator.py:418:9
    |
416 |         font_color: int = None,
417 |         font_size: float = None,
418 |         h_align: str = None,
    |         ^^^^^^^^^^^^^^^^^^^
419 |         v_align: str = None,
420 |         wrap_text: bool = None,
    |
info: rule `invalid-parameter-default` is enabled by default

error[invalid-parameter-default]: Default value of type `None` is not assignable to annotated parameter type `str`
   --> plugin/modules/calc/manipulator.py:419:9
    |
417 |         font_size: float = None,
418 |         h_align: str = None,
419 |         v_align: str = None,
    |         ^^^^^^^^^^^^^^^^^^^
420 |         wrap_text: bool = None,
421 |         border_color: int = None,
    |
info: rule `invalid-parameter-default` is enabled by default

error[invalid-parameter-default]: Default value of type `None` is not assignable to annotated parameter type `bool`
   --> plugin/modules/calc/manipulator.py:420:9
    |
418 |         h_align: str = None,
419 |         v_align: str = None,
420 |         wrap_text: bool = None,
    |         ^^^^^^^^^^^^^^^^^^^^^^
421 |         border_color: int = None,
422 |         number_format: str = None,
    |
info: rule `invalid-parameter-default` is enabled by default

error[invalid-parameter-default]: Default value of type `None` is not assignable to annotated parameter type `int`
   --> plugin/modules/calc/manipulator.py:421:9
    |
419 |         v_align: str = None,
420 |         wrap_text: bool = None,
421 |         border_color: int = None,
    |         ^^^^^^^^^^^^^^^^^^^^^^^^
422 |         number_format: str = None,
423 |     ):
    |
info: rule `invalid-parameter-default` is enabled by default

error[invalid-parameter-default]: Default value of type `None` is not assignable to annotated parameter type `str`
   --> plugin/modules/calc/manipulator.py:422:9
    |
420 |         wrap_text: bool = None,
421 |         border_color: int = None,
422 |         number_format: str = None,
    |         ^^^^^^^^^^^^^^^^^^^^^^^^^
423 |     ):
424 |         """Apply style to a cell or range.
    |
info: rule `invalid-parameter-default` is enabled by default

error[unresolved-reference]: Name `logger` used when not defined
  --> plugin/modules/calc/navigation.py:50:17
   |
48 |                 entry["content"] = nr.getContent()
49 |             except Exception as e:
50 |                 logger.debug("list_named_ranges getContent error for %s: %s", entry["name"], e)
   |                 ^^^^^^
51 |             try:
52 |                 ra = nr.getReferredCells().getRangeAddress()
   |
info: rule `unresolved-reference` is enabled by default

error[unresolved-reference]: Name `logger` used when not defined
  --> plugin/modules/calc/navigation.py:55:17
   |
53 |                 entry["range"] = _range_address_str(ra)
54 |             except Exception as e:
55 |                 logger.debug("list_named_ranges getRangeAddress error for %s: %s", entry["name"], e)
   |                 ^^^^^^
56 |             result.append(entry)
57 |         return {
   |
info: rule `unresolved-reference` is enabled by default

error[invalid-argument-type]: Argument to bound method `__init__` is incorrect
   --> plugin/modules/calc/specialized.py:183:17
    |
182 |             agent = ToolCallingAgent(
183 |                 tools=smol_tools,
    |                 ^^^^^^^^^^^^^^^^ Expected `list[Tool]`, found `list[WrappedSmolTool]`
184 |                 model=smol_model,
185 |                 max_steps=10,
    |
info: Method defined here
    --> plugin/contrib/smolagents/agents.py:1297:9
     |
1295 |     """
1296 |
1297 |     def __init__(
     |         ^^^^^^^^
1298 |         self,
1299 |         tools: list[Tool],
     |         ----------------- Parameter declared here
1300 |         model: Model,
1301 |         prompt_templates: PromptTemplates | None = None,
     |
info: `list` is invariant in its type parameter
info: Consider using the covariant supertype `collections.abc.Sequence`
info: For more information, see https://docs.astral.sh/ty/reference/typing-faq/#invariant-generics
info: rule `invalid-argument-type` is enabled by default

error[not-iterable]: Object of type `Any | RunResult` may not be iterable
   --> plugin/modules/calc/specialized.py:192:25
    |
190 |             final_ans = None
191 |
192 |             for step in agent.run(task, stream=True):
    |                         ^^^^^^^^^^^^^^^^^^^^^^^^^^^^
193 |                 if stop_checker and stop_checker():
194 |                     return format_error_payload(ToolExecutionError("Specialized task stopped by user.", code="USER_STOPPED"))
    |
info: It may not have an `__iter__` method or a `__getitem__` method
info: rule `not-iterable` is enabled by default

error[invalid-argument-type]: Argument to bound method `run` is incorrect
   --> plugin/modules/calc/specialized.py:192:35
    |
190 |             final_ans = None
191 |
192 |             for step in agent.run(task, stream=True):
    |                                   ^^^^ Expected `str`, found `Unknown | None`
193 |                 if stop_checker and stop_checker():
194 |                     return format_error_payload(ToolExecutionError("Specialized task stopped by user.", code="USER_STOPPED"))
    |
info: Element `None` of this union is not assignable to `str`
info: Method defined here
   --> plugin/contrib/smolagents/agents.py:503:9
    |
501 |         self.step_callbacks.register(ActionStep, self.monitor.update_metrics)
502 |
503 |     def run(
    |         ^^^
504 |         self,
505 |         task: str,
    |         --------- Parameter declared here
506 |         stream: bool = False,
507 |         reset: bool = True,
    |
info: rule `invalid-argument-type` is enabled by default

error[unresolved-import]: Cannot resolve imported module `deal`
 --> plugin/modules/chatbot/audio_recorder_state.py:7:12
  |
6 | try:
7 |     import deal
  |            ^^^^
8 | except ImportError:
9 |     class _DummyDeal:
  |
info: Searched in the following paths during module resolution:
info:   1. /home/keithcu/Desktop/Python/writeragent (first-party code)
info:   2. vendored://stdlib (stdlib typeshed stubs vendored by ty)
info:   3. /home/keithcu/Desktop/Python/writeragent/.venv/lib/python3.12/site-packages (site-packages)
info:   4. /usr/lib/python3.14/site-packages (editable install)
info:   5. /usr/lib/libreoffice/program (editable install)
info:   6. /home/keithcu/Desktop/Python/writeragent/.venv/lib64/python3.12/site-packages (site-packages)
info: make sure your Python environment is properly configured: https://docs.astral.sh/ty/modules/#python-environment
info: rule `unresolved-import` is enabled by default

error[invalid-assignment]: Object of type `None` is not assignable to `<module 'sqlite3'>`
  --> plugin/modules/chatbot/history_db.py:25:5
   |
23 |     HAS_SQLITE = True
24 | except ImportError:
25 |     sqlite3 = None  # type: ignore[assignment]
   |     -------   ^^^^ Incompatible value of type `None`
   |     |
   |     Declared type `<module 'sqlite3'>`
26 |     HAS_SQLITE = False
   |
info: rule `invalid-assignment` is enabled by default

error[invalid-method-override]: Invalid override of method `execute`
   --> plugin/modules/chatbot/librarian.py:101:9
    |
 99 |         return True
100 |
101 |     def execute(self, ctx, query, history_text=None):
    |         ^^^^^^^^^^^^^^^^^^^^^^^^^^^^^^^^^^^^^^^^^^^^ Definition is incompatible with `ToolBase.execute`
102 |         from plugin.framework.errors import format_error_payload, ToolExecutionError
    |
   ::: plugin/framework/tool_base.py:96:9
    |
 95 |     @abstractmethod
 96 |     def execute(self, ctx, **kwargs):
    |         ---------------------------- `ToolBase.execute` defined here
 97 |         """Execute the tool.
    |
info: This violates the Liskov Substitution Principle
info: rule `invalid-method-override` is enabled by default

error[invalid-argument-type]: Argument to bound method `__init__` is incorrect
   --> plugin/modules/chatbot/librarian.py:159:17
    |
157 |   """
158 |               agent = ToolCallingAgent(
159 | /                 tools=[
160 | |                     SmolToolAdapter(MemoryTool(), ctx),
161 | |                     SmolToolAdapter(SwitchToDocumentModeTool(), ctx)
162 | |                 ],
    | |_________________^ Expected `list[Tool]`, found `list[Tool | SmolToolAdapter]`
163 |                   model=smol_model,
164 |                   max_steps=10,
    |
info: Method defined here
    --> plugin/contrib/smolagents/agents.py:1297:9
     |
1295 |     """
1296 |
1297 |     def __init__(
     |         ^^^^^^^^
1298 |         self,
1299 |         tools: list[Tool],
     |         ----------------- Parameter declared here
1300 |         model: Model,
1301 |         prompt_templates: PromptTemplates | None = None,
     |
info: rule `invalid-argument-type` is enabled by default

error[not-iterable]: Object of type `Any | RunResult` may not be iterable
   --> plugin/modules/chatbot/librarian.py:174:25
    |
172 |             switch_mode_requested = False
173 |
174 |             for step in agent.run(task, stream=True):
    |                         ^^^^^^^^^^^^^^^^^^^^^^^^^^^^
175 |                 if stop_checker and stop_checker():
176 |                     return format_error_payload(ToolExecutionError("Librarian stopped by user.", code="USER_STOPPED"))
    |
info: It may not have an `__iter__` method or a `__getitem__` method
info: rule `not-iterable` is enabled by default

error[invalid-assignment]: Object of type `None` is not assignable to `<class 'AudioRecorder'>`
  --> plugin/modules/chatbot/panel.py:43:5
   |
41 |     HAS_RECORDING = True
42 | except ImportError:
43 |     AudioRecorder = None  # type: ignore[misc, assignment]
   |     -------------   ^^^^ Incompatible value of type `None`
   |     |
   |     Declared type `<class 'AudioRecorder'>`
44 |     HAS_RECORDING = False
   |
info: Implicit shadowing of class `AudioRecorder`, add an annotation to make it explicit if this is intentional
info: rule `invalid-assignment` is enabled by default

error[invalid-assignment]: Invalid subscript assignment with key of type `Literal["content"]` and value of type `None` on object of type `dict[str, str]`
  --> plugin/modules/chatbot/panel.py:91:13
   |
89 |             msg["content"] = content
90 |         else:
91 |             msg["content"] = None
   |             ^^^^^^^^^^^^^^^^^----
   |                              |
   |                              Expected value of type `str`, got `None`
92 |         if tool_calls:
93 |             msg["tool_calls"] = tool_calls
   |
info: rule `invalid-assignment` is enabled by default

error[invalid-method-override]: Invalid override of method `begin_inline_web_approval`
   --> plugin/modules/chatbot/panel.py:268:9
    |
266 |         self.client = None # Force client recreation if needed, though they usually share same config
267 |
268 |     def begin_inline_web_approval(self, query_for_engine, tool_name, event_obj):
    |         ^^^^^^^^^^^^^^^^^^^^^^^^^^^^^^^^^^^^^^^^^^^^^^^^^^^^^^^^^^^^^^^^^^^^^^^ Definition is incompatible with `ToolCallingMixin.begin_inline_web_approval`
269 |         """Replace Send/Stop/Clear with Accept/Change/Reject (all enabled). Unblock ``event_obj`` when user chooses.
    |
   ::: plugin/modules/chatbot/tool_loop.py:938:9
    |
936 |         )
937 |
938 |     def begin_inline_web_approval(self, description, tool_name, event_obj):
    |         ------------------------------------------------------------------ `ToolCallingMixin.begin_inline_web_approval` defined here
939 |         """Override on ``SendButtonListener`` for real UI. Default: auto-approve (tests / no panel)."""
940 |         if event_obj is not None:
    |
info: This violates the Liskov Substitution Principle
info: rule `invalid-method-override` is enabled by default

error[invalid-method-override]: Invalid override of method `on_action_performed`
   --> plugin/modules/chatbot/panel.py:631:9
    |
631 |     def on_action_performed(self, evt):
    |         ^^^^^^^^^^^^^^^^^^^^^^^^^^^^^^ Definition is incompatible with `BaseActionListener.on_action_performed`
632 |         from plugin.framework.i18n import _
633 |         if getattr(self, "_approval_event", None) is not None and self.send_control and self.send_control.getModel():
    |
   ::: plugin/framework/listeners.py:63:9
    |
 61 |         self.on_action_performed(ev)
 62 |
 63 |     def on_action_performed(self, ev):
    |         ----------------------------- `BaseActionListener.on_action_performed` defined here
 64 |         """Override this method to handle the action event."""
 65 |         pass
    |
info: This violates the Liskov Substitution Principle
info: rule `invalid-method-override` is enabled by default

error[invalid-method-override]: Invalid override of method `disposing`
   --> plugin/modules/chatbot/panel.py:821:9
    |
819 |     # _start_simple_stream_async is provided by ToolCallingMixin.
820 |
821 |     def disposing(self, evt):
    |         ^^^^^^^^^^^^^^^^^^^^ Definition is incompatible with `BaseListener.disposing`
822 |         try:
823 |             from plugin.framework.event_bus import global_event_bus
    |
   ::: plugin/framework/listeners.py:51:9
    |
 49 |     """Base UNO listener providing empty disposing()."""
 50 |
 51 |     def disposing(self, Source):
    |         ----------------------- `BaseListener.disposing` defined here
 52 |         """Required by XEventListener interface."""
 53 |         pass
    |
info: This violates the Liskov Substitution Principle
info: rule `invalid-method-override` is enabled by default

error[invalid-method-override]: Invalid override of method `on_action_performed`
   --> plugin/modules/chatbot/panel.py:840:9
    |
838 |         self.send_listener = send_listener
839 |
840 |     def on_action_performed(self, evt):
    |         ^^^^^^^^^^^^^^^^^^^^^^^^^^^^^^ Definition is incompatible with `BaseActionListener.on_action_performed`
841 |         if self.send_listener and getattr(self.send_listener, "_approval_event", None) is not None:
842 |             from plugin.framework.i18n import _
    |
   ::: plugin/framework/listeners.py:63:9
    |
 61 |         self.on_action_performed(ev)
 62 |
 63 |     def on_action_performed(self, ev):
    |         ----------------------------- `BaseActionListener.on_action_performed` defined here
 64 |         """Override this method to handle the action event."""
 65 |         pass
    |
info: This violates the Liskov Substitution Principle
info: rule `invalid-method-override` is enabled by default

error[invalid-method-override]: Invalid override of method `on_action_performed`
   --> plugin/modules/chatbot/panel.py:887:9
    |
885 |             self.greeting = greeting
886 |
887 |     def on_action_performed(self, evt):
    |         ^^^^^^^^^^^^^^^^^^^^^^^^^^^^^^ Definition is incompatible with `BaseActionListener.on_action_performed`
888 |         if self.send_listener and getattr(self.send_listener, "_approval_event", None) is not None:
889 |             self.send_listener._finish_inline_web_approval(False)
    |
   ::: plugin/framework/listeners.py:63:9
    |
 61 |         self.on_action_performed(ev)
 62 |
 63 |     def on_action_performed(self, ev):
    |         ----------------------------- `BaseActionListener.on_action_performed` defined here
 64 |         """Override this method to handle the action event."""
 65 |         pass
    |
info: This violates the Liskov Substitution Principle
info: rule `invalid-method-override` is enabled by default

error[unresolved-import]: Cannot resolve imported module `com.sun.star.ui.UIElementType`
  --> plugin/modules/chatbot/panel_factory.py:70:6
   |
69 | from com.sun.star.ui import XUIElementFactory, XUIElement, XToolPanel, XSidebarPanel
70 | from com.sun.star.ui.UIElementType import TOOLPANEL
   |      ^^^^^^^^^^^^^^^^^^^^^^^^^^^^^
71 | from plugin.framework.listeners import BaseItemListener
72 | from com.sun.star.awt import XItemListener
   |
info: Searched in the following paths during module resolution:
info:   1. /home/keithcu/Desktop/Python/writeragent (first-party code)
info:   2. vendored://stdlib (stdlib typeshed stubs vendored by ty)
info:   3. /home/keithcu/Desktop/Python/writeragent/.venv/lib/python3.12/site-packages (site-packages)
info:   4. /usr/lib/python3.14/site-packages (editable install)
info:   5. /usr/lib/libreoffice/program (editable install)
info:   6. /home/keithcu/Desktop/Python/writeragent/.venv/lib64/python3.12/site-packages (site-packages)
info: make sure your Python environment is properly configured: https://docs.astral.sh/ty/modules/#python-environment
info: rule `unresolved-import` is enabled by default

error[invalid-method-override]: Invalid override of method `createAccessible`
   --> plugin/modules/chatbot/panel_factory.py:151:9
    |
149 |         return self.Window
150 |
151 |     def createAccessible(self, parent_accessible):
    |         ^^^^^^^^^^^^^^^^^^^^^^^^^^^^^^^^^^^^^^^^^ Definition is incompatible with `XToolPanel.createAccessible`
152 |         return self.PanelWindow
    |
   ::: .venv/lib/python3.12/site-packages/com/sun/star/ui/x_tool_panel.pyi:39:9
    |
 37 |     __pyunointerface__: str = 'com.sun.star.ui.XToolPanel'
 38 |
 39 |     def createAccessible(self, ParentAccessible: XAccessible_1cbc0eb6) -> XAccessible_1cbc0eb6:
    |         -------------------------------------------------------------------------------------- `XToolPanel.createAccessible` defined here
 40 |         """
 41 |         creates the root of the Accessibility object tree for the tool panel
    |
info: This violates the Liskov Substitution Principle
info: rule `invalid-method-override` is enabled by default

error[invalid-method-override]: Invalid override of method `getHeightForWidth`
   --> plugin/modules/chatbot/panel_factory.py:154:9
    |
152 |         return self.PanelWindow
153 |
154 |     def getHeightForWidth(self, width):
    |         ^^^^^^^^^^^^^^^^^^^^^^^^^^^^^^ Definition is incompatible with `XSidebarPanel.getHeightForWidth`
155 |         # LayoutSize(Minimum, Maximum, Preferred) — IDL field order.
156 |         # Maximum=-1 means unbounded; the sidebar gives all remaining height
    |
   ::: .venv/lib/python3.12/site-packages/com/sun/star/ui/x_sidebar_panel.pyi:38:9
    |
 36 |     __pyunointerface__: str = 'com.sun.star.ui.XSidebarPanel'
 37 |
 38 |     def getHeightForWidth(self, nWidth: int) -> LayoutSize_84cd09ff:
    |         ----------------------------------------------------------- `XSidebarPanel.getHeightForWidth` defined here
 39 |         """
 40 |         For a given width of the container the layouter asks every ui element for its optimal height.
    |
info: This violates the Liskov Substitution Principle
info: rule `invalid-method-override` is enabled by default

error[invalid-method-override]: Invalid override of method `createUIElement`
   --> plugin/modules/chatbot/panel_factory.py:684:9
    |
682 |         self.ctx = ctx
683 |
684 |     def createUIElement(self, resource_url, args):
    |         ^^^^^^^^^^^^^^^^^^^^^^^^^^^^^^^^^^^^^^^^^ Definition is incompatible with `XUIElementFactory.createUIElement`
685 |         log.debug("createUIElement: %s" % resource_url)
686 |         if "ChatPanel" not in resource_url:
    |
   ::: .venv/lib/python3.12/site-packages/com/sun/star/ui/xui_element_factory.pyi:47:9
    |
 45 |     __pyunointerface__: str = 'com.sun.star.ui.XUIElementFactory'
 46 |
 47 |     def createUIElement(self, ResourceURL: str, Args: typing.Tuple[PropertyValue_c9610c73, ...]) -> XUIElement_820509a6:
    |         --------------------------------------------------------------------------------------------------------------- `XUIElementFactory.createUIElement` defined here
 48 |         """
 49 |         creates a new instances of a specific user interface element.
    |
info: This violates the Liskov Substitution Principle
info: rule `invalid-method-override` is enabled by default

error[invalid-method-override]: Invalid override of method `on_window_resized`
   --> plugin/modules/chatbot/panel_resize.py:64:9
    |
 62 |             self._in_relayout = False
 63 |
 64 |     def on_window_resized(self, evt):
    |         ^^^^^^^^^^^^^^^^^^^^^^^^^^^^ Definition is incompatible with `BaseWindowListener.on_window_resized`
 65 |         r = evt.Source.getPosSize()
 66 |         log.debug("windowResized: W=%d H=%d" % (r.Width, r.Height))
    |
   ::: plugin/framework/listeners.py:111:9
    |
109 |         self.on_window_hidden(ev)
110 |
111 |     def on_window_resized(self, ev):
    |         --------------------------- `BaseWindowListener.on_window_resized` defined here
112 |         pass
    |
info: This violates the Liskov Substitution Principle
info: rule `invalid-method-override` is enabled by default

error[unsupported-operator]: Unsupported `-` operation
   --> plugin/modules/chatbot/panel_resize.py:194:30
    |
192 |         bottom_top_new = None
193 |         if bottom_top_initial is not None and bottom_bottom_initial is not None:
194 |             cluster_height = bottom_bottom_initial - bottom_top_initial
    |                              ---------------------^^^------------------
    |                              |
    |                              Both operands have type `(Unknown & ~None) | dict[Unknown, Unknown]`
195 |             # Keep a small fixed margin from the true bottom so controls are visually "at the bottom".
196 |             bottom_margin = 10
    |
info: rule `unsupported-operator` is enabled by default

error[unsupported-operator]: Unsupported `+` operation
   --> plugin/modules/chatbot/panel_resize.py:199:28
    |
197 |             candidate = h - bottom_margin - cluster_height
198 |             # Never push the bottom controls above the original gap below the response.
199 |             min_from_gap = resp_bottom + gap_below_response
    |                            -----------^^^------------------
    |                            |
    |                            Both operands have type `Unknown | dict[Unknown, Unknown]`
200 |             bottom_top_new = max(min_from_gap, candidate)
    |
info: rule `unsupported-operator` is enabled by default

error[unsupported-operator]: Unsupported `<` operation
   --> plugin/modules/chatbot/panel_resize.py:300:16
    |
298 |             rx, ry, rw, rh = resp_orig
299 |             gap = gap_below_response
300 |             if gap < 0:
    |                ---^^^-
    |                |     |
    |                |     Has type `Literal[0]`
    |                Has type `Unknown | dict[Unknown, Unknown]`
301 |                 gap = 2
302 |             new_rh = max(30, top_of_bottom - gap - ry)
    |
info: Operation fails because operator `<` is not supported between objects of type `dict[Unknown, Unknown]` and `Literal[0]`
info: rule `unsupported-operator` is enabled by default

error[unresolved-import]: Cannot resolve imported module `main`
   --> plugin/modules/chatbot/panel_wiring.py:202:14
    |
200 |     # 5. Timer and Resize
201 |     try:
202 |         from main import try_ensure_mcp_timer
    |              ^^^^
203 |         try_ensure_mcp_timer(self.ctx)
204 |     except Exception as e:
    |
info: Searched in the following paths during module resolution:
info:   1. /home/keithcu/Desktop/Python/writeragent (first-party code)
info:   2. vendored://stdlib (stdlib typeshed stubs vendored by ty)
info:   3. /home/keithcu/Desktop/Python/writeragent/.venv/lib/python3.12/site-packages (site-packages)
info:   4. /usr/lib/python3.14/site-packages (editable install)
info:   5. /usr/lib/libreoffice/program (editable install)
info:   6. /home/keithcu/Desktop/Python/writeragent/.venv/lib64/python3.12/site-packages (site-packages)
info: make sure your Python environment is properly configured: https://docs.astral.sh/ty/modules/#python-environment
info: rule `unresolved-import` is enabled by default

error[unresolved-attribute]: Object of type `Self@_transcribe_audio` has no attribute `ctx`
  --> plugin/modules/chatbot/send_handlers.py:36:41
   |
34 |             from plugin.modules.http.client import LlmClient
35 |
36 |             api_config = get_api_config(self.ctx)
   |                                         ^^^^^^^^
37 |             self.client = LlmClient(api_config, self.ctx)
   |
info: rule `unresolved-attribute` is enabled by default

error[unresolved-attribute]: Object of type `Self@_transcribe_audio` has no attribute `ctx`
  --> plugin/modules/chatbot/send_handlers.py:37:49
   |
36 |             api_config = get_api_config(self.ctx)
37 |             self.client = LlmClient(api_config, self.ctx)
   |                                                 ^^^^^^^^
38 |
39 |         self._set_status(_("Transcribing audio..."))
   |
info: rule `unresolved-attribute` is enabled by default

error[unresolved-attribute]: Object of type `Self@_transcribe_audio` has no attribute `_set_status`
  --> plugin/modules/chatbot/send_handlers.py:39:9
   |
37 |             self.client = LlmClient(api_config, self.ctx)
38 |
39 |         self._set_status(_("Transcribing audio..."))
   |         ^^^^^^^^^^^^^^^^
40 |         self._append_response("\n" + _("[Transcribing audio...]") + "\n")
   |
info: rule `unresolved-attribute` is enabled by default

error[unresolved-attribute]: Object of type `Self@_transcribe_audio` has no attribute `_append_response`
  --> plugin/modules/chatbot/send_handlers.py:40:9
   |
39 |         self._set_status(_("Transcribing audio..."))
40 |         self._append_response("\n" + _("[Transcribing audio...]") + "\n")
   |         ^^^^^^^^^^^^^^^^^^^^^
41 |
42 |         try:
   |
info: rule `unresolved-attribute` is enabled by default

error[unresolved-attribute]: Object of type `Self@_transcribe_audio` has no attribute `ctx`
  --> plugin/modules/chatbot/send_handlers.py:44:17
   |
42 |         try:
43 |             transcript_text = run_blocking_in_thread(
44 |                 self.ctx, self.client.transcribe_audio, wav_path, model=stt_model
   |                 ^^^^^^^^
45 |             )
   |
info: rule `unresolved-attribute` is enabled by default

error[unresolved-attribute]: Object of type `Self@_transcribe_audio` has no attribute `_append_response`
  --> plugin/modules/chatbot/send_handlers.py:58:13
   |
56 |         except Exception as e:
57 |             log.error("Transcription error in _transcribe_audio: %s", e)
58 |             self._append_response("\n" + _("[Transcription error: {0}]").format(str(e)) + "\n")
   |             ^^^^^^^^^^^^^^^^^^^^^
59 |             raise e
   |
info: rule `unresolved-attribute` is enabled by default

error[unresolved-attribute]: Object of type `Self@_run_unified_worker_drain_loop` has no attribute `ctx`
  --> plugin/modules/chatbot/send_handlers.py:79:23
   |
78 |         try:
79 |             toolkit = self.ctx.getServiceManager().createInstanceWithContext(
   |                       ^^^^^^^^
80 |                 "com.sun.star.awt.Toolkit", self.ctx
81 |             )
   |
info: rule `unresolved-attribute` is enabled by default

error[unresolved-attribute]: Object of type `Self@_run_unified_worker_drain_loop` has no attribute `ctx`
  --> plugin/modules/chatbot/send_handlers.py:80:45
   |
78 |         try:
79 |             toolkit = self.ctx.getServiceManager().createInstanceWithContext(
80 |                 "com.sun.star.awt.Toolkit", self.ctx
   |                                             ^^^^^^^^
81 |             )
82 |         except Exception as e:
   |
info: rule `unresolved-attribute` is enabled by default

error[unresolved-attribute]: Object of type `Self@_run_unified_worker_drain_loop` has no attribute `_append_response`
  --> plugin/modules/chatbot/send_handlers.py:89:13
   |
87 |             else:
88 |                 log.error("Failed to create Toolkit for stream drain loop: %s", e)
89 |             self._append_response("\n" + _("[Error: {0}]").format(str(e)) + "\n")
   |             ^^^^^^^^^^^^^^^^^^^^^
90 |             self._terminal_status = "Error"
91 |             if hasattr(self, "_current_agent_backend"):
   |
info: rule `unresolved-attribute` is enabled by default

error[unresolved-attribute]: Object of type `Self@_run_unified_worker_drain_loop` has no attribute `_set_status`
   --> plugin/modules/chatbot/send_handlers.py:130:26
    |
128 |             on_stopped=on_stopped,
129 |             on_error=on_error,
130 |             on_status_fn=self._set_status,
    |                          ^^^^^^^^^^^^^^^^
131 |             ctx=self.ctx,
132 |             stop_checker=lambda: self.stop_requested,
    |
info: rule `unresolved-attribute` is enabled by default

error[unresolved-attribute]: Object of type `Self@_run_unified_worker_drain_loop` has no attribute `ctx`
   --> plugin/modules/chatbot/send_handlers.py:131:17
    |
129 |             on_error=on_error,
130 |             on_status_fn=self._set_status,
131 |             ctx=self.ctx,
    |                 ^^^^^^^^
132 |             stop_checker=lambda: self.stop_requested,
133 |             on_approval_required=on_approval_callback,
    |
info: rule `unresolved-attribute` is enabled by default

error[unresolved-attribute]: Object of type `Self@_run_unified_worker_drain_loop` has no attribute `stop_requested`
   --> plugin/modules/chatbot/send_handlers.py:132:34
    |
130 |             on_status_fn=self._set_status,
131 |             ctx=self.ctx,
132 |             stop_checker=lambda: self.stop_requested,
    |                                  ^^^^^^^^^^^^^^^^^^^
133 |             on_approval_required=on_approval_callback,
134 |         )
    |
info: rule `unresolved-attribute` is enabled by default

error[unresolved-attribute]: Object of type `Self@_execute_direct_image_effect` has no attribute `aspect_ratio_selector`
   --> plugin/modules/chatbot/send_handlers.py:154:20
    |
152 |             try:
153 |                 aspect_ratio_str = "Square"
154 |                 if self.aspect_ratio_selector and hasattr(
    |                    ^^^^^^^^^^^^^^^^^^^^^^^^^^
155 |                     self.aspect_ratio_selector, "getText"
156 |                 ):
    |
info: rule `unresolved-attribute` is enabled by default

error[unresolved-attribute]: Object of type `Self@_execute_direct_image_effect` has no attribute `aspect_ratio_selector`
   --> plugin/modules/chatbot/send_handlers.py:155:21
    |
153 |                 aspect_ratio_str = "Square"
154 |                 if self.aspect_ratio_selector and hasattr(
155 |                     self.aspect_ratio_selector, "getText"
    |                     ^^^^^^^^^^^^^^^^^^^^^^^^^^
156 |                 ):
157 |                     aspect_ratio_str = self.aspect_ratio_selector.getText()
    |
info: rule `unresolved-attribute` is enabled by default

error[unresolved-attribute]: Object of type `Self@_execute_direct_image_effect` has no attribute `aspect_ratio_selector`
   --> plugin/modules/chatbot/send_handlers.py:157:40
    |
155 |                     self.aspect_ratio_selector, "getText"
156 |                 ):
157 |                     aspect_ratio_str = self.aspect_ratio_selector.getText()
    |                                        ^^^^^^^^^^^^^^^^^^^^^^^^^^
158 |
159 |                 aspect_map = {
    |
info: rule `unresolved-attribute` is enabled by default

error[unresolved-attribute]: Object of type `Self@_execute_direct_image_effect` has no attribute `image_model_selector`
   --> plugin/modules/chatbot/send_handlers.py:169:20
    |
168 |                 image_model_text = ""
169 |                 if self.image_model_selector and hasattr(
    |                    ^^^^^^^^^^^^^^^^^^^^^^^^^
170 |                     self.image_model_selector, "getText"
171 |                 ):
    |
info: rule `unresolved-attribute` is enabled by default

error[unresolved-attribute]: Object of type `Self@_execute_direct_image_effect` has no attribute `image_model_selector`
   --> plugin/modules/chatbot/send_handlers.py:170:21
    |
168 |                 image_model_text = ""
169 |                 if self.image_model_selector and hasattr(
170 |                     self.image_model_selector, "getText"
    |                     ^^^^^^^^^^^^^^^^^^^^^^^^^
171 |                 ):
172 |                     image_model_text = self.image_model_selector.getText()
    |
info: rule `unresolved-attribute` is enabled by default

error[unresolved-attribute]: Object of type `Self@_execute_direct_image_effect` has no attribute `image_model_selector`
   --> plugin/modules/chatbot/send_handlers.py:172:40
    |
170 |                     self.image_model_selector, "getText"
171 |                 ):
172 |                     image_model_text = self.image_model_selector.getText()
    |                                        ^^^^^^^^^^^^^^^^^^^^^^^^^
173 |
174 |                 base_size_val = 512
    |
info: rule `unresolved-attribute` is enabled by default

error[unresolved-attribute]: Object of type `Self@_execute_direct_image_effect` has no attribute `base_size_input`
   --> plugin/modules/chatbot/send_handlers.py:175:20
    |
174 |                 base_size_val = 512
175 |                 if self.base_size_input:
    |                    ^^^^^^^^^^^^^^^^^^^^
176 |                     if hasattr(self.base_size_input, "getText"):
177 |                         base_size_val = self.base_size_input.getText()
    |
info: rule `unresolved-attribute` is enabled by default

error[unresolved-attribute]: Object of type `Self@_execute_direct_image_effect` has no attribute `base_size_input`
   --> plugin/modules/chatbot/send_handlers.py:176:32
    |
174 |                 base_size_val = 512
175 |                 if self.base_size_input:
176 |                     if hasattr(self.base_size_input, "getText"):
    |                                ^^^^^^^^^^^^^^^^^^^^
177 |                         base_size_val = self.base_size_input.getText()
178 |                     elif hasattr(self.base_size_input.getModel(), "Text"):
    |
info: rule `unresolved-attribute` is enabled by default

error[unresolved-attribute]: Object of type `Self@_execute_direct_image_effect` has no attribute `base_size_input`
   --> plugin/modules/chatbot/send_handlers.py:177:41
    |
175 |                 if self.base_size_input:
176 |                     if hasattr(self.base_size_input, "getText"):
177 |                         base_size_val = self.base_size_input.getText()
    |                                         ^^^^^^^^^^^^^^^^^^^^
178 |                     elif hasattr(self.base_size_input.getModel(), "Text"):
179 |                         base_size_val = get_control_text(self.base_size_input)
    |
info: rule `unresolved-attribute` is enabled by default

error[unresolved-attribute]: Object of type `Self@_execute_direct_image_effect` has no attribute `base_size_input`
   --> plugin/modules/chatbot/send_handlers.py:178:34
    |
176 |                     if hasattr(self.base_size_input, "getText"):
177 |                         base_size_val = self.base_size_input.getText()
178 |                     elif hasattr(self.base_size_input.getModel(), "Text"):
    |                                  ^^^^^^^^^^^^^^^^^^^^
179 |                         base_size_val = get_control_text(self.base_size_input)
180 |                 try:
    |
info: rule `unresolved-attribute` is enabled by default

error[unresolved-reference]: Name `get_control_text` used when not defined
   --> plugin/modules/chatbot/send_handlers.py:179:41
    |
177 |                         base_size_val = self.base_size_input.getText()
178 |                     elif hasattr(self.base_size_input.getModel(), "Text"):
179 |                         base_size_val = get_control_text(self.base_size_input)
    |                                         ^^^^^^^^^^^^^^^^
180 |                 try:
181 |                     base_size_val = int(base_size_val)
    |
info: rule `unresolved-reference` is enabled by default

error[unresolved-attribute]: Object of type `Self@_execute_direct_image_effect` has no attribute `base_size_input`
   --> plugin/modules/chatbot/send_handlers.py:179:58
    |
177 |                         base_size_val = self.base_size_input.getText()
178 |                     elif hasattr(self.base_size_input.getModel(), "Text"):
179 |                         base_size_val = get_control_text(self.base_size_input)
    |                                                          ^^^^^^^^^^^^^^^^^^^^
180 |                 try:
181 |                     base_size_val = int(base_size_val)
    |
info: rule `unresolved-attribute` is enabled by default

error[unresolved-attribute]: Object of type `Self@_execute_direct_image_effect` has no attribute `ctx`
   --> plugin/modules/chatbot/send_handlers.py:190:25
    |
188 |                 tctx = ToolContext(
189 |                     doc=model,
190 |                     ctx=self.ctx,
    |                         ^^^^^^^^
191 |                     stop_checker=lambda: self.stop_requested,
192 |                     doc_type="writer",
    |
info: rule `unresolved-attribute` is enabled by default

error[unresolved-attribute]: Object of type `Self@_execute_direct_image_effect` has no attribute `stop_requested`
   --> plugin/modules/chatbot/send_handlers.py:191:42
    |
189 |                     doc=model,
190 |                     ctx=self.ctx,
191 |                     stop_checker=lambda: self.stop_requested,
    |                                          ^^^^^^^^^^^^^^^^^^^
192 |                     doc_type="writer",
193 |                     services=get_tools()._services,
    |
info: rule `unresolved-attribute` is enabled by default

error[unresolved-attribute]: Object of type `Self@_execute_direct_image_effect` has no attribute `ctx`
   --> plugin/modules/chatbot/send_handlers.py:201:25
    |
200 |                     update_lru_history(
201 |                         self.ctx, base_size_val, "image_base_size_lru", ""
    |                         ^^^^^^^^
202 |                     )
203 |                 except Exception as elru:
    |
info: rule `unresolved-attribute` is enabled by default

error[unresolved-attribute]: Object of type `Self@_execute_direct_image_effect` has no attribute `_get_doc_type_str`
   --> plugin/modules/chatbot/send_handlers.py:237:28
    |
235 |                 q.put(("stream_done", {}))
236 |             except Exception as e:
237 |                 doc_type = self._get_doc_type_str(model).lower() if model else "unknown"
    |                            ^^^^^^^^^^^^^^^^^^^^^^
238 |                 log.error("Direct image path ERROR in _do_send_direct_image [doc: %s]: %s",
239 |                           doc_type, e)
    |
info: rule `unresolved-attribute` is enabled by default

error[unresolved-attribute]: Object of type `Self@_do_send_via_agent_backend` has no attribute `session`
   --> plugin/modules/chatbot/send_handlers.py:257:9
    |
255 |         current_state = SendHandlerState(handler_type="agent", status="ready")
256 |
257 |         self.session.add_user_message(query_text)
    |         ^^^^^^^^^^^^
258 |
259 |         # 1. State machine transition: start
    |
info: rule `unresolved-attribute` is enabled by default

error[unresolved-attribute]: Object of type `Self@_execute_agent_backend_effect` has no attribute `ctx`
   --> plugin/modules/chatbot/send_handlers.py:281:38
    |
279 |                 log.debug("Failed to get document URL for agent backend (likely disposed): %s", e)
280 |
281 |         max_context = int(get_config(self.ctx, "chat_context_length"))
    |                                      ^^^^^^^^
282 |         try:
283 |             doc_context = get_document_context_for_chat(
    |
info: rule `unresolved-attribute` is enabled by default

error[unresolved-attribute]: Object of type `Self@_execute_agent_backend_effect` has no attribute `ctx`
   --> plugin/modules/chatbot/send_handlers.py:288:21
    |
286 |                 include_end=True,
287 |                 include_selection=True,
288 |                 ctx=self.ctx,
    |                     ^^^^^^^^
289 |             )
290 |         except Exception as e:
    |
info: rule `unresolved-attribute` is enabled by default

error[unresolved-attribute]: Object of type `Self@_execute_agent_backend_effect` has no attribute `_append_response`
   --> plugin/modules/chatbot/send_handlers.py:298:13
    |
296 |             else:
297 |                 log.error("Failed to build document context for agent backend: %s", e)
298 |             self._append_response("\n" + _("[Document context error: {0}]").format(str(e)) + "\n")
    |             ^^^^^^^^^^^^^^^^^^^^^
299 |             self._terminal_status = "Error"
300 |             self._set_status(_("Error"))
    |
info: rule `unresolved-attribute` is enabled by default

error[unresolved-attribute]: Object of type `Self@_execute_agent_backend_effect` has no attribute `_set_status`
   --> plugin/modules/chatbot/send_handlers.py:300:13
    |
298 |             self._append_response("\n" + _("[Document context error: {0}]").format(str(e)) + "\n")
299 |             self._terminal_status = "Error"
300 |             self._set_status(_("Error"))
    |             ^^^^^^^^^^^^^^^^
301 |             return
    |
info: rule `unresolved-attribute` is enabled by default

error[unresolved-attribute]: Object of type `Self@_execute_agent_backend_effect` has no attribute `ctx`
   --> plugin/modules/chatbot/send_handlers.py:304:54
    |
303 |         from plugin.modules.agent_backend.registry import normalize_backend_id
304 |         backend_id = normalize_backend_id(get_config(self.ctx, "agent_backend.backend_id"))
    |                                                      ^^^^^^^^
305 |         adapter = get_backend(backend_id, ctx=self.ctx)
306 |         if not adapter:
    |
info: rule `unresolved-attribute` is enabled by default

error[unresolved-attribute]: Object of type `Self@_execute_agent_backend_effect` has no attribute `ctx`
   --> plugin/modules/chatbot/send_handlers.py:305:47
    |
303 |         from plugin.modules.agent_backend.registry import normalize_backend_id
304 |         backend_id = normalize_backend_id(get_config(self.ctx, "agent_backend.backend_id"))
305 |         adapter = get_backend(backend_id, ctx=self.ctx)
    |                                               ^^^^^^^^
306 |         if not adapter:
307 |             from plugin.framework.i18n import _
    |
info: rule `unresolved-attribute` is enabled by default

error[unresolved-attribute]: Object of type `Self@_execute_agent_backend_effect` has no attribute `_append_response`
   --> plugin/modules/chatbot/send_handlers.py:308:13
    |
306 |         if not adapter:
307 |             from plugin.framework.i18n import _
308 |             self._append_response("\n" + _("[Agent backend '{0}' not found.]").format(backend_id) + "\n")
    |             ^^^^^^^^^^^^^^^^^^^^^
309 |             self._terminal_status = "Error"
310 |             self._set_status(_("Error"))
    |
info: rule `unresolved-attribute` is enabled by default

error[unresolved-attribute]: Object of type `Self@_execute_agent_backend_effect` has no attribute `_set_status`
   --> plugin/modules/chatbot/send_handlers.py:310:13
    |
308 |             self._append_response("\n" + _("[Agent backend '{0}' not found.]").format(backend_id) + "\n")
309 |             self._terminal_status = "Error"
310 |             self._set_status(_("Error"))
    |             ^^^^^^^^^^^^^^^^
311 |             return
312 |         if not adapter.is_available(self.ctx):
    |
info: rule `unresolved-attribute` is enabled by default

error[unresolved-attribute]: Object of type `Self@_execute_agent_backend_effect` has no attribute `ctx`
   --> plugin/modules/chatbot/send_handlers.py:312:37
    |
310 |             self._set_status(_("Error"))
311 |             return
312 |         if not adapter.is_available(self.ctx):
    |                                     ^^^^^^^^
313 |             from plugin.framework.i18n import _
314 |             self._append_response(
    |
info: rule `unresolved-attribute` is enabled by default

error[unresolved-attribute]: Object of type `Self@_execute_agent_backend_effect` has no attribute `_append_response`
   --> plugin/modules/chatbot/send_handlers.py:314:13
    |
312 |         if not adapter.is_available(self.ctx):
313 |             from plugin.framework.i18n import _
314 |             self._append_response(
    |             ^^^^^^^^^^^^^^^^^^^^^
315 |                 "\n" + _("[Agent backend '{0}' is not available. Check Settings (path, install).]")
316 |                 .format(getattr(adapter, "display_name", backend_id)) + "\n"
    |
info: rule `unresolved-attribute` is enabled by default

error[unresolved-attribute]: Object of type `Self@_execute_agent_backend_effect` has no attribute `_set_status`
   --> plugin/modules/chatbot/send_handlers.py:319:13
    |
317 |             )
318 |             self._terminal_status = "Error"
319 |             self._set_status(_("Error"))
    |             ^^^^^^^^^^^^^^^^
320 |             return
    |
info: rule `unresolved-attribute` is enabled by default

error[unresolved-attribute]: Object of type `Self@_execute_agent_backend_effect` has no attribute `ctx`
   --> plugin/modules/chatbot/send_handlers.py:336:51
    |
334 |                 # Check if MCP is enabled; if so, tell the agent about it.
335 |                 mcp_instructions = ""
336 |                 if mcp_url and as_bool(get_config(self.ctx, "http.mcp_enabled")):
    |                                                   ^^^^^^^^
337 |                     mcp_instructions = (
338 |                         f"\n\n[MCP SERVER AVAILABLE]\n"
    |
info: rule `unresolved-attribute` is enabled by default

error[unresolved-attribute]: Object of type `Self@_execute_agent_backend_effect` has no attribute `ctx`
   --> plugin/modules/chatbot/send_handlers.py:352:40
    |
351 |                 # Add optional instructions from settings
352 |                 extra = str(get_config(self.ctx, "additional_instructions") or "").strip()
    |                                        ^^^^^^^^
353 |                 if extra:
354 |                     lean_system_prompt += "\n\n" + extra
    |
info: rule `unresolved-attribute` is enabled by default

error[unresolved-attribute]: Object of type `Self@_execute_agent_backend_effect` has no attribute `stop_requested`
   --> plugin/modules/chatbot/send_handlers.py:363:42
    |
361 |                     system_prompt=lean_system_prompt,
362 |                     mcp_url=mcp_url,
363 |                     stop_checker=lambda: self.stop_requested,
    |                                          ^^^^^^^^^^^^^^^^^^^
364 |                 )
365 |             except Exception as e:
    |
info: rule `unresolved-attribute` is enabled by default

error[unresolved-attribute]: Object of type `Self@_execute_agent_backend_effect` has no attribute `session`
   --> plugin/modules/chatbot/send_handlers.py:376:13
    |
374 |             # Ensure conversation roles alternate user/assistant when stopping an
375 |             # external agent backend mid-response.
376 |             self.session.add_assistant_message(content="No response.")
    |             ^^^^^^^^^^^^
377 |
378 |         def on_approval_required(item):
    |
info: rule `unresolved-attribute` is enabled by default

error[unresolved-attribute]: Object of type `Self@_execute_agent_backend_effect` has no attribute `ctx`
   --> plugin/modules/chatbot/send_handlers.py:389:58
    |
387 |             # Option to auto-approve web research or other tools from external agents
388 |             try:
389 |                 prompt_for_research = as_bool(get_config(self.ctx, "chatbot.prompt_for_web_research"))
    |                                                          ^^^^^^^^
390 |             except Exception:
391 |                 prompt_for_research = True
    |
info: rule `unresolved-attribute` is enabled by default

error[unresolved-attribute]: Object of type `Self@_execute_agent_backend_effect` has no attribute `ctx`
   --> plugin/modules/chatbot/send_handlers.py:397:21
    |
395 |             else:
396 |                 approved = show_approval_dialog(
397 |                     self.ctx, description, tool_name, parent_frame=getattr(self, "frame", None)
    |                     ^^^^^^^^
398 |                 )
    |
info: rule `unresolved-attribute` is enabled by default

error[unresolved-attribute]: Object of type `Self@_run_librarian` has no attribute `session`
   --> plugin/modules/chatbot/send_handlers.py:427:9
    |
425 |         current_state = SendHandlerState(handler_type="web", status="ready") # We can reuse 'web' handler_type or create a new one, b…
426 |
427 |         self.session.add_user_message(query_text)
    |         ^^^^^^^^^^^^
428 |
429 |         # 1. State machine transition: start
    |
info: rule `unresolved-attribute` is enabled by default

error[unresolved-attribute]: Object of type `Self@_run_web_research` has no attribute `session`
   --> plugin/modules/chatbot/send_handlers.py:445:9
    |
443 |         current_state = SendHandlerState(handler_type="web", status="ready")
444 |
445 |         self.session.add_user_message(query_text)
    |         ^^^^^^^^^^^^
446 |
447 |         # 1. State machine transition: start
    |
info: rule `unresolved-attribute` is enabled by default

error[unresolved-attribute]: Object of type `Self@_execute_web_research_effect` has no attribute `ctx`
   --> plugin/modules/chatbot/send_handlers.py:469:48
    |
467 |             from plugin.framework.config import get_config, as_bool
468 |
469 |             show_thinking = as_bool(get_config(self.ctx, "chatbot.show_search_thinking"))
    |                                                ^^^^^^^^
470 |         except (ValueError, TypeError) as e:
471 |             log.debug("Failed to read 'chatbot.show_search_thinking' from config: %s", e)
    |
info: rule `unresolved-attribute` is enabled by default

error[unresolved-attribute]: Object of type `Self@_execute_web_research_effect` has no attribute `response_control`
   --> plugin/modules/chatbot/send_handlers.py:476:12
    |
474 |         from plugin.framework.dialogs import get_control_text
475 |         history_text = ""
476 |         if self.response_control and self.response_control.getModel():
    |            ^^^^^^^^^^^^^^^^^^^^^
477 |             history_text = get_control_text(self.response_control) or ""
    |
info: rule `unresolved-attribute` is enabled by default

error[unresolved-attribute]: Object of type `Self@_execute_web_research_effect` has no attribute `response_control`
   --> plugin/modules/chatbot/send_handlers.py:476:38
    |
474 |         from plugin.framework.dialogs import get_control_text
475 |         history_text = ""
476 |         if self.response_control and self.response_control.getModel():
    |                                      ^^^^^^^^^^^^^^^^^^^^^
477 |             history_text = get_control_text(self.response_control) or ""
    |
info: rule `unresolved-attribute` is enabled by default

error[unresolved-attribute]: Object of type `Self@_execute_web_research_effect` has no attribute `response_control`
   --> plugin/modules/chatbot/send_handlers.py:477:45
    |
475 |         history_text = ""
476 |         if self.response_control and self.response_control.getModel():
477 |             history_text = get_control_text(self.response_control) or ""
    |                                             ^^^^^^^^^^^^^^^^^^^^^
478 |
479 |         def run_search():
    |
info: rule `unresolved-attribute` is enabled by default

error[unresolved-attribute]: Unresolved attribute `approved` on type `Event`
   --> plugin/modules/chatbot/send_handlers.py:505:21
    |
503 |                     import threading
504 |                     event = threading.Event()
505 |                     event.approved = False
    |                     ^^^^^^^^^^^^^^
506 |                     event.query_override = None
507 |                     q.put(("approval_required", query_for_engine, tool_name, event))
    |
info: rule `unresolved-attribute` is enabled by default

error[unresolved-attribute]: Unresolved attribute `query_override` on type `Event`
   --> plugin/modules/chatbot/send_handlers.py:506:21
    |
504 |                     event = threading.Event()
505 |                     event.approved = False
506 |                     event.query_override = None
    |                     ^^^^^^^^^^^^^^^^^^^^
507 |                     q.put(("approval_required", query_for_engine, tool_name, event))
508 |                     event.wait()
    |
info: rule `unresolved-attribute` is enabled by default

error[unresolved-attribute]: Object of type `Event` has no attribute `approved`
   --> plugin/modules/chatbot/send_handlers.py:509:28
    |
507 |                     q.put(("approval_required", query_for_engine, tool_name, event))
508 |                     event.wait()
509 |                     if not event.approved:
    |                            ^^^^^^^^^^^^^^
510 |                         # If the user rejects the search query, do not let the LLM
511 |                         # keep going without the data it requested. Instead, immediately
    |
info: rule `unresolved-attribute` is enabled by default

error[unresolved-attribute]: Object of type `Event` has no attribute `approved`
   --> plugin/modules/chatbot/send_handlers.py:516:30
    |
514 |                         q.put(("stopped",))
515 |                     return (
516 |                         bool(event.approved),
    |                              ^^^^^^^^^^^^^^
517 |                         getattr(event, "query_override", None),
518 |                     )
    |
info: rule `unresolved-attribute` is enabled by default

error[unresolved-attribute]: Object of type `Self@_execute_web_research_effect` has no attribute `ctx`
   --> plugin/modules/chatbot/send_handlers.py:524:25
    |
522 |                 tctx = ToolContext(
523 |                     doc=model,
524 |                     ctx=self.ctx,
    |                         ^^^^^^^^
525 |                     stop_checker=lambda: self.stop_requested,
526 |                     doc_type=doc_type,
    |
info: rule `unresolved-attribute` is enabled by default

error[unresolved-attribute]: Object of type `Self@_execute_web_research_effect` has no attribute `stop_requested`
   --> plugin/modules/chatbot/send_handlers.py:525:42
    |
523 |                     doc=model,
524 |                     ctx=self.ctx,
525 |                     stop_checker=lambda: self.stop_requested,
    |                                          ^^^^^^^^^^^^^^^^^^^
526 |                     doc_type=doc_type,
527 |                     services=get_tools()._services,
    |
info: rule `unresolved-attribute` is enabled by default

error[unresolved-attribute]: Object of type `Self@_execute_web_research_effect` has no attribute `session`
   --> plugin/modules/chatbot/send_handlers.py:559:25
    |
557 |                         msg = _("Librarian: {0}").format(answer) + "\n"
558 |                         q.put(("chunk", msg))
559 |                         self.session.add_assistant_message(content=msg)
    |                         ^^^^^^^^^^^^
560 |                     elif data.get("status") == "switch_mode":
561 |                         # We want to exit librarian flow on the next turn.
    |
info: rule `unresolved-attribute` is enabled by default

error[unresolved-attribute]: Object of type `Self@_execute_web_research_effect` has no attribute `session`
   --> plugin/modules/chatbot/send_handlers.py:566:25
    |
564 |                         msg = _("Librarian: {0}").format(answer) + "\n"
565 |                         q.put(("chunk", msg))
566 |                         self.session.add_assistant_message(content=msg)
    |                         ^^^^^^^^^^^^
567 |                     else:
568 |                         from plugin.framework.i18n import _
    |
info: rule `unresolved-attribute` is enabled by default

error[unresolved-attribute]: Object of type `Self@_execute_web_research_effect` has no attribute `session`
   --> plugin/modules/chatbot/send_handlers.py:596:25
    |
594 |                         q.put(("chunk", msg))
595 |                         # Persist assistant result to current session
596 |                         self.session.add_assistant_message(content=msg)
    |                         ^^^^^^^^^^^^
597 |                     else:
598 |                         from plugin.framework.i18n import _
    |
info: rule `unresolved-attribute` is enabled by default

error[unresolved-attribute]: Object of type `Self@_execute_web_research_effect` has no attribute `begin_inline_web_approval`
   --> plugin/modules/chatbot/send_handlers.py:614:17
    |
612 |             event_obj = item[3] if len(item) > 3 else None
613 |             if event_obj is not None:
614 |                 self.begin_inline_web_approval(query_for_engine, tool_name, event_obj)
    |                 ^^^^^^^^^^^^^^^^^^^^^^^^^^^^^^
615 |             log.info(
616 |                 "web_research on_approval_required: tool=%s (inline Accept/Change/Reject)",
    |
info: rule `unresolved-attribute` is enabled by default

error[unresolved-attribute]: Object of type `Self@_get_mcp_url` has no attribute `ctx`
   --> plugin/modules/chatbot/send_handlers.py:634:31
    |
632 |             from plugin.framework.config import get_config
633 |             
634 |             port = get_config(self.ctx, "http.mcp_port") or 8765
    |                               ^^^^^^^^
635 |             host = get_config(self.ctx, "http.host") or "localhost"
636 |             use_ssl = get_config(self.ctx, "http.use_ssl")
    |
info: rule `unresolved-attribute` is enabled by default

error[unresolved-attribute]: Object of type `Self@_get_mcp_url` has no attribute `ctx`
   --> plugin/modules/chatbot/send_handlers.py:635:31
    |
634 |             port = get_config(self.ctx, "http.mcp_port") or 8765
635 |             host = get_config(self.ctx, "http.host") or "localhost"
    |                               ^^^^^^^^
636 |             use_ssl = get_config(self.ctx, "http.use_ssl")
637 |             scheme = "https" if use_ssl else "http"
    |
info: rule `unresolved-attribute` is enabled by default

error[unresolved-attribute]: Object of type `Self@_get_mcp_url` has no attribute `ctx`
   --> plugin/modules/chatbot/send_handlers.py:636:34
    |
634 |             port = get_config(self.ctx, "http.mcp_port") or 8765
635 |             host = get_config(self.ctx, "http.host") or "localhost"
636 |             use_ssl = get_config(self.ctx, "http.use_ssl")
    |                                  ^^^^^^^^
637 |             scheme = "https" if use_ssl else "http"
638 |             return f"{scheme}://{host}:{port}"
    |
info: rule `unresolved-attribute` is enabled by default

error[unresolved-reference]: Name `Optional` used when not defined
  --> plugin/modules/chatbot/sidebar_state.py:55:16
   |
53 | class SidebarCompositeState(BaseState):
54 |     send: SendButtonState
55 |     tool_loop: Optional[ToolLoopState]
   |                ^^^^^^^^
56 |     audio: AudioRecorderState
   |
info: rule `unresolved-reference` is enabled by default

error[invalid-argument-type]: Argument to bound method `_resolve_skill_dir` is incorrect
   --> plugin/modules/chatbot/skills.py:130:51
    |
128 |             store = SkillsStore(ctx)
129 |             if file_path:
130 |                 target = store._resolve_skill_dir(name) / file_path
    |                                                   ^^^^ Expected `str`, found `Unknown | None`
131 |                 if not target.exists():
132 |                     return self._tool_error(f"File {file_path} not found in skill {name}")
    |
info: Element `None` of this union is not assignable to `str`
info: Method defined here
  --> plugin/modules/chatbot/skills.py:32:9
   |
30 |         self.skills_dir.mkdir(parents=True, exist_ok=True)
31 |
32 |     def _resolve_skill_dir(self, name: str) -> Path:
   |         ^^^^^^^^^^^^^^^^^^       --------- Parameter declared here
33 |         return self.skills_dir / name
   |
info: rule `invalid-argument-type` is enabled by default

error[invalid-argument-type]: Argument to bound method `read_skill` is incorrect
   --> plugin/modules/chatbot/skills.py:135:44
    |
133 |                 content = target.read_text(encoding="utf-8")
134 |             else:
135 |                 content = store.read_skill(name)
    |                                            ^^^^ Expected `str`, found `Unknown | None`
136 |                 if not content:
137 |                     return self._tool_error(f"Skill {name} not found.")
    |
info: Element `None` of this union is not assignable to `str`
info: Method defined here
  --> plugin/modules/chatbot/skills.py:58:9
   |
56 |         return skills
57 |
58 |     def read_skill(self, name: str):
   |         ^^^^^^^^^^       --------- Parameter declared here
59 |         skill_dir = self._resolve_skill_dir(name)
60 |         skill_md = skill_dir / "SKILL.md"
   |
info: rule `invalid-argument-type` is enabled by default

error[invalid-argument-type]: Argument to bound method `write_skill` is incorrect
   --> plugin/modules/chatbot/skills.py:182:35
    |
180 |                 if not content:
181 |                     return self._tool_error("content is required for create/edit")
182 |                 store.write_skill(name, content)
    |                                   ^^^^ Expected `str`, found `Unknown | None`
183 |                 return {"status": "ok", "message": f"Skill {action}d successfully."}
184 |             elif action == "delete":
    |
info: Element `None` of this union is not assignable to `str`
info: Method defined here
  --> plugin/modules/chatbot/skills.py:65:9
   |
63 |         return skill_md.read_text(encoding="utf-8")
64 |
65 |     def write_skill(self, name: str, content: str):
   |         ^^^^^^^^^^^       --------- Parameter declared here
66 |         skill_dir = self._resolve_skill_dir(name)
67 |         skill_dir.mkdir(parents=True, exist_ok=True)
   |
info: rule `invalid-argument-type` is enabled by default

error[invalid-argument-type]: Argument to bound method `delete_skill` is incorrect
   --> plugin/modules/chatbot/skills.py:185:39
    |
183 |                 return {"status": "ok", "message": f"Skill {action}d successfully."}
184 |             elif action == "delete":
185 |                 if store.delete_skill(name):
    |                                       ^^^^ Expected `str`, found `Unknown | None`
186 |                     return {"status": "ok", "message": "Skill deleted."}
187 |                 return self._tool_error("Skill not found.")
    |
info: Element `None` of this union is not assignable to `str`
info: Method defined here
  --> plugin/modules/chatbot/skills.py:71:9
   |
69 |         skill_md.write_text(content, encoding="utf-8")
70 |
71 |     def delete_skill(self, name: str):
   |         ^^^^^^^^^^^^       --------- Parameter declared here
72 |         skill_dir = self._resolve_skill_dir(name)
73 |         if skill_dir.exists():
   |
info: rule `invalid-argument-type` is enabled by default

error[invalid-argument-type]: Argument to bound method `read_skill` is incorrect
   --> plugin/modules/chatbot/skills.py:195:44
    |
193 |                     return self._tool_error("old_string and new_string are required for patch")
194 |                 
195 |                 content = store.read_skill(name)
    |                                            ^^^^ Expected `str`, found `Unknown | None`
196 |                 if not content:
197 |                     return self._tool_error("Skill not found.")
    |
info: Element `None` of this union is not assignable to `str`
info: Method defined here
  --> plugin/modules/chatbot/skills.py:58:9
   |
56 |         return skills
57 |
58 |     def read_skill(self, name: str):
   |         ^^^^^^^^^^       --------- Parameter declared here
59 |         skill_dir = self._resolve_skill_dir(name)
60 |         skill_md = skill_dir / "SKILL.md"
   |
info: rule `invalid-argument-type` is enabled by default

error[invalid-argument-type]: Argument to bound method `write_skill` is incorrect
   --> plugin/modules/chatbot/skills.py:206:35
    |
205 |                 new_content = content.replace(old_string, new_string) if replace_all else content.replace(old_string, new_string, 1)
206 |                 store.write_skill(name, new_content)
    |                                   ^^^^ Expected `str`, found `Unknown | None`
207 |                 return {"status": "ok", "message": f"Patched skill {name}"}
208 |             elif action == "write_file":
    |
info: Element `None` of this union is not assignable to `str`
info: Method defined here
  --> plugin/modules/chatbot/skills.py:65:9
   |
63 |         return skill_md.read_text(encoding="utf-8")
64 |
65 |     def write_skill(self, name: str, content: str):
   |         ^^^^^^^^^^^       --------- Parameter declared here
66 |         skill_dir = self._resolve_skill_dir(name)
67 |         skill_dir.mkdir(parents=True, exist_ok=True)
   |
info: rule `invalid-argument-type` is enabled by default

error[invalid-argument-type]: Argument to bound method `write_file` is incorrect
   --> plugin/modules/chatbot/skills.py:213:34
    |
211 |                 if not fpath or fcontent is None:
212 |                     return self._tool_error("file_path and file_content required")
213 |                 store.write_file(name, fpath, fcontent)
    |                                  ^^^^ Expected `str`, found `Unknown | None`
214 |                 return {"status": "ok", "message": f"Wrote {fpath} to skill {name}"}
215 |             elif action == "remove_file":
    |
info: Element `None` of this union is not assignable to `str`
info: Method defined here
  --> plugin/modules/chatbot/skills.py:78:9
   |
76 |         return False
77 |
78 |     def write_file(self, name: str, file_path: str, content: str):
   |         ^^^^^^^^^^       --------- Parameter declared here
79 |         target = self._resolve_skill_dir(name) / file_path
80 |         target.parent.mkdir(parents=True, exist_ok=True)
   |
info: rule `invalid-argument-type` is enabled by default

error[invalid-argument-type]: Argument to bound method `remove_file` is incorrect
   --> plugin/modules/chatbot/skills.py:219:38
    |
217 |                 if not fpath:
218 |                     return self._tool_error("file_path required")
219 |                 if store.remove_file(name, fpath):
    |                                      ^^^^ Expected `str`, found `Unknown | None`
220 |                     return {"status": "ok", "message": f"Removed {fpath}"}
221 |                 return self._tool_error("File not found.")
    |
info: Element `None` of this union is not assignable to `str`
info: Method defined here
  --> plugin/modules/chatbot/skills.py:83:9
   |
81 |         target.write_text(content, encoding="utf-8")
82 |         
83 |     def remove_file(self, name: str, file_path: str):
   |         ^^^^^^^^^^^       --------- Parameter declared here
84 |         target = self._resolve_skill_dir(name) / file_path
85 |         if target.exists():
   |
info: rule `invalid-argument-type` is enabled by default

error[unresolved-import]: Cannot resolve imported module `deal`
  --> plugin/modules/chatbot/state_machine.py:11:12
   |
10 | try:
11 |     import deal
   |            ^^^^
12 | except ImportError:
13 |     # Dummy decorators for production where deal is not installed
   |
info: Searched in the following paths during module resolution:
info:   1. /home/keithcu/Desktop/Python/writeragent (first-party code)
info:   2. vendored://stdlib (stdlib typeshed stubs vendored by ty)
info:   3. /home/keithcu/Desktop/Python/writeragent/.venv/lib/python3.12/site-packages (site-packages)
info:   4. /usr/lib/python3.14/site-packages (editable install)
info:   5. /usr/lib/libreoffice/program (editable install)
info:   6. /home/keithcu/Desktop/Python/writeragent/.venv/lib64/python3.12/site-packages (site-packages)
info: make sure your Python environment is properly configured: https://docs.astral.sh/ty/modules/#python-environment
info: rule `unresolved-import` is enabled by default

error[invalid-argument-type]: Argument is incorrect
   --> plugin/modules/chatbot/state_machine.py:301:42
    |
299 |                 effects.append(SpawnWebWorkerEffect(q_text, mod))
300 |
301 |             new_state = SendHandlerState(**base_state_kwargs, recent_effects=tuple(effects))
    |                                          ^^^^^^^^^^^^^^^^^^^ Expected `str`, found `str | @Todo | int | tuple[Unknown, ...]`
302 |             return FsmTransition(new_state, effects)
    |
info: Union elements `int` and `tuple[Unknown, ...]` are not assignable to `str`
info: rule `invalid-argument-type` is enabled by default

error[invalid-argument-type]: Argument is incorrect
   --> plugin/modules/chatbot/state_machine.py:301:42
    |
299 |                 effects.append(SpawnWebWorkerEffect(q_text, mod))
300 |
301 |             new_state = SendHandlerState(**base_state_kwargs, recent_effects=tuple(effects))
    |                                          ^^^^^^^^^^^^^^^^^^^ Expected `str`, found `str | @Todo | int | tuple[Unknown, ...]`
302 |             return FsmTransition(new_state, effects)
    |
info: Union elements `int` and `tuple[Unknown, ...]` are not assignable to `str`
info: rule `invalid-argument-type` is enabled by default

error[invalid-argument-type]: Argument is incorrect
   --> plugin/modules/chatbot/state_machine.py:301:42
    |
299 |                 effects.append(SpawnWebWorkerEffect(q_text, mod))
300 |
301 |             new_state = SendHandlerState(**base_state_kwargs, recent_effects=tuple(effects))
    |                                          ^^^^^^^^^^^^^^^^^^^ Expected `str`, found `str | @Todo | int | tuple[Unknown, ...]`
302 |             return FsmTransition(new_state, effects)
    |
info: Union elements `int` and `tuple[Unknown, ...]` are not assignable to `str`
info: rule `invalid-argument-type` is enabled by default

error[invalid-argument-type]: Argument is incorrect
   --> plugin/modules/chatbot/state_machine.py:301:42
    |
299 |                 effects.append(SpawnWebWorkerEffect(q_text, mod))
300 |
301 |             new_state = SendHandlerState(**base_state_kwargs, recent_effects=tuple(effects))
    |                                          ^^^^^^^^^^^^^^^^^^^ Expected `str`, found `str | @Todo | int | tuple[Unknown, ...]`
302 |             return FsmTransition(new_state, effects)
    |
info: Union elements `int` and `tuple[Unknown, ...]` are not assignable to `str`
info: rule `invalid-argument-type` is enabled by default

error[invalid-argument-type]: Argument is incorrect
   --> plugin/modules/chatbot/state_machine.py:301:42
    |
299 |                 effects.append(SpawnWebWorkerEffect(q_text, mod))
300 |
301 |             new_state = SendHandlerState(**base_state_kwargs, recent_effects=tuple(effects))
    |                                          ^^^^^^^^^^^^^^^^^^^ Expected `int`, found `str | @Todo | int | tuple[Unknown, ...]`
302 |             return FsmTransition(new_state, effects)
    |
info: Union elements `str` and `tuple[Unknown, ...]` are not assignable to `int`
info: rule `invalid-argument-type` is enabled by default

error[invalid-argument-type]: Argument is incorrect
   --> plugin/modules/chatbot/state_machine.py:301:42
    |
299 |                 effects.append(SpawnWebWorkerEffect(q_text, mod))
300 |
301 |             new_state = SendHandlerState(**base_state_kwargs, recent_effects=tuple(effects))
    |                                          ^^^^^^^^^^^^^^^^^^^ Expected `tuple[Unknown, ...]`, found `str | @Todo | int | tuple[Unknown, ...]`
302 |             return FsmTransition(new_state, effects)
    |
info: Union elements `str` and `int` are not assignable to `tuple[Unknown, ...]`
info: rule `invalid-argument-type` is enabled by default

error[invalid-argument-type]: Argument is incorrect
   --> plugin/modules/chatbot/state_machine.py:301:42
    |
299 |                 effects.append(SpawnWebWorkerEffect(q_text, mod))
300 |
301 |             new_state = SendHandlerState(**base_state_kwargs, recent_effects=tuple(effects))
    |                                          ^^^^^^^^^^^^^^^^^^^ Expected `int`, found `str | @Todo | int | tuple[Unknown, ...]`
302 |             return FsmTransition(new_state, effects)
    |
info: Union elements `str` and `tuple[Unknown, ...]` are not assignable to `int`
info: rule `invalid-argument-type` is enabled by default

error[invalid-argument-type]: Argument is incorrect
   --> plugin/modules/chatbot/state_machine.py:301:42
    |
299 |                 effects.append(SpawnWebWorkerEffect(q_text, mod))
300 |
301 |             new_state = SendHandlerState(**base_state_kwargs, recent_effects=tuple(effects))
    |                                          ^^^^^^^^^^^^^^^^^^^ Expected `str | None`, found `str | @Todo | int | tuple[Unknown, ...]`
302 |             return FsmTransition(new_state, effects)
    |
info: Union elements `int` and `tuple[Unknown, ...]` are not assignable to `str | None`
info: rule `invalid-argument-type` is enabled by default

error[invalid-argument-type]: Argument is incorrect
   --> plugin/modules/chatbot/state_machine.py:301:42
    |
299 |                 effects.append(SpawnWebWorkerEffect(q_text, mod))
300 |
301 |             new_state = SendHandlerState(**base_state_kwargs, recent_effects=tuple(effects))
    |                                          ^^^^^^^^^^^^^^^^^^^ Expected `int | float | None`, found `str | @Todo | int | tuple[Unknown, ...]`
302 |             return FsmTransition(new_state, effects)
    |
info: Union elements `str` and `tuple[Unknown, ...]` are not assignable to `int | float | None`
info: rule `invalid-argument-type` is enabled by default

error[unresolved-attribute]: Object of type `Self@_do_send_chat_with_tools` has no attribute `_append_response`
  --> plugin/modules/chatbot/tool_loop.py:90:13
   |
88 |             else:
89 |                 log.error("_do_send: core import FAILED: %s" % e)
90 |             self._append_response("\n[Import error - core: %s]\n" % e)
   |             ^^^^^^^^^^^^^^^^^^^^^
91 |             self._terminal_status = "Error"
92 |             return
   |
info: rule `unresolved-attribute` is enabled by default

error[invalid-assignment]: Object of type `Unknown` is not assignable to attribute `active_specialized_domain` on type `~AlwaysFalsy`
  --> plugin/modules/chatbot/tool_loop.py:97:17
   |
95 |         def set_active_domain(domain):
96 |             if hasattr(self, "session") and self.session:
97 |                 self.session.active_specialized_domain = domain
   |                 ^^^^^^^^^^^^^^^^^^^^^^^^^^^^^^^^^^^^^^
98 |                 log.debug("_do_send: updated active specialized domain to: %s", domain)
   |
info: rule `invalid-assignment` is enabled by default

error[unresolved-attribute]: Unresolved attribute `approved` on type `Event`
   --> plugin/modules/chatbot/tool_loop.py:150:33
    |
148 | …                         return True
149 | …                     event = threading.Event()
150 | …                     event.approved = False
    |                       ^^^^^^^^^^^^^^
151 | …                     event.query_override = None
152 | …                     q.put(
    |
info: rule `unresolved-attribute` is enabled by default

error[unresolved-attribute]: Unresolved attribute `query_override` on type `Event`
   --> plugin/modules/chatbot/tool_loop.py:151:33
    |
149 | …                     event = threading.Event()
150 | …                     event.approved = False
151 | …                     event.query_override = None
    |                       ^^^^^^^^^^^^^^^^^^^^
152 | …                     q.put(
153 | …                         (
    |
info: rule `unresolved-attribute` is enabled by default

error[unresolved-attribute]: Object of type `Event` has no attribute `approved`
   --> plugin/modules/chatbot/tool_loop.py:161:40
    |
159 | …                     )
160 | …                     event.wait()
161 | …                     if not event.approved:
    |                              ^^^^^^^^^^^^^^
162 | …                         q.put(("stopped",))
163 | …                     return (
    |
info: rule `unresolved-attribute` is enabled by default

error[unresolved-attribute]: Object of type `Event` has no attribute `approved`
   --> plugin/modules/chatbot/tool_loop.py:164:42
    |
162 | …                         q.put(("stopped",))
163 | …                     return (
164 | …                         bool(event.approved),
    |                                ^^^^^^^^^^^^^^
165 | …                         getattr(event, "query_override", None),
166 | …                     )
    |
info: rule `unresolved-attribute` is enabled by default

error[unresolved-attribute]: Object of type `Self@_do_send_chat_with_tools` has no attribute `_append_response`
   --> plugin/modules/chatbot/tool_loop.py:214:13
    |
212 |             else:
213 |                 log.error("_do_send: tool import FAILED: %s" % e)
214 |             self._append_response("\n[Import error - tools: %s]\n" % e)
    |             ^^^^^^^^^^^^^^^^^^^^^
215 |             self._terminal_status = "Error"
216 |             return
    |
info: rule `unresolved-attribute` is enabled by default

error[unresolved-attribute]: Object of type `Self@_do_send_chat_with_tools` has no attribute `ctx`
   --> plugin/modules/chatbot/tool_loop.py:218:41
    |
216 |             return
217 |
218 |         extra_instructions = get_config(self.ctx, "additional_instructions") or ""
    |                                         ^^^^^^^^
219 |         self.session.messages[0]["content"] = get_chat_system_prompt_for_document(
220 |             model, extra_instructions, ctx=self.ctx
    |
info: rule `unresolved-attribute` is enabled by default

error[unresolved-attribute]: Object of type `Self@_do_send_chat_with_tools` has no attribute `session`
   --> plugin/modules/chatbot/tool_loop.py:219:9
    |
218 |         extra_instructions = get_config(self.ctx, "additional_instructions") or ""
219 |         self.session.messages[0]["content"] = get_chat_system_prompt_for_document(
    |         ^^^^^^^^^^^^
220 |             model, extra_instructions, ctx=self.ctx
221 |         )
    |
info: rule `unresolved-attribute` is enabled by default

error[unresolved-attribute]: Object of type `Self@_do_send_chat_with_tools` has no attribute `ctx`
   --> plugin/modules/chatbot/tool_loop.py:220:44
    |
218 |         extra_instructions = get_config(self.ctx, "additional_instructions") or ""
219 |         self.session.messages[0]["content"] = get_chat_system_prompt_for_document(
220 |             model, extra_instructions, ctx=self.ctx
    |                                            ^^^^^^^^
221 |         )
    |
info: rule `unresolved-attribute` is enabled by default

error[unresolved-attribute]: Object of type `Self@_do_send_chat_with_tools` has no attribute `model_selector`
   --> plugin/modules/chatbot/tool_loop.py:223:12
    |
221 |         )
222 |
223 |         if self.model_selector:
    |            ^^^^^^^^^^^^^^^^^^^
224 |             selected_model = self.model_selector.getText()
225 |             if selected_model:
    |
info: rule `unresolved-attribute` is enabled by default

error[unresolved-attribute]: Object of type `Self@_do_send_chat_with_tools` has no attribute `model_selector`
   --> plugin/modules/chatbot/tool_loop.py:224:30
    |
223 |         if self.model_selector:
224 |             selected_model = self.model_selector.getText()
    |                              ^^^^^^^^^^^^^^^^^^^
225 |             if selected_model:
226 |                 from plugin.framework.config import set_config
    |
info: rule `unresolved-attribute` is enabled by default

error[unresolved-attribute]: Object of type `Self@_do_send_chat_with_tools` has no attribute `ctx`
   --> plugin/modules/chatbot/tool_loop.py:228:28
    |
226 |                 from plugin.framework.config import set_config
227 |
228 |                 set_config(self.ctx, "text_model", selected_model)
    |                            ^^^^^^^^
229 |                 current_endpoint = get_current_endpoint(self.ctx)
230 |                 update_lru_history(
    |
info: rule `unresolved-attribute` is enabled by default

error[unresolved-attribute]: Object of type `Self@_do_send_chat_with_tools` has no attribute `ctx`
   --> plugin/modules/chatbot/tool_loop.py:229:57
    |
228 |                 set_config(self.ctx, "text_model", selected_model)
229 |                 current_endpoint = get_current_endpoint(self.ctx)
    |                                                         ^^^^^^^^
230 |                 update_lru_history(
231 |                     self.ctx, selected_model, "model_lru", current_endpoint
    |
info: rule `unresolved-attribute` is enabled by default

error[unresolved-attribute]: Object of type `Self@_do_send_chat_with_tools` has no attribute `ctx`
   --> plugin/modules/chatbot/tool_loop.py:231:21
    |
229 |                 current_endpoint = get_current_endpoint(self.ctx)
230 |                 update_lru_history(
231 |                     self.ctx, selected_model, "model_lru", current_endpoint
    |                     ^^^^^^^^
232 |                 )
233 |                 log.debug("_do_send: text model updated to %s" % selected_model)
    |
info: rule `unresolved-attribute` is enabled by default

error[unresolved-attribute]: Object of type `Self@_do_send_chat_with_tools` has no attribute `image_model_selector`
   --> plugin/modules/chatbot/tool_loop.py:234:12
    |
232 |                 )
233 |                 log.debug("_do_send: text model updated to %s" % selected_model)
234 |         if self.image_model_selector:
    |            ^^^^^^^^^^^^^^^^^^^^^^^^^
235 |             selected_image_model = self.image_model_selector.getText()
236 |             if selected_image_model:
    |
info: rule `unresolved-attribute` is enabled by default

error[unresolved-attribute]: Object of type `Self@_do_send_chat_with_tools` has no attribute `image_model_selector`
   --> plugin/modules/chatbot/tool_loop.py:235:36
    |
233 |                 log.debug("_do_send: text model updated to %s" % selected_model)
234 |         if self.image_model_selector:
235 |             selected_image_model = self.image_model_selector.getText()
    |                                    ^^^^^^^^^^^^^^^^^^^^^^^^^
236 |             if selected_image_model:
237 |                 set_image_model(self.ctx, selected_image_model)
    |
info: rule `unresolved-attribute` is enabled by default

error[unresolved-attribute]: Object of type `Self@_do_send_chat_with_tools` has no attribute `ctx`
   --> plugin/modules/chatbot/tool_loop.py:237:33
    |
235 |             selected_image_model = self.image_model_selector.getText()
236 |             if selected_image_model:
237 |                 set_image_model(self.ctx, selected_image_model)
    |                                 ^^^^^^^^
238 |                 log.debug("_do_send: image model updated to %s" % selected_image_model)
    |
info: rule `unresolved-attribute` is enabled by default

error[unresolved-attribute]: Object of type `Self@_do_send_chat_with_tools` has no attribute `ctx`
   --> plugin/modules/chatbot/tool_loop.py:240:38
    |
238 |                 log.debug("_do_send: image model updated to %s" % selected_image_model)
239 |
240 |         max_context = int(get_config(self.ctx, "chat_context_length"))
    |                                      ^^^^^^^^
241 |         max_tokens = int(get_config(self.ctx, "chat_max_tokens"))
242 |         log.debug(
    |
info: rule `unresolved-attribute` is enabled by default

error[unresolved-attribute]: Object of type `Self@_do_send_chat_with_tools` has no attribute `ctx`
   --> plugin/modules/chatbot/tool_loop.py:241:37
    |
240 |         max_context = int(get_config(self.ctx, "chat_context_length"))
241 |         max_tokens = int(get_config(self.ctx, "chat_max_tokens"))
    |                                     ^^^^^^^^
242 |         log.debug(
243 |             "_do_send: config loaded: max_tokens=%d, max_context=%d"
    |
info: rule `unresolved-attribute` is enabled by default

error[unresolved-attribute]: Object of type `Self@_do_send_chat_with_tools` has no attribute `ctx`
   --> plugin/modules/chatbot/tool_loop.py:249:37
    |
247 |         use_tools = True
248 |
249 |         api_config = get_api_config(self.ctx)
    |                                     ^^^^^^^^
250 |         ok, err_msg = validate_api_config(api_config)
251 |         if not ok:
    |
info: rule `unresolved-attribute` is enabled by default

error[unresolved-attribute]: Object of type `Self@_do_send_chat_with_tools` has no attribute `_append_response`
   --> plugin/modules/chatbot/tool_loop.py:252:13
    |
250 |         ok, err_msg = validate_api_config(api_config)
251 |         if not ok:
252 |             self._append_response("\n[%s]\n" % err_msg)
    |             ^^^^^^^^^^^^^^^^^^^^^
253 |             self._terminal_status = "Error"
254 |             self._set_status("Error")
    |
info: rule `unresolved-attribute` is enabled by default

error[unresolved-attribute]: Object of type `Self@_do_send_chat_with_tools` has no attribute `_set_status`
   --> plugin/modules/chatbot/tool_loop.py:254:13
    |
252 |             self._append_response("\n[%s]\n" % err_msg)
253 |             self._terminal_status = "Error"
254 |             self._set_status("Error")
    |             ^^^^^^^^^^^^^^^^
255 |             return
    |
info: rule `unresolved-attribute` is enabled by default

error[unresolved-attribute]: Object of type `Self@_do_send_chat_with_tools` has no attribute `ctx`
   --> plugin/modules/chatbot/tool_loop.py:258:49
    |
257 |         if not self.client:
258 |             self.client = LlmClient(api_config, self.ctx)
    |                                                 ^^^^^^^^
259 |         else:
260 |             self.client.config = api_config
    |
info: rule `unresolved-attribute` is enabled by default

error[unresolved-attribute]: Object of type `Self@_do_send_chat_with_tools` has no attribute `_set_status`
   --> plugin/modules/chatbot/tool_loop.py:263:9
    |
261 |         client = self.client
262 |
263 |         self._set_status("Reading document...")
    |         ^^^^^^^^^^^^^^^^
264 |         try:
265 |             doc_text = get_document_context_for_chat(
    |
info: rule `unresolved-attribute` is enabled by default

error[unresolved-attribute]: Object of type `Self@_do_send_chat_with_tools` has no attribute `ctx`
   --> plugin/modules/chatbot/tool_loop.py:270:21
    |
268 |                 include_end=True,
269 |                 include_selection=True,
270 |                 ctx=self.ctx,
    |                     ^^^^^^^^
271 |             )
272 |             log.debug("_do_send: document context length=%d" % len(doc_text))
    |
info: rule `unresolved-attribute` is enabled by default

error[unresolved-attribute]: Object of type `Self@_do_send_chat_with_tools` has no attribute `session`
   --> plugin/modules/chatbot/tool_loop.py:283:13
    |
281 |                 hypothesis_id="B",
282 |             )
283 |             self.session.update_document_context(doc_text)
    |             ^^^^^^^^^^^^
284 |         except UnoObjectError as e:
285 |             log.error("Document unavailable: %s" % e, extra={"context": "document_context"})
    |
info: rule `unresolved-attribute` is enabled by default

error[unresolved-attribute]: Object of type `Self@_do_send_chat_with_tools` has no attribute `_append_response`
   --> plugin/modules/chatbot/tool_loop.py:286:13
    |
284 |         except UnoObjectError as e:
285 |             log.error("Document unavailable: %s" % e, extra={"context": "document_context"})
286 |             self._append_response("\n[Document closed or unavailable.]\n")
    |             ^^^^^^^^^^^^^^^^^^^^^
287 |             self._terminal_status = "Error"
288 |             self._set_status("Error")
    |
info: rule `unresolved-attribute` is enabled by default

error[unresolved-attribute]: Object of type `Self@_do_send_chat_with_tools` has no attribute `_set_status`
   --> plugin/modules/chatbot/tool_loop.py:288:13
    |
286 |             self._append_response("\n[Document closed or unavailable.]\n")
287 |             self._terminal_status = "Error"
288 |             self._set_status("Error")
    |             ^^^^^^^^^^^^^^^^
289 |             return
290 |         except Exception as e:
    |
info: rule `unresolved-attribute` is enabled by default

error[unresolved-attribute]: Object of type `Self@_do_send_chat_with_tools` has no attribute `_append_response`
   --> plugin/modules/chatbot/tool_loop.py:299:17
    |
297 |             if is_disposed:
298 |                 log.debug("Document likely disposed while reading context: %s", e)
299 |                 self._append_response("\n[Document closed or unavailable.]\n")
    |                 ^^^^^^^^^^^^^^^^^^^^^
300 |             else:
301 |                 log.error("Unexpected document error: %s" % e, extra={"context": "document_context"})
    |
info: rule `unresolved-attribute` is enabled by default

error[unresolved-attribute]: Object of type `Self@_do_send_chat_with_tools` has no attribute `_append_response`
   --> plugin/modules/chatbot/tool_loop.py:307:17
    |
305 |                     details={"original_error": str(e), "type": type(e).__name__}
306 |                 )
307 |                 self._append_response("\n[Error reading document: %s]\n" % wrapped_error.message)
    |                 ^^^^^^^^^^^^^^^^^^^^^
308 |             self._terminal_status = "Error"
309 |             self._set_status("Error")
    |
info: rule `unresolved-attribute` is enabled by default

error[unresolved-attribute]: Object of type `Self@_do_send_chat_with_tools` has no attribute `_set_status`
   --> plugin/modules/chatbot/tool_loop.py:309:13
    |
307 |                 self._append_response("\n[Error reading document: %s]\n" % wrapped_error.message)
308 |             self._terminal_status = "Error"
309 |             self._set_status("Error")
    |             ^^^^^^^^^^^^^^^^
310 |             return
    |
info: rule `unresolved-attribute` is enabled by default

error[unresolved-attribute]: Object of type `Self@_do_send_chat_with_tools` has no attribute `session`
   --> plugin/modules/chatbot/tool_loop.py:330:17
    |
328 |                 content_list.append(audio_msg)
329 |
330 |                 self.session.add_user_message(content_list)
    |                 ^^^^^^^^^^^^
331 |
332 |                 display_text = (
    |
info: rule `unresolved-attribute` is enabled by default

error[unresolved-attribute]: Object of type `Self@_do_send_chat_with_tools` has no attribute `_append_response`
   --> plugin/modules/chatbot/tool_loop.py:337:17
    |
335 |                     else "[Audio Message]"
336 |                 )
337 |                 self._append_response("\nYou: %s\n" % display_text)
    |                 ^^^^^^^^^^^^^^^^^^^^^
338 |                 # Note: We do NOT delete the audio file yet, in case native call fails and we need STT fallback
339 |             except (IOError, OSError) as e:
    |
info: rule `unresolved-attribute` is enabled by default

error[unresolved-attribute]: Object of type `Self@_do_send_chat_with_tools` has no attribute `session`
   --> plugin/modules/chatbot/tool_loop.py:343:17
    |
341 |                 # Preserve file for debugging
342 |                 log.debug("Audio file preserved at: %s" % self.audio_wav_path)
343 |                 self.session.add_user_message(query_text)
    |                 ^^^^^^^^^^^^
344 |                 self._append_response("\nYou: %s\n" % query_text)
345 |                 self.audio_wav_path = None
    |
info: rule `unresolved-attribute` is enabled by default

error[unresolved-attribute]: Object of type `Self@_do_send_chat_with_tools` has no attribute `_append_response`
   --> plugin/modules/chatbot/tool_loop.py:344:17
    |
342 |                 log.debug("Audio file preserved at: %s" % self.audio_wav_path)
343 |                 self.session.add_user_message(query_text)
344 |                 self._append_response("\nYou: %s\n" % query_text)
    |                 ^^^^^^^^^^^^^^^^^^^^^
345 |                 self.audio_wav_path = None
346 |             except Exception as e:
    |
info: rule `unresolved-attribute` is enabled by default

error[unresolved-attribute]: Object of type `Self@_do_send_chat_with_tools` has no attribute `session`
   --> plugin/modules/chatbot/tool_loop.py:352:17
    |
350 |                 else:
351 |                     log.error("Unexpected audio error: %s" % e, extra={"context": "audio_handling"})
352 |                 self.session.add_user_message(query_text)
    |                 ^^^^^^^^^^^^
353 |                 self._append_response("\nYou: %s\n" % query_text)
354 |                 self.audio_wav_path = None
    |
info: rule `unresolved-attribute` is enabled by default

error[unresolved-attribute]: Object of type `Self@_do_send_chat_with_tools` has no attribute `_append_response`
   --> plugin/modules/chatbot/tool_loop.py:353:17
    |
351 |                     log.error("Unexpected audio error: %s" % e, extra={"context": "audio_handling"})
352 |                 self.session.add_user_message(query_text)
353 |                 self._append_response("\nYou: %s\n" % query_text)
    |                 ^^^^^^^^^^^^^^^^^^^^^
354 |                 self.audio_wav_path = None
355 |         else:
    |
info: rule `unresolved-attribute` is enabled by default

error[unresolved-attribute]: Object of type `Self@_do_send_chat_with_tools` has no attribute `session`
   --> plugin/modules/chatbot/tool_loop.py:356:13
    |
354 |                 self.audio_wav_path = None
355 |         else:
356 |             self.session.add_user_message(query_text)
    |             ^^^^^^^^^^^^
357 |             self._append_response("\nYou: %s\n" % query_text)
    |
info: rule `unresolved-attribute` is enabled by default

error[unresolved-attribute]: Object of type `Self@_do_send_chat_with_tools` has no attribute `_append_response`
   --> plugin/modules/chatbot/tool_loop.py:357:13
    |
355 |         else:
356 |             self.session.add_user_message(query_text)
357 |             self._append_response("\nYou: %s\n" % query_text)
    |             ^^^^^^^^^^^^^^^^^^^^^
358 |
359 |         self._append_response("\n[Using chat model.]\n")
    |
info: rule `unresolved-attribute` is enabled by default

error[unresolved-attribute]: Object of type `Self@_do_send_chat_with_tools` has no attribute `_append_response`
   --> plugin/modules/chatbot/tool_loop.py:359:9
    |
357 |             self._append_response("\nYou: %s\n" % query_text)
358 |
359 |         self._append_response("\n[Using chat model.]\n")
    |         ^^^^^^^^^^^^^^^^^^^^^
360 |         log.info("_do_send: using chat model")
    |
info: rule `unresolved-attribute` is enabled by default

error[unresolved-attribute]: Object of type `Self@_do_send_chat_with_tools` has no attribute `_set_status`
   --> plugin/modules/chatbot/tool_loop.py:362:9
    |
360 |         log.info("_do_send: using chat model")
361 |
362 |         self._set_status("Connecting to AI (tools=%s)..." % use_tools)
    |         ^^^^^^^^^^^^^^^^
363 |         log.debug(
364 |             "_do_send: calling AI, use_tools=%s, messages=%d"
    |
info: rule `unresolved-attribute` is enabled by default

error[unresolved-attribute]: Object of type `Self@_do_send_chat_with_tools` has no attribute `session`
   --> plugin/modules/chatbot/tool_loop.py:365:31
    |
363 |         log.debug(
364 |             "_do_send: calling AI, use_tools=%s, messages=%d"
365 |             % (use_tools, len(self.session.messages))
    |                               ^^^^^^^^^^^^
366 |         )
    |
info: rule `unresolved-attribute` is enabled by default

error[unresolved-attribute]: Object of type `Self@_spawn_llm_worker` has no attribute `session`
   --> plugin/modules/chatbot/tool_loop.py:388:31
    |
386 |         log.debug(
387 |             "Tool loop round %d: sending %d messages to API..."
388 |             % (round_num, len(self.session.messages))
    |                               ^^^^^^^^^^^^
389 |         )
390 |         self._set_status(
    |
info: rule `unresolved-attribute` is enabled by default

error[unresolved-attribute]: Object of type `Self@_spawn_llm_worker` has no attribute `_set_status`
   --> plugin/modules/chatbot/tool_loop.py:390:9
    |
388 |             % (round_num, len(self.session.messages))
389 |         )
390 |         self._set_status(
    |         ^^^^^^^^^^^^^^^^
391 |             "Thinking..." if round_num == 0 else "Thinking (round %d)..."
392 |             % (round_num + 1)
    |
info: rule `unresolved-attribute` is enabled by default

error[unresolved-attribute]: Object of type `Self@_spawn_llm_worker` has no attribute `session`
   --> plugin/modules/chatbot/tool_loop.py:398:21
    |
396 |             try:
397 |                 response = client.stream_request_with_tools(
398 |                     self.session.messages,
    |                     ^^^^^^^^^^^^
399 |                     max_tokens,
400 |                     tools=tools,
    |
info: rule `unresolved-attribute` is enabled by default

error[unresolved-attribute]: Object of type `Self@_spawn_llm_worker` has no attribute `stop_requested`
   --> plugin/modules/chatbot/tool_loop.py:403:42
    |
401 |                     append_callback=lambda t: q.put(("chunk", t)),
402 |                     append_thinking_callback=lambda t: q.put(("thinking", t)),
403 |                     stop_checker=lambda: self.stop_requested,
    |                                          ^^^^^^^^^^^^^^^^^^^
404 |                 )
405 |                 if self.stop_requested:
    |
info: rule `unresolved-attribute` is enabled by default

error[unresolved-attribute]: Object of type `Self@_spawn_llm_worker` has no attribute `stop_requested`
   --> plugin/modules/chatbot/tool_loop.py:405:20
    |
403 |                     stop_checker=lambda: self.stop_requested,
404 |                 )
405 |                 if self.stop_requested:
    |                    ^^^^^^^^^^^^^^^^^^^
406 |                     q.put(("stopped",))
407 |                 else:
    |
info: rule `unresolved-attribute` is enabled by default

error[unresolved-attribute]: Object of type `Self@_spawn_final_stream` has no attribute `_set_status`
   --> plugin/modules/chatbot/tool_loop.py:424:9
    |
422 |         """Spawn a background thread for a final no-tools stream into q."""
423 |         update_activity_state("exhausted_rounds")
424 |         self._set_status("Finishing...")
    |         ^^^^^^^^^^^^^^^^
425 |         self._append_response("\nAI: ")
    |
info: rule `unresolved-attribute` is enabled by default

error[unresolved-attribute]: Object of type `Self@_spawn_final_stream` has no attribute `_append_response`
   --> plugin/modules/chatbot/tool_loop.py:425:9
    |
423 |         update_activity_state("exhausted_rounds")
424 |         self._set_status("Finishing...")
425 |         self._append_response("\nAI: ")
    |         ^^^^^^^^^^^^^^^^^^^^^
426 |
427 |         def run_final():
    |
info: rule `unresolved-attribute` is enabled by default

error[unresolved-attribute]: Object of type `Self@_spawn_final_stream` has no attribute `session`
   --> plugin/modules/chatbot/tool_loop.py:439:21
    |
438 |                 client.stream_chat_response(
439 |                     self.session.messages,
    |                     ^^^^^^^^^^^^
440 |                     max_tokens,
441 |                     append_c,
    |
info: rule `unresolved-attribute` is enabled by default

error[unresolved-attribute]: Object of type `Self@_spawn_final_stream` has no attribute `stop_requested`
   --> plugin/modules/chatbot/tool_loop.py:443:42
    |
441 |                     append_c,
442 |                     append_t,
443 |                     stop_checker=lambda: self.stop_requested,
    |                                          ^^^^^^^^^^^^^^^^^^^
444 |                 )
445 |                 if self.stop_requested:
    |
info: rule `unresolved-attribute` is enabled by default

error[unresolved-attribute]: Object of type `Self@_spawn_final_stream` has no attribute `stop_requested`
   --> plugin/modules/chatbot/tool_loop.py:445:20
    |
443 |                     stop_checker=lambda: self.stop_requested,
444 |                 )
445 |                 if self.stop_requested:
    |                    ^^^^^^^^^^^^^^^^^^^
446 |                     q.put(("stopped",))
447 |                 else:
    |
info: rule `unresolved-attribute` is enabled by default

error[call-non-callable]: Object of type `object` is not callable
   --> plugin/modules/chatbot/tool_loop.py:525:23
    |
523 |         elif effect == "update_document_context":
524 |             try:
525 |                 doc = self._get_document_model() if hasattr(self, "_get_document_model") else None
    |                       ^^^^^^^^^^^^^^^^^^^^^^^^^^
526 |                 if doc:
527 |                     max_ctx = get_config(self.ctx, "chat_context_length") or 8000
    |
info: rule `call-non-callable` is enabled by default

error[unresolved-attribute]: Object of type `Self@_execute_effect` has no attribute `ctx`
   --> plugin/modules/chatbot/tool_loop.py:527:42
    |
525 |                 doc = self._get_document_model() if hasattr(self, "_get_document_model") else None
526 |                 if doc:
527 |                     max_ctx = get_config(self.ctx, "chat_context_length") or 8000
    |                                          ^^^^^^^^
528 |                     doc_text = get_document_context_for_chat(
529 |                         doc,
    |
info: rule `unresolved-attribute` is enabled by default

error[unresolved-attribute]: Object of type `Self@_execute_effect` has no attribute `ctx`
   --> plugin/modules/chatbot/tool_loop.py:533:29
    |
531 |                         include_end=True,
532 |                         include_selection=True,
533 |                         ctx=self.ctx,
    |                             ^^^^^^^^
534 |                     )
535 |                     self.session.update_document_context(doc_text)
    |
info: rule `unresolved-attribute` is enabled by default

error[unresolved-attribute]: Object of type `Self@_execute_effect` has no attribute `session`
   --> plugin/modules/chatbot/tool_loop.py:535:21
    |
533 |                         ctx=self.ctx,
534 |                     )
535 |                     self.session.update_document_context(doc_text)
    |                     ^^^^^^^^^^^^
536 |             except Exception:
537 |                 pass
    |
info: rule `unresolved-attribute` is enabled by default

error[unresolved-attribute]: Object of type `Self@_execute_effect` has no attribute `_append_response`
   --> plugin/modules/chatbot/tool_loop.py:541:17
    |
539 |         elif isinstance(effect, UIEffect):
540 |             if effect.kind == "append":
541 |                 self._append_response(effect.text)
    |                 ^^^^^^^^^^^^^^^^^^^^^
542 |             elif effect.kind == "status":
543 |                 self._set_status(effect.text)
    |
info: rule `unresolved-attribute` is enabled by default

error[unresolved-attribute]: Object of type `Self@_execute_effect` has no attribute `_set_status`
   --> plugin/modules/chatbot/tool_loop.py:543:17
    |
541 |                 self._append_response(effect.text)
542 |             elif effect.kind == "status":
543 |                 self._set_status(effect.text)
    |                 ^^^^^^^^^^^^^^^^
544 |                 if effect.text in ("Stopped", "Ready", "Error"):
545 |                     self._terminal_status = effect.text
    |
info: rule `unresolved-attribute` is enabled by default

error[unresolved-attribute]: Object of type `Self@_execute_effect` has no attribute `session`
   --> plugin/modules/chatbot/tool_loop.py:556:17
    |
554 |         elif isinstance(effect, AddMessageEffect):
555 |             if effect.role == "assistant":
556 |                 self.session.add_assistant_message(content=effect.content, tool_calls=effect.tool_calls)
    |                 ^^^^^^^^^^^^
557 |             elif effect.role == "tool":
558 |                 self.session.add_tool_result(effect.call_id, effect.content)
    |
info: rule `unresolved-attribute` is enabled by default

error[unresolved-attribute]: Object of type `Self@_execute_effect` has no attribute `session`
   --> plugin/modules/chatbot/tool_loop.py:558:17
    |
556 |                 self.session.add_assistant_message(content=effect.content, tool_calls=effect.tool_calls)
557 |             elif effect.role == "tool":
558 |                 self.session.add_tool_result(effect.call_id, effect.content)
    |                 ^^^^^^^^^^^^
559 |
560 |         elif isinstance(effect, SpawnLLMWorkerEffect):
    |
info: rule `unresolved-attribute` is enabled by default

error[unresolved-attribute]: Object of type `Self@_execute_effect` has no attribute `ctx`
   --> plugin/modules/chatbot/tool_loop.py:577:44
    |
576 |         elif effect.__class__.__name__ == "CleanupAudioEffect":
577 |             current_model = get_text_model(self.ctx)
    |                                            ^^^^^^^^
578 |             current_endpoint = get_current_endpoint(self.ctx)
579 |             set_native_audio_support(
    |
info: rule `unresolved-attribute` is enabled by default

error[unresolved-attribute]: Object of type `Self@_execute_effect` has no attribute `ctx`
   --> plugin/modules/chatbot/tool_loop.py:578:53
    |
576 |         elif effect.__class__.__name__ == "CleanupAudioEffect":
577 |             current_model = get_text_model(self.ctx)
578 |             current_endpoint = get_current_endpoint(self.ctx)
    |                                                     ^^^^^^^^
579 |             set_native_audio_support(
580 |                 self.ctx, current_model, current_endpoint, supported=True
    |
info: rule `unresolved-attribute` is enabled by default

error[unresolved-attribute]: Object of type `Self@_execute_effect` has no attribute `ctx`
   --> plugin/modules/chatbot/tool_loop.py:580:17
    |
578 |             current_endpoint = get_current_endpoint(self.ctx)
579 |             set_native_audio_support(
580 |                 self.ctx, current_model, current_endpoint, supported=True
    |                 ^^^^^^^^
581 |             )
582 |             import os
    |
info: rule `unresolved-attribute` is enabled by default

error[invalid-argument-type]: Argument to function `remove` is incorrect
   --> plugin/modules/chatbot/tool_loop.py:584:27
    |
582 |             import os
583 |             try:
584 |                 os.remove(self.audio_wav_path)
    |                           ^^^^^^^^^^^^^^^^^^^ Expected `str | bytes | PathLike[str] | PathLike[bytes]`, found `Unknown | None`
585 |             except Exception:
586 |                 pass
    |
info: Element `None` of this union is not assignable to `str | bytes | PathLike[str] | PathLike[bytes]`
info: Function defined here
    --> stdlib/os/__init__.pyi:1959:5
     |
1957 |     """
1958 |
1959 | def remove(path: StrOrBytesPath, *, dir_fd: int | None = None) -> None:
     |     ^^^^^^ -------------------- Parameter declared here
1960 |     """Remove a file (same as unlink()).
     |
info: rule `invalid-argument-type` is enabled by default

error[unresolved-attribute]: Object of type `Self@_execute_effect` has no attribute `image_model_selector`
   --> plugin/modules/chatbot/tool_loop.py:596:17
    |
595 |             image_model_override = (
596 |                 self.image_model_selector.getText()
    |                 ^^^^^^^^^^^^^^^^^^^^^^^^^
597 |                 if self.image_model_selector
598 |                 else None
    |
info: rule `unresolved-attribute` is enabled by default

error[unresolved-attribute]: Object of type `Self@_execute_effect` has no attribute `image_model_selector`
   --> plugin/modules/chatbot/tool_loop.py:597:20
    |
595 |             image_model_override = (
596 |                 self.image_model_selector.getText()
597 |                 if self.image_model_selector
    |                    ^^^^^^^^^^^^^^^^^^^^^^^^^
598 |                 else None
599 |             )
    |
info: rule `unresolved-attribute` is enabled by default

error[unresolved-attribute]: Object of type `Self@_execute_effect` has no attribute `ctx`
   --> plugin/modules/chatbot/tool_loop.py:617:33
    |
615 | …                     func_args,
616 | …                     self._active_model,
617 | …                     self.ctx,
    |                       ^^^^^^^^
618 | …                     status_callback=tool_status_callback,
619 | …                     append_thinking_callback=tool_thinking_callback,
    |
info: rule `unresolved-attribute` is enabled by default

error[unresolved-attribute]: Object of type `Self@_execute_effect` has no attribute `stop_requested`
   --> plugin/modules/chatbot/tool_loop.py:620:54
    |
618 |                                 status_callback=tool_status_callback,
619 |                                 append_thinking_callback=tool_thinking_callback,
620 |                                 stop_checker=lambda: self.stop_requested,
    |                                                      ^^^^^^^^^^^^^^^^^^^
621 |                             )
622 |                         else:
    |
info: rule `unresolved-attribute` is enabled by default

error[unresolved-attribute]: Object of type `Self@_execute_effect` has no attribute `ctx`
   --> plugin/modules/chatbot/tool_loop.py:627:33
    |
625 | …                         func_args,
626 | …                         self._active_model,
627 | …                         self.ctx,
    |                           ^^^^^^^^
628 | …                         stop_checker=lambda: self.stop_requested,
629 | …                     )
    |
info: rule `unresolved-attribute` is enabled by default

error[unresolved-attribute]: Object of type `Self@_execute_effect` has no attribute `stop_requested`
   --> plugin/modules/chatbot/tool_loop.py:628:54
    |
626 |                                 self._active_model,
627 |                                 self.ctx,
628 |                                 stop_checker=lambda: self.stop_requested,
    |                                                      ^^^^^^^^^^^^^^^^^^^
629 |                             )
630 |                         self._active_q.put(("tool_done", call_id, func_name, func_args_str, res))
    |
info: rule `unresolved-attribute` is enabled by default

error[unresolved-attribute]: Object of type `Self@_execute_effect` has no attribute `ctx`
   --> plugin/modules/chatbot/tool_loop.py:644:29
    |
642 |                             func_args,
643 |                             self._active_model,
644 |                             self.ctx,
    |                             ^^^^^^^^
645 |                             status_callback=tool_status_callback,
646 |                         )
    |
info: rule `unresolved-attribute` is enabled by default

error[unresolved-attribute]: Object of type `Self@_execute_effect` has no attribute `ctx`
   --> plugin/modules/chatbot/tool_loop.py:649:71
    |
647 |                     else:
648 |                         res = self._active_execute_tool_fn(
649 |                             func_name, func_args, self._active_model, self.ctx
    |                                                                       ^^^^^^^^
650 |                         )
651 |                     self._active_q.put(("tool_done", call_id, func_name, func_args_str, res))
    |
info: rule `unresolved-attribute` is enabled by default

error[unresolved-attribute]: Object of type `Self@_handle_stream_completion` has no attribute `stop_requested`
   --> plugin/modules/chatbot/tool_loop.py:660:36
    |
658 |     def _handle_stream_completion(self, item):
659 |         kind = item[0] if isinstance(item, (tuple, list)) else item
660 |         if kind == "next_tool" and self.stop_requested and not self._sm_state.is_stopped:
    |                                    ^^^^^^^^^^^^^^^^^^^
661 |             # Synchronize stop state into the state machine
662 |             self._sm_state = dataclasses.replace(self._sm_state, is_stopped=True)
    |
info: rule `unresolved-attribute` is enabled by default

error[unresolved-attribute]: Object of type `Self@_handle_stream_error` has no attribute `ctx`
   --> plugin/modules/chatbot/tool_loop.py:698:40
    |
697 |     def _handle_stream_error(self, e):
698 |         current_model = get_text_model(self.ctx)
    |                                        ^^^^^^^^
699 |         current_endpoint = get_current_endpoint(self.ctx)
    |
info: rule `unresolved-attribute` is enabled by default

error[unresolved-attribute]: Object of type `Self@_handle_stream_error` has no attribute `ctx`
   --> plugin/modules/chatbot/tool_loop.py:699:49
    |
697 |     def _handle_stream_error(self, e):
698 |         current_model = get_text_model(self.ctx)
699 |         current_endpoint = get_current_endpoint(self.ctx)
    |                                                 ^^^^^^^^
700 |
701 |         # If native audio failed, cache it and try STT fallback
    |
info: rule `unresolved-attribute` is enabled by default

error[unresolved-attribute]: Object of type `Self@_handle_stream_error` has no attribute `ctx`
   --> plugin/modules/chatbot/tool_loop.py:710:17
    |
708 |             )
709 |             set_native_audio_support(
710 |                 self.ctx, current_model, current_endpoint, supported=False
    |                 ^^^^^^^^
711 |             )
    |
info: rule `unresolved-attribute` is enabled by default

error[unresolved-attribute]: Object of type `Self@_handle_stream_error` has no attribute `ctx`
   --> plugin/modules/chatbot/tool_loop.py:713:39
    |
711 |             )
712 |
713 |             stt_model = get_stt_model(self.ctx)
    |                                       ^^^^^^^^
714 |             if stt_model:
715 |                 if (
    |
info: rule `unresolved-attribute` is enabled by default

error[unresolved-attribute]: Object of type `Self@_handle_stream_error` has no attribute `session`
   --> plugin/modules/chatbot/tool_loop.py:716:21
    |
714 |             if stt_model:
715 |                 if (
716 |                     self.session.messages
    |                     ^^^^^^^^^^^^
717 |                     and self.session.messages[-1]["role"] == "user"
718 |                 ):
    |
info: rule `unresolved-attribute` is enabled by default

error[unresolved-attribute]: Object of type `Self@_handle_stream_error` has no attribute `session`
   --> plugin/modules/chatbot/tool_loop.py:717:25
    |
715 |                 if (
716 |                     self.session.messages
717 |                     and self.session.messages[-1]["role"] == "user"
    |                         ^^^^^^^^^^^^
718 |                 ):
719 |                     self.session.messages.pop()
    |
info: rule `unresolved-attribute` is enabled by default

error[unresolved-attribute]: Object of type `Self@_handle_stream_error` has no attribute `session`
   --> plugin/modules/chatbot/tool_loop.py:719:21
    |
717 |                     and self.session.messages[-1]["role"] == "user"
718 |                 ):
719 |                     self.session.messages.pop()
    |                     ^^^^^^^^^^^^
720 |
721 |                 self._append_response(
    |
info: rule `unresolved-attribute` is enabled by default

error[unresolved-attribute]: Object of type `Self@_handle_stream_error` has no attribute `_append_response`
   --> plugin/modules/chatbot/tool_loop.py:721:17
    |
719 |                     self.session.messages.pop()
720 |
721 |                 self._append_response(
    |                 ^^^^^^^^^^^^^^^^^^^^^
722 |                     "\n[Model does not support audio. Falling back to STT...]\n"
723 |                 )
    |
info: rule `unresolved-attribute` is enabled by default

error[unresolved-attribute]: Object of type `Self@_handle_stream_error` has no attribute `_transcribe_audio`
   --> plugin/modules/chatbot/tool_loop.py:725:34
    |
723 |                 )
724 |                 try:
725 |                     transcript = self._transcribe_audio(self.audio_wav_path, stt_model)
    |                                  ^^^^^^^^^^^^^^^^^^^^^^
726 |                     if transcript:
727 |                         combined = (self._active_query_text + "\n" + transcript).strip() if self._active_query_text else transcript
    |
info: rule `unresolved-attribute` is enabled by default

error[call-non-callable]: Object of type `object` is not callable
   --> plugin/modules/chatbot/tool_loop.py:728:36
    |
726 | …         if transcript:
727 | …             combined = (self._active_query_text + "\n" + transcript).strip() if self._active_query_text else transcript
728 | …             doc_type = self._get_doc_type_str(self._active_model).lower() if hasattr(self, "_get_doc_type_str") else "writer"
    |                          ^^^^^^^^^^^^^^^^^^^^^^^^^^^^^^^^^^^^^^^^^^
729 | …             self._do_send_chat_with_tools(combined, self._active_model, doc_type)
730 | …     except Exception:
    |
info: rule `call-non-callable` is enabled by default

error[unresolved-attribute]: Object of type `Self@_handle_stream_error` has no attribute `_append_response`
   --> plugin/modules/chatbot/tool_loop.py:736:9
    |
734 |         # If we reached here, it's either not a modality error or STT is not configured
735 |         err_msg = format_error_message(e)
736 |         self._append_response("\n[API error: %s]\n" % err_msg)
    |         ^^^^^^^^^^^^^^^^^^^^^
737 |         self._terminal_status = "Error"
738 |         self._set_status("Error")
    |
info: rule `unresolved-attribute` is enabled by default

error[unresolved-attribute]: Object of type `Self@_handle_stream_error` has no attribute `_set_status`
   --> plugin/modules/chatbot/tool_loop.py:738:9
    |
736 |         self._append_response("\n[API error: %s]\n" % err_msg)
737 |         self._terminal_status = "Error"
738 |         self._set_status("Error")
    |         ^^^^^^^^^^^^^^^^
739 |         # Cleanup audio if we aren't falling back
740 |         if self.audio_wav_path:
    |
info: rule `unresolved-attribute` is enabled by default

error[unresolved-attribute]: Object of type `Self@_start_tool_calling_async` has no attribute `_append_response`
   --> plugin/modules/chatbot/tool_loop.py:782:9
    |
780 |             % max_tool_rounds
781 |         )
782 |         self._append_response("\nAI: ")
    |         ^^^^^^^^^^^^^^^^^^^^^
783 |
784 |         try:
    |
info: rule `unresolved-attribute` is enabled by default

error[unresolved-attribute]: Object of type `Self@_start_tool_calling_async` has no attribute `ctx`
   --> plugin/modules/chatbot/tool_loop.py:820:32
    |
818 |             try:
819 |                 show_search_thinking = as_bool(
820 |                     get_config(self.ctx, "chatbot.show_search_thinking")
    |                                ^^^^^^^^
821 |                 )
822 |             except (ValueError, TypeError) as e:
    |
info: rule `unresolved-attribute` is enabled by default

error[unresolved-attribute]: Object of type `Self@_start_tool_calling_async` has no attribute `ctx`
   --> plugin/modules/chatbot/tool_loop.py:827:27
    |
826 |             try:
827 |                 toolkit = self.ctx.getServiceManager().createInstanceWithContext(
    |                           ^^^^^^^^
828 |                     "com.sun.star.awt.Toolkit", self.ctx
829 |                 )
    |
info: rule `unresolved-attribute` is enabled by default

error[unresolved-attribute]: Object of type `Self@_start_tool_calling_async` has no attribute `ctx`
   --> plugin/modules/chatbot/tool_loop.py:828:49
    |
826 |             try:
827 |                 toolkit = self.ctx.getServiceManager().createInstanceWithContext(
828 |                     "com.sun.star.awt.Toolkit", self.ctx
    |                                                 ^^^^^^^^
829 |                 )
830 |             except Exception as e:
    |
info: rule `unresolved-attribute` is enabled by default

error[unresolved-attribute]: Object of type `Self@_start_tool_calling_async` has no attribute `_append_response`
   --> plugin/modules/chatbot/tool_loop.py:837:17
    |
835 |                 else:
836 |                     log.error("Failed to create Toolkit instance: %s", e)
837 |                 self._append_response("\n[Error: %s]\n" % str(e))
    |                 ^^^^^^^^^^^^^^^^^^^^^
838 |                 self._terminal_status = "Error"
839 |                 self._set_status("Error")
    |
info: rule `unresolved-attribute` is enabled by default

error[unresolved-attribute]: Object of type `Self@_start_tool_calling_async` has no attribute `_set_status`
   --> plugin/modules/chatbot/tool_loop.py:839:17
    |
837 |                 self._append_response("\n[Error: %s]\n" % str(e))
838 |                 self._terminal_status = "Error"
839 |                 self._set_status("Error")
    |                 ^^^^^^^^^^^^^^^^
840 |                 return
    |
info: rule `unresolved-attribute` is enabled by default

error[unresolved-attribute]: Object of type `Self@_start_tool_calling_async` has no attribute `_append_response`
   --> plugin/modules/chatbot/tool_loop.py:860:17
    |
858 |                 toolkit,
859 |                 [False],
860 |                 self._append_response,
    |                 ^^^^^^^^^^^^^^^^^^^^^
861 |                 on_stream_done=self._handle_stream_completion,
862 |                 on_stopped=self._handle_stream_stopped,
    |
info: rule `unresolved-attribute` is enabled by default

error[unresolved-attribute]: Object of type `Self@_start_tool_calling_async` has no attribute `_set_status`
   --> plugin/modules/chatbot/tool_loop.py:864:30
    |
862 |                 on_stopped=self._handle_stream_stopped,
863 |                 on_error=self._handle_stream_error,
864 |                 on_status_fn=self._set_status,
    |                              ^^^^^^^^^^^^^^^^
865 |                 ctx=self.ctx,
866 |                 stop_checker=lambda: self.stop_requested,
    |
info: rule `unresolved-attribute` is enabled by default

error[unresolved-attribute]: Object of type `Self@_start_tool_calling_async` has no attribute `ctx`
   --> plugin/modules/chatbot/tool_loop.py:865:21
    |
863 |                 on_error=self._handle_stream_error,
864 |                 on_status_fn=self._set_status,
865 |                 ctx=self.ctx,
    |                     ^^^^^^^^
866 |                 stop_checker=lambda: self.stop_requested,
867 |                 show_search_thinking=show_search_thinking,
    |
info: rule `unresolved-attribute` is enabled by default

error[unresolved-attribute]: Object of type `Self@_start_tool_calling_async` has no attribute `stop_requested`
   --> plugin/modules/chatbot/tool_loop.py:866:38
    |
864 |                 on_status_fn=self._set_status,
865 |                 ctx=self.ctx,
866 |                 stop_checker=lambda: self.stop_requested,
    |                                      ^^^^^^^^^^^^^^^^^^^
867 |                 show_search_thinking=show_search_thinking,
868 |                 on_approval_required=self._on_tool_loop_approval_required,
    |
info: rule `unresolved-attribute` is enabled by default

error[unresolved-attribute]: Object of type `Self@_start_simple_stream_async` has no attribute `_set_status`
   --> plugin/modules/chatbot/tool_loop.py:878:9
    |
876 |         """Start simple streaming (no tools) via async helper; returns immediately."""
877 |         log.info("=== Simple stream START ===")
878 |         self._set_status("Thinking...")
    |         ^^^^^^^^^^^^^^^^
879 |         self._append_response("\nAI: ")
    |
info: rule `unresolved-attribute` is enabled by default

error[unresolved-attribute]: Object of type `Self@_start_simple_stream_async` has no attribute `_append_response`
   --> plugin/modules/chatbot/tool_loop.py:879:9
    |
877 |         log.info("=== Simple stream START ===")
878 |         self._set_status("Thinking...")
879 |         self._append_response("\nAI: ")
    |         ^^^^^^^^^^^^^^^^^^^^^
880 |
881 |         last_user = ""
    |
info: rule `unresolved-attribute` is enabled by default

error[unresolved-attribute]: Object of type `Self@_start_simple_stream_async` has no attribute `session`
   --> plugin/modules/chatbot/tool_loop.py:883:29
    |
881 |         last_user = ""
882 |         doc_context = ""
883 |         for msg in reversed(self.session.messages):
    |                             ^^^^^^^^^^^^
884 |             if msg["role"] == "user" and not last_user:
885 |                 last_user = msg["content"]
    |
info: rule `unresolved-attribute` is enabled by default

error[unresolved-attribute]: Object of type `Self@_start_simple_stream_async` has no attribute `session`
   --> plugin/modules/chatbot/tool_loop.py:896:20
    |
894 |         )
895 |         system_prompt = ""
896 |         for msg in self.session.messages:
    |                    ^^^^^^^^^^^^
897 |             if msg["role"] == "system" and "[DOCUMENT CONTENT]" not in (
898 |                 msg.get("content") or ""
    |
info: rule `unresolved-attribute` is enabled by default

error[unresolved-attribute]: Object of type `Self@_start_simple_stream_async` has no attribute `_append_response`
   --> plugin/modules/chatbot/tool_loop.py:906:13
    |
905 |         def apply_chunk(chunk_text, is_thinking=False):
906 |             self._append_response(chunk_text)
    |             ^^^^^^^^^^^^^^^^^^^^^
907 |             if not is_thinking:
908 |                 collected.append(chunk_text)
    |
info: rule `unresolved-attribute` is enabled by default

error[unresolved-attribute]: Object of type `Self@_start_simple_stream_async` has no attribute `session`
   --> plugin/modules/chatbot/tool_loop.py:912:13
    |
910 |         def on_done():
911 |             full_response = "".join(collected)
912 |             self.session.add_assistant_message(content=full_response)
    |             ^^^^^^^^^^^^
913 |             self._terminal_status = "Ready"
914 |             self._set_status("Ready")
    |
info: rule `unresolved-attribute` is enabled by default

error[unresolved-attribute]: Object of type `Self@_start_simple_stream_async` has no attribute `_set_status`
   --> plugin/modules/chatbot/tool_loop.py:914:13
    |
912 |             self.session.add_assistant_message(content=full_response)
913 |             self._terminal_status = "Ready"
914 |             self._set_status("Ready")
    |             ^^^^^^^^^^^^^^^^
915 |             self._append_response("\n")
916 |             if self.stop_requested:
    |
info: rule `unresolved-attribute` is enabled by default

error[unresolved-attribute]: Object of type `Self@_start_simple_stream_async` has no attribute `_append_response`
   --> plugin/modules/chatbot/tool_loop.py:915:13
    |
913 |             self._terminal_status = "Ready"
914 |             self._set_status("Ready")
915 |             self._append_response("\n")
    |             ^^^^^^^^^^^^^^^^^^^^^
916 |             if self.stop_requested:
917 |                 self._append_response("\n[Stopped by user]\n")
    |
info: rule `unresolved-attribute` is enabled by default

error[unresolved-attribute]: Object of type `Self@_start_simple_stream_async` has no attribute `stop_requested`
   --> plugin/modules/chatbot/tool_loop.py:916:16
    |
914 |             self._set_status("Ready")
915 |             self._append_response("\n")
916 |             if self.stop_requested:
    |                ^^^^^^^^^^^^^^^^^^^
917 |                 self._append_response("\n[Stopped by user]\n")
    |
info: rule `unresolved-attribute` is enabled by default

error[unresolved-attribute]: Object of type `Self@_start_simple_stream_async` has no attribute `_append_response`
   --> plugin/modules/chatbot/tool_loop.py:917:17
    |
915 |             self._append_response("\n")
916 |             if self.stop_requested:
917 |                 self._append_response("\n[Stopped by user]\n")
    |                 ^^^^^^^^^^^^^^^^^^^^^
918 |
919 |         def on_error(e):
    |
info: rule `unresolved-attribute` is enabled by default

error[unresolved-attribute]: Object of type `Self@_start_simple_stream_async` has no attribute `_append_response`
   --> plugin/modules/chatbot/tool_loop.py:921:13
    |
919 |         def on_error(e):
920 |             err_msg = format_error_message(e)
921 |             self._append_response("[Error: %s]\n" % err_msg)
    |             ^^^^^^^^^^^^^^^^^^^^^
922 |             self._terminal_status = "Error"
923 |             self._set_status("Error")
    |
info: rule `unresolved-attribute` is enabled by default

error[unresolved-attribute]: Object of type `Self@_start_simple_stream_async` has no attribute `_set_status`
   --> plugin/modules/chatbot/tool_loop.py:923:13
    |
921 |             self._append_response("[Error: %s]\n" % err_msg)
922 |             self._terminal_status = "Error"
923 |             self._set_status("Error")
    |             ^^^^^^^^^^^^^^^^
924 |
925 |         run_stream_completion_async(
    |
info: rule `unresolved-attribute` is enabled by default

error[unresolved-attribute]: Object of type `Self@_start_simple_stream_async` has no attribute `ctx`
   --> plugin/modules/chatbot/tool_loop.py:926:13
    |
925 |         run_stream_completion_async(
926 |             self.ctx,
    |             ^^^^^^^^
927 |             client,
928 |             prompt,
    |
info: rule `unresolved-attribute` is enabled by default

error[unresolved-attribute]: Object of type `Self@_start_simple_stream_async` has no attribute `_set_status`
   --> plugin/modules/chatbot/tool_loop.py:934:26
    |
932 |             on_done,
933 |             on_error,
934 |             on_status_fn=self._set_status,
    |                          ^^^^^^^^^^^^^^^^
935 |             stop_checker=lambda: self.stop_requested,
936 |         )
    |
info: rule `unresolved-attribute` is enabled by default

error[unresolved-attribute]: Object of type `Self@_start_simple_stream_async` has no attribute `stop_requested`
   --> plugin/modules/chatbot/tool_loop.py:935:34
    |
933 |             on_error,
934 |             on_status_fn=self._set_status,
935 |             stop_checker=lambda: self.stop_requested,
    |                                  ^^^^^^^^^^^^^^^^^^^
936 |         )
    |
info: rule `unresolved-attribute` is enabled by default

error[invalid-method-override]: Invalid override of method `execute`
  --> plugin/modules/chatbot/web_research.py:88:9
   |
86 |         return True
87 |
88 |     def execute(self, ctx, query, history_text=None):
   |         ^^^^^^^^^^^^^^^^^^^^^^^^^^^^^^^^^^^^^^^^^^^^ Definition is incompatible with `ToolBase.execute`
89 |         from plugin.framework.errors import format_error_payload, ToolExecutionError
90 |         import os
   |
  ::: plugin/framework/tool_base.py:96:9
   |
95 |     @abstractmethod
96 |     def execute(self, ctx, **kwargs):
   |         ---------------------------- `ToolBase.execute` defined here
97 |         """Execute the tool.
   |
info: This violates the Liskov Substitution Principle
info: rule `invalid-method-override` is enabled by default

error[not-iterable]: Object of type `Any | RunResult` may not be iterable
   --> plugin/modules/chatbot/web_research.py:164:25
    |
163 |             web_search_step_index = 0
164 |             for step in agent.run(task, stream=True):
    |                         ^^^^^^^^^^^^^^^^^^^^^^^^^^^^
165 |                 if stop_checker and stop_checker():
166 |                     return format_error_payload(ToolExecutionError("Web search stopped by user.", code="USER_STOPPED"))
    |
info: It may not have an `__iter__` method or a `__getitem__` method
info: rule `not-iterable` is enabled by default

error[unresolved-attribute]: Attribute `lower` is not defined on `int` in union `int | Unknown`
   --> plugin/modules/draw/placeholders.py:132:15
    |
130 |                 pass
131 |         # Detect role from class
132 |         cls = entry.get("class", "").lower()
    |               ^^^^^^^^^^^^^^^^^^^^^^^^^^^^
133 |         for role, patterns in _PLACEHOLDER_ROLES.items():
134 |             for p in patterns:
    |
info: rule `unresolved-attribute` is enabled by default

error[unresolved-attribute]: Attribute `get` is not defined on `None` in union `None | Any`
   --> plugin/modules/http/client.py:751:22
    |
749 |             log.debug("=== Sync response: %s" % json.dumps(result, indent=2))
750 |
751 |             choice = result.get("choices", [{}])[0] if result.get("choices") else {}
    |                      ^^^^^^^^^^
752 |             message = choice.get("message") or result.get("message") or {}
753 |             _normalize_delta(message)
    |
info: rule `unresolved-attribute` is enabled by default

error[unresolved-attribute]: Attribute `get` is not defined on `None` in union `None | Any`
   --> plugin/modules/http/client.py:751:56
    |
749 |             log.debug("=== Sync response: %s" % json.dumps(result, indent=2))
750 |
751 |             choice = result.get("choices", [{}])[0] if result.get("choices") else {}
    |                                                        ^^^^^^^^^^
752 |             message = choice.get("message") or result.get("message") or {}
753 |             _normalize_delta(message)
    |
info: rule `unresolved-attribute` is enabled by default

error[unresolved-attribute]: Attribute `get` is not defined on `None` in union `None | Any`
   --> plugin/modules/http/client.py:752:48
    |
751 |             choice = result.get("choices", [{}])[0] if result.get("choices") else {}
752 |             message = choice.get("message") or result.get("message") or {}
    |                                                ^^^^^^^^^^
753 |             _normalize_delta(message)
754 |             last_finish_reason = choice.get("finish_reason") or result.get("done_reason")
    |
info: rule `unresolved-attribute` is enabled by default

error[unresolved-attribute]: Attribute `get` is not defined on `None` in union `None | Any`
   --> plugin/modules/http/client.py:754:65
    |
752 |             message = choice.get("message") or result.get("message") or {}
753 |             _normalize_delta(message)
754 |             last_finish_reason = choice.get("finish_reason") or result.get("done_reason")
    |                                                                 ^^^^^^^^^^
755 |
756 |             raw_content = message.get("content")
    |
info: rule `unresolved-attribute` is enabled by default

error[unresolved-attribute]: Attribute `get` is not defined on `None` in union `None | Any`
   --> plugin/modules/http/client.py:760:21
    |
758 |             images = message.get("images") or []
759 |             tool_calls = message.get("tool_calls")
760 |             usage = result.get("usage", {})
    |                     ^^^^^^^^^^
761 |
762 |         # Shared post-processing
    |
info: rule `unresolved-attribute` is enabled by default

error[unresolved-attribute]: Attribute `emit` is not defined on `None` in union `Unknown | None`
   --> plugin/modules/http/mcp_protocol.py:410:25
    |
408 |                     log.debug(f"*** tools/call: {state.tool_name}, event_bus={self.event_bus} ***")
409 |                     if getattr(self, "event_bus", None) is not None:
410 |                         self.event_bus.emit(
    |                         ^^^^^^^^^^^^^^^^^^^
411 |                             "mcp:request",
412 |                             tool=state.tool_name,
    |
info: rule `unresolved-attribute` is enabled by default

error[unresolved-attribute]: Attribute `emit` is not defined on `None` in union `Unknown | None`
   --> plugin/modules/http/mcp_protocol.py:458:25
    |
456 |                     if getattr(self, "event_bus", None) is not None:
457 |                         snippet = str(effect.result)[:100] if effect.result else ""
458 |                         self.event_bus.emit("mcp:result", tool=state.tool_name, result_snippet=snippet, args=state.arguments)
    |                         ^^^^^^^^^^^^^^^^^^^
459 |
460 |                     final_result = {
    |
info: rule `unresolved-attribute` is enabled by default

error[unknown-argument]: Argument `document_url` does not match any known parameter of bound method `_mcp_initialize`
   --> plugin/modules/http/mcp_protocol.py:512:42
    |
510 |         try:
511 |             if method in ("tools/list", "tools/call"):
512 |                 result = handler(params, document_url=document_url)
    |                                          ^^^^^^^^^^^^^^^^^^^^^^^^^
513 |             else:
514 |                 result = handler(params)
    |
info: Union variant `bound method Self@_process_jsonrpc._mcp_initialize(params) -> Unknown` is incompatible with this call site
info: Attempted to call union type `(bound method Self@_process_jsonrpc._mcp_initialize(params) -> Unknown) | (bound method Self@_process_jsonrpc._mcp_ping(params) -> Unknown) | (bound method Self@_process_jsonrpc._mcp_tools_list(params, document_url=None) -> Unknown) | ... omitted 3 union elements`
info: rule `unknown-argument` is enabled by default

error[unknown-argument]: Argument `document_url` does not match any known parameter of bound method `_mcp_ping`
   --> plugin/modules/http/mcp_protocol.py:512:42
    |
510 |         try:
511 |             if method in ("tools/list", "tools/call"):
512 |                 result = handler(params, document_url=document_url)
    |                                          ^^^^^^^^^^^^^^^^^^^^^^^^^
513 |             else:
514 |                 result = handler(params)
    |
info: Union variant `bound method Self@_process_jsonrpc._mcp_ping(params) -> Unknown` is incompatible with this call site
info: Attempted to call union type `(bound method Self@_process_jsonrpc._mcp_initialize(params) -> Unknown) | (bound method Self@_process_jsonrpc._mcp_ping(params) -> Unknown) | (bound method Self@_process_jsonrpc._mcp_tools_list(params, document_url=None) -> Unknown) | ... omitted 3 union elements`
info: rule `unknown-argument` is enabled by default

error[unknown-argument]: Argument `document_url` does not match any known parameter of bound method `_mcp_resources_list`
   --> plugin/modules/http/mcp_protocol.py:512:42
    |
510 |         try:
511 |             if method in ("tools/list", "tools/call"):
512 |                 result = handler(params, document_url=document_url)
    |                                          ^^^^^^^^^^^^^^^^^^^^^^^^^
513 |             else:
514 |                 result = handler(params)
    |
info: Union variant `bound method Self@_process_jsonrpc._mcp_resources_list(params) -> Unknown` is incompatible with this call site
info: Attempted to call union type `(bound method Self@_process_jsonrpc._mcp_initialize(params) -> Unknown) | (bound method Self@_process_jsonrpc._mcp_ping(params) -> Unknown) | (bound method Self@_process_jsonrpc._mcp_tools_list(params, document_url=None) -> Unknown) | ... omitted 3 union elements`
info: rule `unknown-argument` is enabled by default

error[unknown-argument]: Argument `document_url` does not match any known parameter of bound method `_mcp_prompts_list`
   --> plugin/modules/http/mcp_protocol.py:512:42
    |
510 |         try:
511 |             if method in ("tools/list", "tools/call"):
512 |                 result = handler(params, document_url=document_url)
    |                                          ^^^^^^^^^^^^^^^^^^^^^^^^^
513 |             else:
514 |                 result = handler(params)
    |
info: Union variant `bound method Self@_process_jsonrpc._mcp_prompts_list(params) -> Unknown` is incompatible with this call site
info: Attempted to call union type `(bound method Self@_process_jsonrpc._mcp_initialize(params) -> Unknown) | (bound method Self@_process_jsonrpc._mcp_ping(params) -> Unknown) | (bound method Self@_process_jsonrpc._mcp_tools_list(params, document_url=None) -> Unknown) | ... omitted 3 union elements`
info: rule `unknown-argument` is enabled by default

error[unresolved-import]: Module `plugin.framework.settings_dialog` has no member `show_settings`
   --> plugin/modules/http/mcp_protocol.py:672:58
    |
670 |         from plugin.main import get_services
671 |         if command == "settings":
672 |             from plugin.framework.settings_dialog import show_settings
    |                                                          ^^^^^^^^^^^^^
673 |             from plugin._manifest import MODULES
674 |             config_svc = get_services().config
    |
info: rule `unresolved-import` is enabled by default

error[invalid-argument-type]: Argument is incorrect
   --> plugin/modules/http/mcp_state.py:127:13
    |
125 |         # Move to executing tool
126 |         effects.append(ExecuteToolEffect(
127 |             tool_name=state.tool_name,
    |             ^^^^^^^^^^^^^^^^^^^^^^^^^ Expected `str`, found `str | None`
128 |             arguments=state.arguments,
129 |             doc_context=doc_context,
    |
info: Element `None` of this union is not assignable to `str`
info: rule `invalid-argument-type` is enabled by default

error[invalid-method-override]: Invalid override of method `log_message`
   --> plugin/modules/http/server.py:130:9
    |
128 |                          "Mcp-Session-Id")
129 |
130 |     def log_message(self, fmt, *args):
    |         ^^^^^^^^^^^^^^^^^^^^^^^^^^^^^ Definition is incompatible with `BaseHTTPRequestHandler.log_message`
131 |         log.info("%s - %s", self.client_address[0], fmt % args)
    |
   ::: stdlib/http/server.pyi:299:9
    |
297 |         """
298 |
299 |     def log_message(self, format: str, *args: Any) -> None:
    |         -------------------------------------------------- `BaseHTTPRequestHandler.log_message` defined here
300 |         """Log an arbitrary message.
    |
info: This violates the Liskov Substitution Principle
info: rule `invalid-method-override` is enabled by default

error[unresolved-import]: Cannot resolve imported module `plugin.modules.http.ssl_certs`
   --> plugin/modules/http/server.py:160:18
    |
159 |         if self.use_ssl:
160 |             from plugin.modules.http.ssl_certs import ensure_certs, create_ssl_context
    |                  ^^^^^^^^^^^^^^^^^^^^^^^^^^^^^
161 |             if self.ssl_cert and self.ssl_key:
162 |                 cert_path, key_path = self.ssl_cert, self.ssl_key
    |
info: Searched in the following paths during module resolution:
info:   1. /home/keithcu/Desktop/Python/writeragent (first-party code)
info:   2. vendored://stdlib (stdlib typeshed stubs vendored by ty)
info:   3. /home/keithcu/Desktop/Python/writeragent/.venv/lib/python3.12/site-packages (site-packages)
info:   4. /usr/lib/python3.14/site-packages (editable install)
info:   5. /usr/lib/libreoffice/program (editable install)
info:   6. /home/keithcu/Desktop/Python/writeragent/.venv/lib64/python3.12/site-packages (site-packages)
info: make sure your Python environment is properly configured: https://docs.astral.sh/ty/modules/#python-environment
info: rule `unresolved-import` is enabled by default

error[unresolved-attribute]: Attribute `serve_forever` is not defined on `None` in union `Unknown | None | _ThreadedHTTPServer`
   --> plugin/modules/http/server.py:191:13
    |
189 |     def _run(self):
190 |         try:
191 |             self._server.serve_forever()
    |             ^^^^^^^^^^^^^^^^^^^^^^^^^^
192 |         except Exception as e:
193 |             if self._running:
    |
info: rule `unresolved-attribute` is enabled by default

error[invalid-argument-type]: Argument to function `__new__` is incorrect
   --> plugin/modules/writer/content.py:131:33
    |
129 |         if scope == "range" and range_start is not None:
130 |             result["start"] = int(range_start)
131 |             result["end"] = int(range_end)
    |                                 ^^^^^^^^^ Expected `str | Buffer | SupportsInt | SupportsIndex | SupportsTrunc`, found `Unknown | None`
132 |         return result
    |
info: Element `None` of this union is not assignable to `str | Buffer | SupportsInt | SupportsIndex | SupportsTrunc`
info: Matching overload defined here
   --> stdlib/builtins.pyi:366:9
    |
365 |     @overload
366 |     def __new__(cls, x: ConvertibleToInt = 0, /) -> Self: ...
    |         ^^^^^^^      ----------------------- Parameter declared here
367 |     @overload
368 |     def __new__(cls, x: str | bytes | bytearray, /, base: SupportsIndex) -> Self: ...
    |
info: Non-matching overloads for function `__new__`:
info:   [Self](cls, x: str | bytes | bytearray, /, base: SupportsIndex) -> Self
info: rule `invalid-argument-type` is enabled by default

error[unresolved-import]: Cannot resolve imported module `com.sun.star.text.ControlCharacter`
   --> plugin/modules/writer/content.py:393:14
    |
392 |     def execute(self, ctx, **kwargs):
393 |         from com.sun.star.text.ControlCharacter import PARAGRAPH_BREAK
    |              ^^^^^^^^^^^^^^^^^^^^^^^^^^^^^^^^^^
394 |
395 |         para_index = _resolve_para_index(ctx, kwargs)
    |
info: Searched in the following paths during module resolution:
info:   1. /home/keithcu/Desktop/Python/writeragent (first-party code)
info:   2. vendored://stdlib (stdlib typeshed stubs vendored by ty)
info:   3. /home/keithcu/Desktop/Python/writeragent/.venv/lib/python3.12/site-packages (site-packages)
info:   4. /usr/lib/python3.14/site-packages (editable install)
info:   5. /usr/lib/libreoffice/program (editable install)
info:   6. /home/keithcu/Desktop/Python/writeragent/.venv/lib64/python3.12/site-packages (site-packages)
info: make sure your Python environment is properly configured: https://docs.astral.sh/ty/modules/#python-environment
info: rule `unresolved-import` is enabled by default

error[invalid-method-override]: Invalid override of method `execute`
   --> plugin/modules/writer/fields.py:154:9
    |
152 |     is_mutation = True
153 |
154 |     def execute(self, ctx, ids, **kwargs):
    |         ^^^^^^^^^^^^^^^^^^^^^^^^^^^^^^^^^ Definition is incompatible with `ToolBase.execute`
155 |         doc = ctx.doc
156 |         if not hasattr(doc, "getTextFields"):
    |
   ::: plugin/framework/tool_base.py:96:9
    |
 95 |     @abstractmethod
 96 |     def execute(self, ctx, **kwargs):
    |         ---------------------------- `ToolBase.execute` defined here
 97 |         """Execute the tool.
    |
info: This violates the Liskov Substitution Principle
info: rule `invalid-method-override` is enabled by default

error[invalid-method-override]: Invalid override of method `execute`
   --> plugin/modules/writer/fields.py:237:9
    |
235 |     is_mutation = True
236 |
237 |     def execute(self, ctx, field_type, properties=None, **kwargs):
    |         ^^^^^^^^^^^^^^^^^^^^^^^^^^^^^^^^^^^^^^^^^^^^^^^^^^^^^^^^^ Definition is incompatible with `ToolBase.execute`
238 |         doc = ctx.doc
239 |         if not hasattr(doc, "createInstance"):
    |
   ::: plugin/framework/tool_base.py:96:9
    |
 95 |     @abstractmethod
 96 |     def execute(self, ctx, **kwargs):
    |         ---------------------------- `ToolBase.execute` defined here
 97 |         """Execute the tool.
    |
info: This violates the Liskov Substitution Principle
info: rule `invalid-method-override` is enabled by default

error[invalid-assignment]: Object of type `Unknown` is not assignable to attribute `Name` on type `Any | Any`
   --> plugin/modules/writer/format_support.py:118:5
    |
116 |     """Create a ``com.sun.star.beans.PropertyValue``."""
117 |     p = uno.createUnoStruct("com.sun.star.beans.PropertyValue")
118 |     p.Name = name
    |     ^^^^^^
119 |     p.Value = value
120 |     return p
    |
info: rule `invalid-assignment` is enabled by default

error[invalid-assignment]: Object of type `Unknown` is not assignable to attribute `Value` on type `Any | Any`
   --> plugin/modules/writer/format_support.py:119:5
    |
117 |     p = uno.createUnoStruct("com.sun.star.beans.PropertyValue")
118 |     p.Name = name
119 |     p.Value = value
    |     ^^^^^^^
120 |     return p
    |
info: rule `invalid-assignment` is enabled by default

error[invalid-method-override]: Invalid override of method `execute`
  --> plugin/modules/writer/images.py:90:9
   |
88 |     long_running = True
89 |
90 |     def execute(self, ctx, prompt, **args):
   |         ^^^^^^^^^^^^^^^^^^^^^^^^^^^^^^^^^^ Definition is incompatible with `ToolBase.execute`
91 |         from plugin.framework.config import get_config_dict, as_bool, get_text_model, update_lru_history
   |
  ::: plugin/framework/tool_base.py:96:9
   |
95 |     @abstractmethod
96 |     def execute(self, ctx, **kwargs):
   |         ---------------------------- `ToolBase.execute` defined here
97 |         """Execute the tool.
   |
info: This violates the Liskov Substitution Principle
info: rule `invalid-method-override` is enabled by default

error[unresolved-import]: Cannot resolve imported module `snowballstemmer`
   --> plugin/modules/writer/index.py:222:20
    |
220 |             if lib_dir not in sys.path:
221 |                 sys.path.insert(0, lib_dir)
222 |             import snowballstemmer
    |                    ^^^^^^^^^^^^^^^
223 |             s = snowballstemmer.stemmer(lang)
224 |             self._stemmers[lang] = s
    |
info: Searched in the following paths during module resolution:
info:   1. /home/keithcu/Desktop/Python/writeragent (first-party code)
info:   2. vendored://stdlib (stdlib typeshed stubs vendored by ty)
info:   3. /home/keithcu/Desktop/Python/writeragent/.venv/lib/python3.12/site-packages (site-packages)
info:   4. /usr/lib/python3.14/site-packages (editable install)
info:   5. /usr/lib/libreoffice/program (editable install)
info:   6. /home/keithcu/Desktop/Python/writeragent/.venv/lib64/python3.12/site-packages (site-packages)
info: make sure your Python environment is properly configured: https://docs.astral.sh/ty/modules/#python-environment
info: rule `unresolved-import` is enabled by default

error[missing-argument]: No argument provided for required parameter `ctx` of bound method `__init__`
  --> plugin/modules/writer/legacy.py:47:14
   |
46 |     from plugin.modules.http.client import LlmClient
47 |     client = LlmClient(api_config)
   |              ^^^^^^^^^^^^^^^^^^^^^
48 |
49 |     def apply_chunk(chunk_text, is_thinking=False):
   |
info: Parameter declared here
  --> plugin/modules/http/client.py:62:32
   |
60 |     """LLM API client. Takes config dict from get_api_config(ctx) and UNO ctx."""
61 |
62 |     def __init__(self, config, ctx):
   |                                ^^^
63 |         self.config = config
64 |         self.ctx = ctx
   |
info: rule `missing-argument` is enabled by default

error[missing-argument]: No argument provided for required parameter `ctx` of bound method `__init__`
  --> plugin/modules/writer/legacy.py:92:14
   |
91 |     from plugin.modules.http.client import LlmClient
92 |     client = LlmClient(api_config)
   |              ^^^^^^^^^^^^^^^^^^^^^
93 |
94 |     text_range.setString("")
   |
info: Parameter declared here
  --> plugin/modules/http/client.py:62:32
   |
60 |     """LLM API client. Takes config dict from get_api_config(ctx) and UNO ctx."""
61 |
62 |     def __init__(self, config, ctx):
   |                                ^^^
63 |         self.config = config
64 |         self.ctx = ctx
   |
info: rule `missing-argument` is enabled by default

error[not-subscriptable]: Cannot subscript object of type `None` with no `__getitem__` method
   --> plugin/modules/writer/proximity.py:224:17
    |
222 |         return {
223 |             "heading": self._build_heading_result(
224 |                 target_entry["node"], bookmark_map),
    |                 ^^^^^^^^^^^^^^^^^^^^
225 |             "from": from_info,
226 |             "direction": direction,
    |
info: rule `not-subscriptable` is enabled by default

error[invalid-argument-type]: Argument to bound method `__init__` is incorrect
   --> plugin/modules/writer/specialized.py:195:17
    |
194 |             agent = ToolCallingAgent(
195 |                 tools=smol_tools,
    |                 ^^^^^^^^^^^^^^^^ Expected `list[Tool]`, found `list[WrappedSmolTool]`
196 |                 model=smol_model,
197 |                 max_steps=10,
    |
info: Method defined here
    --> plugin/contrib/smolagents/agents.py:1297:9
     |
1295 |     """
1296 |
1297 |     def __init__(
     |         ^^^^^^^^
1298 |         self,
1299 |         tools: list[Tool],
     |         ----------------- Parameter declared here
1300 |         model: Model,
1301 |         prompt_templates: PromptTemplates | None = None,
     |
info: `list` is invariant in its type parameter
info: Consider using the covariant supertype `collections.abc.Sequence`
info: For more information, see https://docs.astral.sh/ty/reference/typing-faq/#invariant-generics
info: rule `invalid-argument-type` is enabled by default

error[not-iterable]: Object of type `Any | RunResult` may not be iterable
   --> plugin/modules/writer/specialized.py:204:25
    |
202 |             final_ans = None
203 |
204 |             for step in agent.run(task, stream=True):
    |                         ^^^^^^^^^^^^^^^^^^^^^^^^^^^^
205 |                 if stop_checker and stop_checker():
206 |                     return format_error_payload(ToolExecutionError("Specialized task stopped by user.", code="USER_STOPPED"))
    |
info: It may not have an `__iter__` method or a `__getitem__` method
info: rule `not-iterable` is enabled by default

error[invalid-argument-type]: Argument to bound method `run` is incorrect
   --> plugin/modules/writer/specialized.py:204:35
    |
202 |             final_ans = None
203 |
204 |             for step in agent.run(task, stream=True):
    |                                   ^^^^ Expected `str`, found `Unknown | None`
205 |                 if stop_checker and stop_checker():
206 |                     return format_error_payload(ToolExecutionError("Specialized task stopped by user.", code="USER_STOPPED"))
    |
info: Element `None` of this union is not assignable to `str`
info: Method defined here
   --> plugin/contrib/smolagents/agents.py:503:9
    |
501 |         self.step_callbacks.register(ActionStep, self.monitor.update_metrics)
502 |
503 |     def run(
    |         ^^^
504 |         self,
505 |         task: str,
    |         --------- Parameter declared here
506 |         stream: bool = False,
507 |         reset: bool = True,
    |
info: rule `invalid-argument-type` is enabled by default

error[invalid-argument-type]: Argument to function `__new__` is incorrect
   --> plugin/modules/writer/tables.py:200:49
    |
198 |                     cell_obj = table.getCellByName(cell_ref)
199 |                     try:
200 |                         cell_obj.setValue(float(value))
    |                                                 ^^^^^ Expected `str | Buffer | SupportsFloat | SupportsIndex`, found `object`
201 |                     except (ValueError, TypeError):
202 |                         cell_obj.setString(str(value))
    |
info: Function defined here
   --> stdlib/builtins.pyi:664:9
    |
662 |     """Convert a string or number to a floating-point number, if possible."""
663 |
664 |     def __new__(cls, x: ConvertibleToFloat = 0, /) -> Self: ...
    |         ^^^^^^^      ------------------------- Parameter declared here
665 |     def as_integer_ratio(self) -> tuple[int, int]:
666 |         """Return a pair of integers, whose ratio is exactly equal to the original float.
    |
info: rule `invalid-argument-type` is enabled by default

error[unsupported-operator]: Unsupported `<` operation
   --> plugin/modules/writer/tables.py:269:12
    |
267 |         rows = kwargs.get("rows")
268 |         cols = kwargs.get("cols")
269 |         if rows < 1 or cols < 1:
    |            ----^^^-
    |            |      |
    |            |      Has type `Literal[1]`
    |            Has type `Unknown | None`
270 |             return self._tool_error("rows and cols must be >= 1.")
    |
info: Operation fails because operator `<` is not supported between objects of type `None` and `Literal[1]`
info: rule `unsupported-operator` is enabled by default

error[unsupported-operator]: Unsupported `<` operation
   --> plugin/modules/writer/tables.py:269:24
    |
267 |         rows = kwargs.get("rows")
268 |         cols = kwargs.get("cols")
269 |         if rows < 1 or cols < 1:
    |                        ----^^^-
    |                        |      |
    |                        |      Has type `Literal[1]`
    |                        Has type `Unknown | None`
270 |             return self._tool_error("rows and cols must be >= 1.")
    |
info: Operation fails because operator `<` is not supported between objects of type `None` and `Literal[1]`
info: rule `unsupported-operator` is enabled by default

error[unsupported-operator]: Unsupported `>=` operation
  --> plugin/modules/writer/tree.py:88:32
   |
86 |                 if outline_level > 0:
87 |                     while (len(stack) > 1
88 |                            and stack[-1]["level"] >= outline_level):
   |                                ------------------^^^^-------------
   |                                |                     |
   |                                |                     Has type `Literal[0] | Unknown`
   |                                Has type `int | str | list[Unknown]`
89 |                         stack.pop()
90 |                     node = {"level": outline_level,
   |
info: Operation fails because operator `>=` is not supported between objects of type `str` and `Literal[0]`
info: rule `unsupported-operator` is enabled by default

error[unresolved-attribute]: Attribute `append` is not defined on `int`, `str` in union `int | str | list[Unknown]`
  --> plugin/modules/writer/tree.py:94:21
   |
92 |                             "para_index": para_index,
93 |                             "children": [], "body_paragraphs": 0}
94 |                     stack[-1]["children"].append(node)
   |                     ^^^^^^^^^^^^^^^^^^^^^^^^^^^^
95 |                     stack.append(node)
96 |                 else:
   |
info: rule `unresolved-attribute` is enabled by default

error[unsupported-operator]: Unsupported `+=` operation
  --> plugin/modules/writer/tree.py:97:21
   |
95 |                     stack.append(node)
96 |                 else:
97 |                     stack[-1]["body_paragraphs"] += 1
   |                     ----------------------------^^^^-
   |                     |                               |
   |                     |                               Has type `Literal[1]`
   |                     Has type `str`
98 |             elif is_table:
99 |                 stack[-1]["body_paragraphs"] += 1
   |
info: rule `unsupported-operator` is enabled by default

error[unsupported-operator]: Unsupported `+=` operation
  --> plugin/modules/writer/tree.py:97:21
   |
95 |                     stack.append(node)
96 |                 else:
97 |                     stack[-1]["body_paragraphs"] += 1
   |                     ----------------------------^^^^-
   |                     |                               |
   |                     |                               Has type `Literal[1]`
   |                     Has type `list[Unknown]`
98 |             elif is_table:
99 |                 stack[-1]["body_paragraphs"] += 1
   |
info: rule `unsupported-operator` is enabled by default

error[unsupported-operator]: Unsupported `+=` operation
   --> plugin/modules/writer/tree.py:99:17
    |
 97 |                     stack[-1]["body_paragraphs"] += 1
 98 |             elif is_table:
 99 |                 stack[-1]["body_paragraphs"] += 1
    |                 ----------------------------^^^^-
    |                 |                               |
    |                 |                               Has type `Literal[1]`
    |                 Has type `str`
100 |
101 |             para_index += 1
    |
info: rule `unsupported-operator` is enabled by default

error[unsupported-operator]: Unsupported `+=` operation
   --> plugin/modules/writer/tree.py:99:17
    |
 97 |                     stack[-1]["body_paragraphs"] += 1
 98 |             elif is_table:
 99 |                 stack[-1]["body_paragraphs"] += 1
    |                 ----------------------------^^^^-
    |                 |                               |
    |                 |                               Has type `Literal[1]`
    |                 Has type `list[Unknown]`
100 |
101 |             para_index += 1
    |
info: rule `unsupported-operator` is enabled by default

error[unresolved-import]: Cannot resolve imported module `org.extension.writeragent.PromptFunction`
  --> plugin/prompt_function.py:37:6
   |
35 | # from com.sun.star.lang import XServiceInfo
36 | # from com.sun.star.sheet import XAddIn
37 | from org.extension.writeragent.PromptFunction import XPromptFunction
   |      ^^^^^^^^^^^^^^^^^^^^^^^^^^^^^^^^^^^^^^^^
38 | from plugin.framework.config import get_config, get_api_config
39 | from plugin.modules.http.client import LlmClient
   |
info: Searched in the following paths during module resolution:
info:   1. /home/keithcu/Desktop/Python/writeragent (first-party code)
info:   2. vendored://stdlib (stdlib typeshed stubs vendored by ty)
info:   3. /home/keithcu/Desktop/Python/writeragent/.venv/lib/python3.12/site-packages (site-packages)
info:   4. /usr/lib/python3.14/site-packages (editable install)
info:   5. /usr/lib/libreoffice/program (editable install)
info:   6. /home/keithcu/Desktop/Python/writeragent/.venv/lib64/python3.12/site-packages (site-packages)
info: make sure your Python environment is properly configured: https://docs.astral.sh/ty/modules/#python-environment
info: rule `unresolved-import` is enabled by default

error[invalid-assignment]: Invalid subscript assignment with key of type `str` and value of type `object` on object of type `dict[str, ModuleType]`
   --> plugin/testing_runner.py:317:33
    |
315 |                                 sys.modules.pop(k, None)
316 |                             else:
317 |                                 sys.modules[k] = v
    |                                 ^^^^^^^^^^^^^^^^^-
    |                                                  |
    |                                                  Expected value of type `ModuleType`, got `object`
318 |
319 |     for suite in suites:
    |
info: rule `invalid-assignment` is enabled by default

error[invalid-assignment]: Object of type `(x) -> Unknown` is not assignable to attribute `fileUrlToSystemPath` of type `def fileUrlToSystemPath(url: str) -> str`
  --> plugin/tests/test_agent_memory_skills.py:29:9
   |
27 |         self.ctx = DummyCtx(self.tmp_dir)
28 |         import uno
29 |         uno.fileUrlToSystemPath = lambda x: x.replace("file://", "")
   |         ^^^^^^^^^^^^^^^^^^^^^^^
30 |         
31 |     def tearDown(self):
   |
info: Implicit shadowing of function `fileUrlToSystemPath`, add an annotation to make it explicit if this is intentional
info: rule `invalid-assignment` is enabled by default

error[invalid-assignment]: Object of type `(x) -> Unknown` is not assignable to attribute `fileUrlToSystemPath` of type `def fileUrlToSystemPath(url: str) -> str`
  --> plugin/tests/test_agent_memory_skills.py:66:9
   |
64 |         self.ctx = DummyCtx(self.tmp_dir)
65 |         import uno
66 |         uno.fileUrlToSystemPath = lambda x: x.replace("file://", "")
   |         ^^^^^^^^^^^^^^^^^^^^^^^
67 |         
68 |     def tearDown(self):
   |
info: Implicit shadowing of function `fileUrlToSystemPath`, add an annotation to make it explicit if this is intentional
info: rule `invalid-assignment` is enabled by default

error[unresolved-attribute]: Unresolved attribute `getServiceManager` on type `MockContext`
  --> plugin/tests/test_chatbot_handlers.py:16:9
   |
14 |     def __init__(self):
15 |         self.ctx = MockContext()
16 |         self.ctx.getServiceManager = MagicMock()
   |         ^^^^^^^^^^^^^^^^^^^^^^^^^^
17 |         self.stop_requested = False
18 |         self.responses = []
   |
info: rule `unresolved-attribute` is enabled by default

error[unresolved-attribute]: Attribute `getServiceManager` is not defined on `MockContext` in union `Unknown | MockContext`
  --> plugin/tests/test_chatbot_handlers.py:89:17
   |
87 |                 mock_run_stream.side_effect = fake_drain_loop
88 |
89 |                 panel.ctx.getServiceManager.return_value.createInstanceWithContext.return_value = MagicMock()
   |                 ^^^^^^^^^^^^^^^^^^^^^^^^^^^
90 |
91 |                 panel._do_send_direct_image("A cute dog", model)
   |
info: rule `unresolved-attribute` is enabled by default

error[unresolved-attribute]: Attribute `getServiceManager` is not defined on `MockContext` in union `Unknown | MockContext`
   --> plugin/tests/test_chatbot_handlers.py:152:17
    |
150 |                 mock_run_stream.side_effect = fake_drain_loop
151 |
152 |                 panel.ctx.getServiceManager.return_value.createInstanceWithContext.return_value = MagicMock()
    |                 ^^^^^^^^^^^^^^^^^^^^^^^^^^^
153 |
154 |                 panel._do_send_direct_image("A cute dog", model)
    |
info: rule `unresolved-attribute` is enabled by default

error[unresolved-attribute]: Unresolved attribute `getServiceManager` on type `MockContext`
   --> plugin/tests/test_chatbot_handlers.py:170:5
    |
168 |     ctx = MagicMock()
169 |     ctx.ctx = MockContext()
170 |     ctx.ctx.getServiceManager = MagicMock()  # for ConfigService
    |     ^^^^^^^^^^^^^^^^^^^^^^^^^
171 |     ctx.status_callback = MagicMock()
172 |     ctx.append_thinking_callback = MagicMock()
    |
info: rule `unresolved-attribute` is enabled by default

error[unresolved-attribute]: Unresolved attribute `getServiceManager` on type `MockContext`
   --> plugin/tests/test_chatbot_handlers.py:261:5
    |
259 |     ctx = MagicMock()
260 |     ctx.ctx = MockContext()
261 |     ctx.ctx.getServiceManager = MagicMock()  # for ConfigService
    |     ^^^^^^^^^^^^^^^^^^^^^^^^^
262 |     ctx.stop_checker = lambda: True  # Stop immediately
    |
info: rule `unresolved-attribute` is enabled by default

error[unresolved-attribute]: Unresolved attribute `session` on type `DummyChatbotPanel`
   --> plugin/tests/test_chatbot_handlers.py:279:5
    |
278 |     # Need a mock session so add_assistant_message doesn't blow up
279 |     panel.session = MagicMock()
    |     ^^^^^^^^^^^^^
280 |     panel.response_control = MagicMock()
    |
info: rule `unresolved-attribute` is enabled by default

error[unresolved-attribute]: Unresolved attribute `response_control` on type `DummyChatbotPanel`
   --> plugin/tests/test_chatbot_handlers.py:280:5
    |
278 |     # Need a mock session so add_assistant_message doesn't blow up
279 |     panel.session = MagicMock()
280 |     panel.response_control = MagicMock()
    |     ^^^^^^^^^^^^^^^^^^^^^^
281 |
282 |     mock_main = MagicMock()
    |
info: rule `unresolved-attribute` is enabled by default

error[unresolved-attribute]: Attribute `getServiceManager` is not defined on `MockContext` in union `Unknown | MockContext`
   --> plugin/tests/test_chatbot_handlers.py:323:17
    |
321 |                 mock_run_stream.side_effect = fake_drain_loop
322 |
323 |                 panel.ctx.getServiceManager.return_value.createInstanceWithContext.return_value = MagicMock()
    |                 ^^^^^^^^^^^^^^^^^^^^^^^^^^^
324 |
325 |                 panel._run_web_research("What is the speed of light?", model)
    |
info: rule `unresolved-attribute` is enabled by default

error[invalid-assignment]: Object of type `(x, y) -> Unknown` is not assignable to attribute `get_config` of type `def get_config(ctx, key) -> Unknown`
  --> plugin/tests/test_config_service.py:68:9
   |
66 |         import plugin.framework.config as c
67 |         old_get_config = c.get_config
68 |         c.get_config = lambda x, y: None
   |         ^^^^^^^^^^^^
69 |         try:
70 |             assert config_svc.get("mcp.port") == 8766
   |
info: Implicit shadowing of function `get_config`, add an annotation to make it explicit if this is intentional
info: rule `invalid-assignment` is enabled by default

error[invalid-assignment]: Object of type `(x, y) -> Unknown` is not assignable to attribute `get_config` of type `def get_config(ctx, key) -> Unknown`
   --> plugin/tests/test_config_service.py:193:9
    |
191 |         import plugin.framework.config as c
192 |         old_get_config = c.get_config
193 |         c.get_config = lambda x, y: None
    |         ^^^^^^^^^^^^
194 |         try:
195 |             config_svc.set_manifest(manifest)
    |
info: Implicit shadowing of function `get_config`, add an annotation to make it explicit if this is intentional
info: rule `invalid-assignment` is enabled by default

error[invalid-assignment]: Object of type `(x, y) -> Unknown` is not assignable to attribute `get_config` of type `def get_config(ctx, key) -> Unknown`
   --> plugin/tests/test_config_service.py:205:9
    |
203 |         import plugin.framework.config as c
204 |         old_get_config = c.get_config
205 |         c.get_config = lambda x, y: None
    |         ^^^^^^^^^^^^
206 |         try:
207 |             config_svc.set_manifest(manifest)
    |
info: Implicit shadowing of function `get_config`, add an annotation to make it explicit if this is intentional
info: rule `invalid-assignment` is enabled by default

error[unresolved-attribute]: Unresolved attribute `parse_address` on type `ModuleType`
  --> plugin/tests/test_csv_import_logic.py:11:1
   |
 9 | # Mock core.calc_address_utils
10 | m = ModuleType("core.calc_address_utils")
11 | m.parse_address = lambda x: (0, 0)
   | ^^^^^^^^^^^^^^^
12 | sys.modules["core.calc_address_utils"] = m
   |
info: rule `unresolved-attribute` is enabled by default

error[unresolved-attribute]: Unresolved attribute `Base` on type `MockModule`
  --> plugin/tests/test_dialogs.py:43:1
   |
42 | mock_unohelper = MockModule()
43 | mock_unohelper.Base = MockBase
   | ^^^^^^^^^^^^^^^^^^^
44 |
45 | mock_lang = _star_module("com.sun.star.lang")
   |
info: rule `unresolved-attribute` is enabled by default

error[invalid-assignment]: Invalid subscript assignment with key of type `Literal["uno"]` and value of type `MockModule` on object of type `dict[str, ModuleType]`
  --> plugin/tests/test_dialogs.py:58:1
   |
56 | mock_datatransfer.XTransferable = MockXTransferable
57 |
58 | sys.modules["uno"] = MockModule()
   | ^^^^^^^^^^^^^^^^^^^^^------------
   |                      |
   |                      Expected value of type `ModuleType`, got `MockModule`
59 | sys.modules["unohelper"] = mock_unohelper
60 | for _pkg in ("com", "com.sun", "com.sun.star"):
   |
info: rule `invalid-assignment` is enabled by default

error[invalid-assignment]: Invalid subscript assignment with key of type `Literal["unohelper"]` and value of type `MockModule` on object of type `dict[str, ModuleType]`
  --> plugin/tests/test_dialogs.py:59:1
   |
58 | sys.modules["uno"] = MockModule()
59 | sys.modules["unohelper"] = mock_unohelper
   | ^^^^^^^^^^^^^^^^^^^^^^^^^^^--------------
   |                            |
   |                            Expected value of type `ModuleType`, got `MockModule`
60 | for _pkg in ("com", "com.sun", "com.sun.star"):
61 |     sys.modules[_pkg] = _star_module(_pkg)
   |
info: rule `invalid-assignment` is enabled by default

error[invalid-method-override]: Invalid override of method `execute`
  --> plugin/tests/test_error_handling.py:13:9
   |
11 |     description = "Dummy Tool"
12 |
13 |     def execute(self, **kwargs):
   |         ^^^^^^^^^^^^^^^^^^^^^^^ Definition is incompatible with `ToolBase.execute`
14 |         pass
   |
  ::: plugin/framework/tool_base.py:96:9
   |
95 |     @abstractmethod
96 |     def execute(self, ctx, **kwargs):
   |         ---------------------------- `ToolBase.execute` defined here
97 |         """Execute the tool.
   |
info: This violates the Liskov Substitution Principle
info: rule `invalid-method-override` is enabled by default

error[invalid-assignment]: Object of type `MagicMock` is not assignable to attribute `_ensure_connection` of type `def _ensure_connection(self) -> Unknown`
   --> plugin/tests/test_hermes_acp.py:194:9
    |
193 |         # Mock _ensure_connection to raise
194 |         backend._ensure_connection = MagicMock(side_effect=RuntimeError("spawn failed"))
    |         ^^^^^^^^^^^^^^^^^^^^^^^^^^
195 |
196 |         backend.send(
    |
info: Implicit shadowing of function `_ensure_connection`, add an annotation to make it explicit if this is intentional
info: rule `invalid-assignment` is enabled by default

error[invalid-assignment]: Object of type `NullTranslations` is not assignable to attribute `_translation` of type `None`
  --> plugin/tests/test_i18n.py:23:9
   |
21 |     def test_i18n_fallback(self):
22 |         """Test that gettext with no catalog returns msgid (and non-str is coerced)."""
23 |         i18n_module._translation = NullTranslations()
   |         ^^^^^^^^^^^^^^^^^^^^^^^^
24 |         self.assertEqual(_("ThisIsAnUntranslatedString999"), "ThisIsAnUntranslatedString999")
25 |         self.assertEqual(_(123), "123")  # Test non-string behavior
   |
info: rule `invalid-assignment` is enabled by default

error[invalid-assignment]: Object of type `tuple[Literal["POST"], Literal["/chat"], Literal["{}"], dict[Unknown, Unknown]]` is not assignable to attribute `return_value` on type `Unknown | (bound method LlmClient.make_chat_request(messages, max_tokens=512, tools=None, stream=False, model=None) -> Unknown)`
  --> plugin/tests/test_image_service_refactor.py:27:9
   |
25 |     def test_generate_openrouter_url(self, mock_sync):
26 |         self.mock_client.config.get.side_effect = lambda k, d=None: True if k == "is_openrouter" else d
27 |         self.mock_client.make_chat_request.return_value = ("POST", "/chat", "{}", {})
   |         ^^^^^^^^^^^^^^^^^^^^^^^^^^^^^^^^^^^^^^^^^^^^^^^
28 |         
29 |         # Mock OpenRouter response with image URL
   |
info: rule `invalid-assignment` is enabled by default

error[invalid-assignment]: Object of type `dict[str, str | list[dict[str, dict[str, str]]]]` is not assignable to attribute `return_value` on type `Unknown | (bound method LlmClient.request_with_tools(messages, max_tokens=512, tools=None, append_callback=None, append_thinking_callback=None, stop_checker=None, body_override=None, model=None, stream=False) -> Unknown)`
  --> plugin/tests/test_image_service_refactor.py:34:9
   |
32 |             "images": [{"image_url": {"url": "http://example.com/image.png"}}]
33 |         }
34 |         self.mock_client.request_with_tools.return_value = mock_resp
   |         ^^^^^^^^^^^^^^^^^^^^^^^^^^^^^^^^^^^^^^^^^^^^^^^^
35 |         mock_sync.return_value = b"fake-image-data"
   |
info: rule `invalid-assignment` is enabled by default

error[invalid-assignment]: Object of type `tuple[Literal["POST"], Literal["/chat"], Literal["{}"], dict[Unknown, Unknown]]` is not assignable to attribute `return_value` on type `Unknown | (bound method LlmClient.make_chat_request(messages, max_tokens=512, tools=None, stream=False, model=None) -> Unknown)`
  --> plugin/tests/test_image_service_refactor.py:46:9
   |
44 |     def test_generate_openrouter_b64(self):
45 |         self.mock_client.config.get.side_effect = lambda k, d=None: True if k == "is_openrouter" else d
46 |         self.mock_client.make_chat_request.return_value = ("POST", "/chat", "{}", {})
   |         ^^^^^^^^^^^^^^^^^^^^^^^^^^^^^^^^^^^^^^^^^^^^^^^
47 |         
48 |         # Mock OpenRouter response with b64 image
   |
info: rule `invalid-assignment` is enabled by default

error[invalid-assignment]: Object of type `dict[str, list[dict[str, str]]]` is not assignable to attribute `return_value` on type `Unknown | (bound method LlmClient.request_with_tools(messages, max_tokens=512, tools=None, append_callback=None, append_thinking_callback=None, stop_checker=None, body_override=None, model=None, stream=False) -> Unknown)`
  --> plugin/tests/test_image_service_refactor.py:53:9
   |
51 |             "images": [{"image_url": f"data:image/png;base64,{b64_data}"}]
52 |         }
53 |         self.mock_client.request_with_tools.return_value = mock_resp
   |         ^^^^^^^^^^^^^^^^^^^^^^^^^^^^^^^^^^^^^^^^^^^^^^^^
54 |
55 |         paths, err = self.provider.generate("test prompt")
   |
info: rule `invalid-assignment` is enabled by default

error[invalid-assignment]: Object of type `tuple[Literal["POST"], Literal["/images"], Literal["{}"], dict[Unknown, Unknown]]` is not assignable to attribute `return_value` on type `Unknown | (bound method LlmClient.make_image_request(prompt, model=None, width=1024, height=1024, steps=None, source_image=None, image_url=None) -> Unknown)`
  --> plugin/tests/test_image_service_refactor.py:66:9
   |
64 |     def test_generate_standard_b64(self):
65 |         self.mock_client.config.get.return_value = False # Not OpenRouter
66 |         self.mock_client.make_image_request.return_value = ("POST", "/images", "{}", {})
   |         ^^^^^^^^^^^^^^^^^^^^^^^^^^^^^^^^^^^^^^^^^^^^^^^^
67 |         
68 |         # Mock standard connection and response
   |
info: rule `invalid-assignment` is enabled by default

error[invalid-assignment]: Object of type `MagicMock` is not assignable to attribute `return_value` on type `Unknown | (bound method LlmClient._get_connection() -> Unknown)`
  --> plugin/tests/test_image_service_refactor.py:70:9
   |
68 |         # Mock standard connection and response
69 |         mock_conn = MagicMock()
70 |         self.mock_client._get_connection.return_value = mock_conn
   |         ^^^^^^^^^^^^^^^^^^^^^^^^^^^^^^^^^^^^^^^^^^^^^
71 |         b64_data = base64.b64encode(b"standard-b64-data").decode()
72 |         mock_http_resp = create_mock_http_response(200, {"data": [{"b64_json": b64_data}]})
   |
info: rule `invalid-assignment` is enabled by default

error[invalid-assignment]: Object of type `tuple[Literal["POST"], Literal["/chat"], Literal["{}"], dict[Unknown, Unknown]]` is not assignable to attribute `return_value` on type `Unknown | (bound method LlmClient.make_chat_request(messages, max_tokens=512, tools=None, stream=False, model=None) -> Unknown)`
  --> plugin/tests/test_image_service_refactor.py:87:9
   |
85 |     def test_fallback_logic_url(self, mock_sync):
86 |         self.mock_client.config.get.side_effect = lambda k, d=None: True if k == "is_openrouter" else d
87 |         self.mock_client.make_chat_request.return_value = ("POST", "/chat", "{}", {})
   |         ^^^^^^^^^^^^^^^^^^^^^^^^^^^^^^^^^^^^^^^^^^^^^^^
88 |         
89 |         # Mock response where image is in content (fallback)
   |
info: rule `invalid-assignment` is enabled by default

error[invalid-assignment]: Object of type `dict[str, str | list[Unknown]]` is not assignable to attribute `return_value` on type `Unknown | (bound method LlmClient.request_with_tools(messages, max_tokens=512, tools=None, append_callback=None, append_thinking_callback=None, stop_checker=None, body_override=None, model=None, stream=False) -> Unknown)`
  --> plugin/tests/test_image_service_refactor.py:94:9
   |
92 |             "images": []
93 |         }
94 |         self.mock_client.request_with_tools.return_value = mock_resp
   |         ^^^^^^^^^^^^^^^^^^^^^^^^^^^^^^^^^^^^^^^^^^^^^^^^
95 |         mock_sync.return_value = b"fallback-image-data"
   |
info: rule `invalid-assignment` is enabled by default

error[invalid-assignment]: Object of type `tuple[Literal["POST"], Literal["/chat"], Literal["{}"], dict[Unknown, Unknown]]` is not assignable to attribute `return_value` on type `Unknown | (bound method LlmClient.make_chat_request(messages, max_tokens=512, tools=None, stream=False, model=None) -> Unknown)`
   --> plugin/tests/test_image_service_refactor.py:106:9
    |
104 |     def test_fallback_logic_b64(self):
105 |         self.mock_client.config.get.side_effect = lambda k, d=None: True if k == "is_openrouter" else d
106 |         self.mock_client.make_chat_request.return_value = ("POST", "/chat", "{}", {})
    |         ^^^^^^^^^^^^^^^^^^^^^^^^^^^^^^^^^^^^^^^^^^^^^^^
107 |         
108 |         # Mock response where image is in content (fallback b64)
    |
info: rule `invalid-assignment` is enabled by default

error[invalid-assignment]: Object of type `dict[str, str | list[Unknown]]` is not assignable to attribute `return_value` on type `Unknown | (bound method LlmClient.request_with_tools(messages, max_tokens=512, tools=None, append_callback=None, append_thinking_callback=None, stop_checker=None, body_override=None, model=None, stream=False) -> Unknown)`
   --> plugin/tests/test_image_service_refactor.py:114:9
    |
112 |             "images": []
113 |         }
114 |         self.mock_client.request_with_tools.return_value = mock_resp
    |         ^^^^^^^^^^^^^^^^^^^^^^^^^^^^^^^^^^^^^^^^^^^^^^^^
115 |
116 |         paths, err = self.provider.generate("test prompt")
    |
info: rule `invalid-assignment` is enabled by default

error[invalid-assignment]: Object of type `tuple[Literal["POST"], Literal["/images"], Literal["{}"], dict[Unknown, Unknown]]` is not assignable to attribute `return_value` on type `Unknown | (bound method LlmClient.make_image_request(prompt, model=None, width=1024, height=1024, steps=None, source_image=None, image_url=None) -> Unknown)`
   --> plugin/tests/test_image_service_refactor.py:131:9
    |
129 |         """
130 |         self.mock_client.config.get.return_value = False # Standard path
131 |         self.mock_client.make_image_request.return_value = ("POST", "/images", "{}", {})
    |         ^^^^^^^^^^^^^^^^^^^^^^^^^^^^^^^^^^^^^^^^^^^^^^^^
132 |         
133 |         # Mock standard connection and response that returns no images in data
    |
info: rule `invalid-assignment` is enabled by default

error[invalid-assignment]: Object of type `MagicMock` is not assignable to attribute `return_value` on type `Unknown | (bound method LlmClient._get_connection() -> Unknown)`
   --> plugin/tests/test_image_service_refactor.py:135:9
    |
133 |         # Mock standard connection and response that returns no images in data
134 |         mock_conn = MagicMock()
135 |         self.mock_client._get_connection.return_value = mock_conn
    |         ^^^^^^^^^^^^^^^^^^^^^^^^^^^^^^^^^^^^^^^^^^^^^
136 |         mock_http_resp = create_mock_http_response(200, {"data": []}) # No images
137 |         mock_conn.getresponse.return_value = mock_http_resp
    |
info: rule `invalid-assignment` is enabled by default

error[invalid-assignment]: Object of type `tuple[Literal["POST"], Literal["/chat"], Literal["{}"], dict[Unknown, Unknown]]` is not assignable to attribute `return_value` on type `Unknown | (bound method LlmClient.make_chat_request(messages, max_tokens=512, tools=None, stream=False, model=None) -> Unknown)`
   --> plugin/tests/test_image_service_refactor.py:150:9
    |
148 |         """When provider response lacks expected image fields, ensure we return ([], '')."""
149 |         self.mock_client.config.get.side_effect = lambda k, d=None: True if k == "is_openrouter" else d
150 |         self.mock_client.make_chat_request.return_value = ("POST", "/chat", "{}", {})
    |         ^^^^^^^^^^^^^^^^^^^^^^^^^^^^^^^^^^^^^^^^^^^^^^^
151 |
152 |         # Missing image_url key
    |
info: rule `invalid-assignment` is enabled by default

error[invalid-assignment]: Object of type `dict[str, list[dict[str, str]]]` is not assignable to attribute `return_value` on type `Unknown | (bound method LlmClient.request_with_tools(messages, max_tokens=512, tools=None, append_callback=None, append_thinking_callback=None, stop_checker=None, body_override=None, model=None, stream=False) -> Unknown)`
   --> plugin/tests/test_image_service_refactor.py:156:9
    |
154 |             "images": [{"wrong_key": "http://example.com/image.png"}]
155 |         }
156 |         self.mock_client.request_with_tools.return_value = mock_resp
    |         ^^^^^^^^^^^^^^^^^^^^^^^^^^^^^^^^^^^^^^^^^^^^^^^^
157 |
158 |         paths, err = self.provider.generate("test prompt")
    |
info: rule `invalid-assignment` is enabled by default

error[invalid-assignment]: Object of type `tuple[Literal["POST"], Literal["/images"], Literal["{}"], dict[Unknown, Unknown]]` is not assignable to attribute `return_value` on type `Unknown | (bound method LlmClient.make_image_request(prompt, model=None, width=1024, height=1024, steps=None, source_image=None, image_url=None) -> Unknown)`
   --> plugin/tests/test_image_service_refactor.py:166:9
    |
164 |         """If provider returns multiple images, ensure paths preserves ordering and all paths are created/cleaned."""
165 |         self.mock_client.config.get.return_value = False # Not OpenRouter
166 |         self.mock_client.make_image_request.return_value = ("POST", "/images", "{}", {})
    |         ^^^^^^^^^^^^^^^^^^^^^^^^^^^^^^^^^^^^^^^^^^^^^^^^
167 |
168 |         # Mock standard connection and response with multiple images
    |
info: rule `invalid-assignment` is enabled by default

error[invalid-assignment]: Object of type `MagicMock` is not assignable to attribute `return_value` on type `Unknown | (bound method LlmClient._get_connection() -> Unknown)`
   --> plugin/tests/test_image_service_refactor.py:170:9
    |
168 |         # Mock standard connection and response with multiple images
169 |         mock_conn = MagicMock()
170 |         self.mock_client._get_connection.return_value = mock_conn
    |         ^^^^^^^^^^^^^^^^^^^^^^^^^^^^^^^^^^^^^^^^^^^^^
171 |
172 |         b64_data = base64.b64encode(b"multi-image-b64-data").decode()
    |
info: rule `invalid-assignment` is enabled by default

error[invalid-assignment]: Object of type `tuple[Literal["POST"], Literal["/chat"], Literal["{}"], dict[Unknown, Unknown]]` is not assignable to attribute `return_value` on type `Unknown | (bound method LlmClient.make_chat_request(messages, max_tokens=512, tools=None, stream=False, model=None) -> Unknown)`
   --> plugin/tests/test_image_service_refactor.py:199:9
    |
197 |         """For OpenRouter fallback content path, verify behavior when content contains a partial/invalid data URL string."""
198 |         self.mock_client.config.get.side_effect = lambda k, d=None: True if k == "is_openrouter" else d
199 |         self.mock_client.make_chat_request.return_value = ("POST", "/chat", "{}", {})
    |         ^^^^^^^^^^^^^^^^^^^^^^^^^^^^^^^^^^^^^^^^^^^^^^^
200 |
201 |         # Invalid data URL
    |
info: rule `invalid-assignment` is enabled by default

error[invalid-assignment]: Object of type `dict[str, str | list[Unknown]]` is not assignable to attribute `return_value` on type `Unknown | (bound method LlmClient.request_with_tools(messages, max_tokens=512, tools=None, append_callback=None, append_thinking_callback=None, stop_checker=None, body_override=None, model=None, stream=False) -> Unknown)`
   --> plugin/tests/test_image_service_refactor.py:206:9
    |
204 |             "images": []
205 |         }
206 |         self.mock_client.request_with_tools.return_value = mock_resp
    |         ^^^^^^^^^^^^^^^^^^^^^^^^^^^^^^^^^^^^^^^^^^^^^^^^
207 |
208 |         paths, err = self.provider.generate("test prompt")
    |
info: rule `invalid-assignment` is enabled by default

error[unresolved-attribute]: Unresolved attribute `AS_CHARACTER` on type `ModuleType`
  --> plugin/tests/test_image_tools_cursor.py:24:5
   |
22 |     sys.modules["com.sun.star.text"] = types.ModuleType("com.sun.star.text")
23 |     anchor_mod = types.ModuleType("com.sun.star.text.TextContentAnchorType")
24 |     anchor_mod.AS_CHARACTER = 1
   |     ^^^^^^^^^^^^^^^^^^^^^^^
25 |     anchor_mod.AT_FRAME = 3
26 |     sys.modules["com.sun.star.text.TextContentAnchorType"] = anchor_mod
   |
info: rule `unresolved-attribute` is enabled by default

error[unresolved-attribute]: Unresolved attribute `AT_FRAME` on type `ModuleType`
  --> plugin/tests/test_image_tools_cursor.py:25:5
   |
23 |     anchor_mod = types.ModuleType("com.sun.star.text.TextContentAnchorType")
24 |     anchor_mod.AS_CHARACTER = 1
25 |     anchor_mod.AT_FRAME = 3
   |     ^^^^^^^^^^^^^^^^^^^
26 |     sys.modules["com.sun.star.text.TextContentAnchorType"] = anchor_mod
   |
info: rule `unresolved-attribute` is enabled by default

error[unresolved-attribute]: Unresolved attribute `Size` on type `ModuleType`
  --> plugin/tests/test_image_tools_cursor.py:40:5
   |
38 |             self.Y = y
39 |
40 |     awt_mod.Size = Size
   |     ^^^^^^^^^^^^
41 |     awt_mod.Point = Point
42 |     sys.modules["com.sun.star.awt"] = awt_mod
   |
info: rule `unresolved-attribute` is enabled by default

error[unresolved-attribute]: Unresolved attribute `Point` on type `ModuleType`
  --> plugin/tests/test_image_tools_cursor.py:41:5
   |
40 |     awt_mod.Size = Size
41 |     awt_mod.Point = Point
   |     ^^^^^^^^^^^^^
42 |     sys.modules["com.sun.star.awt"] = awt_mod
   |
info: rule `unresolved-attribute` is enabled by default

error[unresolved-attribute]: Unresolved attribute `PropertyValue` on type `ModuleType`
  --> plugin/tests/test_image_tools_cursor.py:51:5
   |
49 |             self.Value = Value
50 |
51 |     beans_mod.PropertyValue = PropertyValue
   |     ^^^^^^^^^^^^^^^^^^^^^^^
52 |     sys.modules["com.sun.star.beans"] = beans_mod
   |
info: rule `unresolved-attribute` is enabled by default

error[unresolved-attribute]: Object of type `SmolToolAdapter` has no attribute `inputs`
  --> plugin/tests/test_librarian_smol.py:27:30
   |
26 |         # Verify inputs conversion
27 |         self.assertIn("key", smol_memory.inputs)
   |                              ^^^^^^^^^^^^^^^^^^
28 |         self.assertIn("content", smol_memory.inputs)
29 |         self.assertEqual(smol_memory.inputs["key"]["type"], "string")
   |
info: rule `unresolved-attribute` is enabled by default

error[unresolved-attribute]: Object of type `SmolToolAdapter` has no attribute `inputs`
  --> plugin/tests/test_librarian_smol.py:28:34
   |
26 |         # Verify inputs conversion
27 |         self.assertIn("key", smol_memory.inputs)
28 |         self.assertIn("content", smol_memory.inputs)
   |                                  ^^^^^^^^^^^^^^^^^^
29 |         self.assertEqual(smol_memory.inputs["key"]["type"], "string")
30 |         self.assertEqual(smol_memory.inputs["content"]["type"], "string")
   |
info: rule `unresolved-attribute` is enabled by default

error[unresolved-attribute]: Object of type `SmolToolAdapter` has no attribute `inputs`
  --> plugin/tests/test_librarian_smol.py:29:26
   |
27 |         self.assertIn("key", smol_memory.inputs)
28 |         self.assertIn("content", smol_memory.inputs)
29 |         self.assertEqual(smol_memory.inputs["key"]["type"], "string")
   |                          ^^^^^^^^^^^^^^^^^^
30 |         self.assertEqual(smol_memory.inputs["content"]["type"], "string")
   |
info: rule `unresolved-attribute` is enabled by default

error[unresolved-attribute]: Object of type `SmolToolAdapter` has no attribute `inputs`
  --> plugin/tests/test_librarian_smol.py:30:26
   |
28 |         self.assertIn("content", smol_memory.inputs)
29 |         self.assertEqual(smol_memory.inputs["key"]["type"], "string")
30 |         self.assertEqual(smol_memory.inputs["content"]["type"], "string")
   |                          ^^^^^^^^^^^^^^^^^^
31 |         
32 |         # Verify forward call
   |
info: rule `unresolved-attribute` is enabled by default

error[invalid-assignment]: Object of type `MagicMock` is not assignable to attribute `execute` of type `def execute(self, ctx, **kwargs) -> Unknown`
  --> plugin/tests/test_librarian_smol.py:33:9
   |
32 |         # Verify forward call
33 |         memory_tool.execute = MagicMock(return_value={"status": "ok"})
   |         ^^^^^^^^^^^^^^^^^^^
34 |         smol_memory.forward(key="favorite_color", content="blue")
35 |         memory_tool.execute.assert_called_once()
   |
info: Implicit shadowing of function `execute`, add an annotation to make it explicit if this is intentional
info: rule `invalid-assignment` is enabled by default

error[unresolved-attribute]: Object of type `SmolToolAdapter` has no attribute `forward`
  --> plugin/tests/test_librarian_smol.py:34:9
   |
32 |         # Verify forward call
33 |         memory_tool.execute = MagicMock(return_value={"status": "ok"})
34 |         smol_memory.forward(key="favorite_color", content="blue")
   |         ^^^^^^^^^^^^^^^^^^^
35 |         memory_tool.execute.assert_called_once()
36 |         args, kwargs = memory_tool.execute.call_args
   |
info: rule `unresolved-attribute` is enabled by default

error[unresolved-attribute]: Object of type `bound method MemoryTool.execute(ctx, **kwargs) -> Unknown` has no attribute `assert_called_once`
  --> plugin/tests/test_librarian_smol.py:35:9
   |
33 |         memory_tool.execute = MagicMock(return_value={"status": "ok"})
34 |         smol_memory.forward(key="favorite_color", content="blue")
35 |         memory_tool.execute.assert_called_once()
   |         ^^^^^^^^^^^^^^^^^^^^^^^^^^^^^^^^^^^^^^
36 |         args, kwargs = memory_tool.execute.call_args
37 |         self.assertEqual(kwargs["key"], "favorite_color")
   |
info: rule `unresolved-attribute` is enabled by default

error[unresolved-attribute]: Object of type `bound method MemoryTool.execute(ctx, **kwargs) -> Unknown` has no attribute `call_args`
  --> plugin/tests/test_librarian_smol.py:36:24
   |
34 |         smol_memory.forward(key="favorite_color", content="blue")
35 |         memory_tool.execute.assert_called_once()
36 |         args, kwargs = memory_tool.execute.call_args
   |                        ^^^^^^^^^^^^^^^^^^^^^^^^^^^^^
37 |         self.assertEqual(kwargs["key"], "favorite_color")
38 |         self.assertEqual(kwargs["content"], "blue")
   |
info: rule `unresolved-attribute` is enabled by default

error[invalid-argument-type]: Argument to bound method `__init__` is incorrect
  --> plugin/tests/test_librarian_smol.py:52:13
   |
50 |         # This shouldn't raise "All elements must be instance of BaseTool"
51 |         agent = ToolCallingAgent(
52 |             tools=tools,
   |             ^^^^^^^^^^^ Expected `list[Tool]`, found `list[SmolToolAdapter]`
53 |             model=model
54 |         )
   |
info: Method defined here
    --> plugin/contrib/smolagents/agents.py:1297:9
     |
1295 |     """
1296 |
1297 |     def __init__(
     |         ^^^^^^^^
1298 |         self,
1299 |         tools: list[Tool],
     |         ----------------- Parameter declared here
1300 |         model: Model,
1301 |         prompt_templates: PromptTemplates | None = None,
     |
info: rule `invalid-argument-type` is enabled by default

error[invalid-argument-type]: Argument to bound method `__init__` is incorrect
  --> plugin/tests/test_llm_client_modality.py:34:62
   |
33 |     # HTTP errors
34 |     err = urllib.error.HTTPError("url", 401, "Unauthorized", {}, None)
   |                                                              ^^ Expected `Message[str, str]`, found `dict[Unknown, Unknown]`
35 |     assert "Invalid API Key" in format_error_message(err)
   |
info: Method defined here
  --> stdlib/urllib/error.pyi:41:9
   |
39 |     hdrs: Message
40 |     fp: IO[bytes]
41 |     def __init__(self, url: str, code: int, msg: str, hdrs: Message, fp: IO[bytes] | None) -> None: ...
   |         ^^^^^^^^                                      ------------- Parameter declared here
42 |
43 | class ContentTooShortError(URLError):
   |
info: Union variant `bound method HTTPError.__init__(url: str, code: int, msg: str, hdrs: Message[str, str], fp: IO[bytes] | None) -> None` is incompatible with this call site
info: Attempted to call union type `(def __new__[Self](cls, *args: Any, **kwds: Any) -> Self) | (bound method HTTPError.__init__(url: str, code: int, msg: str, hdrs: Message[str, str], fp: IO[bytes] | None) -> None)`
info: rule `invalid-argument-type` is enabled by default

error[invalid-argument-type]: Argument to bound method `__init__` is incorrect
  --> plugin/tests/test_llm_client_modality.py:37:59
   |
35 |     assert "Invalid API Key" in format_error_message(err)
36 |
37 |     err = urllib.error.HTTPError("url", 403, "Forbidden", {}, None)
   |                                                           ^^ Expected `Message[str, str]`, found `dict[Unknown, Unknown]`
38 |     assert "Forbidden" in format_error_message(err)
   |
info: Method defined here
  --> stdlib/urllib/error.pyi:41:9
   |
39 |     hdrs: Message
40 |     fp: IO[bytes]
41 |     def __init__(self, url: str, code: int, msg: str, hdrs: Message, fp: IO[bytes] | None) -> None: ...
   |         ^^^^^^^^                                      ------------- Parameter declared here
42 |
43 | class ContentTooShortError(URLError):
   |
info: Union variant `bound method HTTPError.__init__(url: str, code: int, msg: str, hdrs: Message[str, str], fp: IO[bytes] | None) -> None` is incompatible with this call site
info: Attempted to call union type `(def __new__[Self](cls, *args: Any, **kwds: Any) -> Self) | (bound method HTTPError.__init__(url: str, code: int, msg: str, hdrs: Message[str, str], fp: IO[bytes] | None) -> None)`
info: rule `invalid-argument-type` is enabled by default

error[unsupported-operator]: Unsupported `>` operation
  --> plugin/tests/test_logging.py:32:12
   |
30 |     assert _activity_state["round_num"] == 1
31 |     assert _activity_state["tool_name"] == "tool1"
32 |     assert _activity_state["last_activity"] > 0
   |            --------------------------------^^^-
   |            |                                  |
   |            |                                  Has type `Literal[0]`
   |            Has type `str | int | None | float`
   |
info: Operation fails because operator `>` is not supported between objects of type `str` and `Literal[0]`
info: rule `unsupported-operator` is enabled by default

error[unresolved-attribute]: Attribute `is_set` is not defined on `None` in union `Unknown | Event | None`
  --> plugin/tests/test_main_thread.py:30:16
   |
28 |     assert item.fn is func
29 |     assert item.args == (5,)
30 |     assert not item.event.is_set()
   |                ^^^^^^^^^^^^^^^^^
31 |
32 | def test_execute_on_main_thread_direct():
   |
info: rule `unresolved-attribute` is enabled by default

error[unresolved-attribute]: Unresolved attribute `XCallback` on type `ModuleType`
   --> plugin/tests/test_main_thread.py:231:9
    |
229 |         class MockXCallback:
230 |             pass
231 |         sys.modules['com.sun.star.awt'].XCallback = MockXCallback
    |         ^^^^^^^^^^^^^^^^^^^^^^^^^^^^^^^^^^^^^^^^^
232 |
233 |         instance = default_executor._make_callback_instance()
    |
info: rule `unresolved-attribute` is enabled by default

error[unresolved-attribute]: Unresolved attribute `XCallback` on type `ModuleType`
   --> plugin/tests/test_main_thread.py:252:9
    |
250 |     with patch.dict(sys.modules, monkeypatch_modules):
251 |         class MockXCallback: pass
252 |         sys.modules['com.sun.star.awt'].XCallback = MockXCallback
    |         ^^^^^^^^^^^^^^^^^^^^^^^^^^^^^^^^^^^^^^^^^
253 |         instance = default_executor._make_callback_instance()
    |
info: rule `unresolved-attribute` is enabled by default

error[unresolved-attribute]: Attribute `is_set` is not defined on `None` in union `Unknown | Event | None`
   --> plugin/tests/test_main_thread.py:267:20
    |
265 |             assert item.result == 20
266 |             assert item.exception is None
267 |             assert item.event.is_set()
    |                    ^^^^^^^^^^^^^^^^^
268 |             mock_poke.assert_not_called()
    |
info: rule `unresolved-attribute` is enabled by default

error[unresolved-attribute]: Attribute `is_set` is not defined on `None` in union `Unknown | Event | None`
   --> plugin/tests/test_main_thread.py:283:20
    |
281 |             assert item2.result is None
282 |             assert isinstance(item2.exception, ValueError)
283 |             assert item2.event.is_set()
    |                    ^^^^^^^^^^^^^^^^^^
284 |             mock_poke.assert_called_once()
    |
info: rule `unresolved-attribute` is enabled by default

error[unresolved-attribute]: Unresolved attribute `TestModule` on type `ModuleType`
  --> plugin/tests/test_module_loader.py:57:5
   |
55 |     ModuleBase.__name__ = "ModuleBase"
56 |
57 |     mock_module.TestModule = TestModule
   |     ^^^^^^^^^^^^^^^^^^^^^^
58 |
59 |     # Actually `os` is imported at the top of the module, so we must patch `plugin.framework.module_loader.os.path.isdir`
   |
info: rule `unresolved-attribute` is enabled by default

error[unresolved-attribute]: Object of type `object` has no attribute `name`
  --> plugin/tests/test_module_loader.py:79:16
   |
78 |         assert len(modules) == 1
79 |         assert modules[0].name == "test_module"
   |                ^^^^^^^^^^^^^^^
   |
info: rule `unresolved-attribute` is enabled by default

warning[unused-type-ignore-comment]: Unused blanket `type: ignore` directive
  --> plugin/tests/test_search_web.py:46:49
   |
44 | _add_project_root_to_path()
45 |
46 | from plugin.contrib.smolagents.models import (  # type: ignore  # noqa: E402
   |                                                 ^^^^^^^^^^^^^^^^
47 |     ChatMessage,
48 |     ChatMessageToolCall,
   |
help: Remove the unused suppression comment
43 | 
44 | _add_project_root_to_path()
45 | 
   - from plugin.contrib.smolagents.models import (  # type: ignore  # noqa: E402
46 + from plugin.contrib.smolagents.models import (  # noqa: E402
47 |     ChatMessage,
48 |     ChatMessageToolCall,
49 |     ChatMessageToolCallFunction,

warning[unused-type-ignore-comment]: Unused blanket `type: ignore` directive
  --> plugin/tests/test_search_web.py:54:64
   |
52 |     TokenUsage,
53 | )
54 | from plugin.contrib.smolagents.utils import AgentParsingError  # type: ignore  # noqa: E402
   |                                                                ^^^^^^^^^^^^^^^^
55 | from plugin.contrib.smolagents.agents import ToolCallingAgent  # type: ignore  # noqa: E402
56 | from plugin.contrib.smolagents.default_tools import (  # type: ignore  # noqa: E402
   |
help: Remove the unused suppression comment
51 |     Model,
52 |     TokenUsage,
53 | )
   - from plugin.contrib.smolagents.utils import AgentParsingError  # type: ignore  # noqa: E402
54 + from plugin.contrib.smolagents.utils import AgentParsingError  # noqa: E402
55 | from plugin.contrib.smolagents.agents import ToolCallingAgent  # type: ignore  # noqa: E402
56 | from plugin.contrib.smolagents.default_tools import (  # type: ignore  # noqa: E402
57 |     DuckDuckGoSearchTool,

warning[unused-type-ignore-comment]: Unused blanket `type: ignore` directive
  --> plugin/tests/test_search_web.py:55:64
   |
53 | )
54 | from plugin.contrib.smolagents.utils import AgentParsingError  # type: ignore  # noqa: E402
55 | from plugin.contrib.smolagents.agents import ToolCallingAgent  # type: ignore  # noqa: E402
   |                                                                ^^^^^^^^^^^^^^^^
56 | from plugin.contrib.smolagents.default_tools import (  # type: ignore  # noqa: E402
57 |     DuckDuckGoSearchTool,
   |
help: Remove the unused suppression comment
52 |     TokenUsage,
53 | )
54 | from plugin.contrib.smolagents.utils import AgentParsingError  # type: ignore  # noqa: E402
   - from plugin.contrib.smolagents.agents import ToolCallingAgent  # type: ignore  # noqa: E402
55 + from plugin.contrib.smolagents.agents import ToolCallingAgent  # noqa: E402
56 | from plugin.contrib.smolagents.default_tools import (  # type: ignore  # noqa: E402
57 |     DuckDuckGoSearchTool,
58 |     VisitWebpageTool,

warning[unused-type-ignore-comment]: Unused blanket `type: ignore` directive
  --> plugin/tests/test_search_web.py:56:56
   |
54 | from plugin.contrib.smolagents.utils import AgentParsingError  # type: ignore  # noqa: E402
55 | from plugin.contrib.smolagents.agents import ToolCallingAgent  # type: ignore  # noqa: E402
56 | from plugin.contrib.smolagents.default_tools import (  # type: ignore  # noqa: E402
   |                                                        ^^^^^^^^^^^^^^^^
57 |     DuckDuckGoSearchTool,
58 |     VisitWebpageTool,
   |
help: Remove the unused suppression comment
53 | )
54 | from plugin.contrib.smolagents.utils import AgentParsingError  # type: ignore  # noqa: E402
55 | from plugin.contrib.smolagents.agents import ToolCallingAgent  # type: ignore  # noqa: E402
   - from plugin.contrib.smolagents.default_tools import (  # type: ignore  # noqa: E402
56 + from plugin.contrib.smolagents.default_tools import (  # noqa: E402
57 |     DuckDuckGoSearchTool,
58 |     VisitWebpageTool,
59 | )

error[invalid-method-override]: Invalid override of method `generate`
   --> plugin/tests/test_search_web.py:115:9
    |
113 |           return None
114 |
115 |       def generate(
    |  _________^
116 | |         self,
117 | |         messages: list[ChatMessage],
118 | |         stop_sequences: list[str] | None = None,
119 | |         tools_to_call_from=None,
120 | |         **kwargs: Any,
121 | |     ) -> ChatMessage:
    | |____________________^ Definition is incompatible with `Model.generate`
122 |           """
123 |           Synchronous completion call to OpenRouter, with optional tool-calling.
    |
   ::: plugin/contrib/smolagents/models.py:553:9
    |
551 |           return completion_kwargs
552 |
553 |       def generate(
    |  _________-
554 | |         self,
555 | |         messages: list[ChatMessage],
556 | |         stop_sequences: list[str] | None = None,
557 | |         response_format: dict[str, str] | None = None,
558 | |         tools_to_call_from: list[Tool] | None = None,
559 | |         **kwargs,
560 | |     ) -> ChatMessage:
    | |____________________- `Model.generate` defined here
561 |           """Process the input messages and return the model's response.
    |
info: This violates the Liskov Substitution Principle
info: rule `invalid-method-override` is enabled by default

error[invalid-argument-type]: Argument to bound method `_prepare_completion_kwargs` is incorrect
   --> plugin/tests/test_search_web.py:126:13
    |
124 |         """
125 |         completion_kwargs = self._prepare_completion_kwargs(
126 |             messages=messages,
    |             ^^^^^^^^^^^^^^^^^ Expected `list[ChatMessage | dict[Unknown, Unknown]]`, found `list[ChatMessage]`
127 |             stop_sequences=stop_sequences,
128 |             tools_to_call_from=tools_to_call_from,
    |
info: Method defined here
   --> plugin/contrib/smolagents/models.py:502:9
    |
500 |         return supports_stop_parameter(self.model_id or "")
501 |
502 |     def _prepare_completion_kwargs(
    |         ^^^^^^^^^^^^^^^^^^^^^^^^^^
503 |         self,
504 |         messages: list[ChatMessage | dict],
    |         ---------------------------------- Parameter declared here
505 |         stop_sequences: list[str] | None = None,
506 |         response_format: dict[str, str] | None = None,
    |
info: `list` is invariant in its type parameter
info: Consider using the covariant supertype `collections.abc.Sequence`
info: For more information, see https://docs.astral.sh/ty/reference/typing-faq/#invariant-generics
info: rule `invalid-argument-type` is enabled by default

error[invalid-argument-type]: Argument to bound method `__init__` is incorrect
   --> plugin/tests/test_search_web.py:224:30
    |
222 |     model = OpenRouterSmolModel(api_key=api_key, model_id=args.model, max_tokens=args.max_tokens)
223 |     tools = [DuckDuckGoSearchTool(), VisitWebpageTool()]
224 |     agent = ToolCallingAgent(tools=tools, model=model, stream_outputs=False)
    |                              ^^^^^^^^^^^ Expected `list[Tool]`, found `list[DuckDuckGoSearchTool | VisitWebpageTool]`
225 |
226 |     task = (
    |
info: Method defined here
    --> plugin/contrib/smolagents/agents.py:1297:9
     |
1295 |     """
1296 |
1297 |     def __init__(
     |         ^^^^^^^^
1298 |         self,
1299 |         tools: list[Tool],
     |         ----------------- Parameter declared here
1300 |         model: Model,
1301 |         prompt_templates: PromptTemplates | None = None,
     |
info: `list` is invariant in its type parameter
info: Consider using the covariant supertype `collections.abc.Sequence`
info: For more information, see https://docs.astral.sh/ty/reference/typing-faq/#invariant-generics
info: rule `invalid-argument-type` is enabled by default

error[invalid-assignment]: Object of type `Literal[False]` is not assignable to attribute `USE_SUB_AGENT` of type `Literal[True]`
  --> plugin/tests/test_specialized_delegation.py:49:5
   |
47 |     # Enable in-place switching mode
48 |     import plugin.modules.writer.specialized
49 |     plugin.modules.writer.specialized.USE_SUB_AGENT = False
   |     ^^^^^^^^^^^^^^^^^^^^^^^^^^^^^^^^^^^^^^^^^^^^^^^
50 |
51 |     active_domain = None
   |
info: rule `invalid-assignment` is enabled by default

error[invalid-assignment]: Property `n` defined in `_TrivialState` is read-only
  --> plugin/tests/test_state_framework.py:31:9
   |
29 |     s = _TrivialState(n=1)
30 |     with pytest.raises(dataclasses.FrozenInstanceError):
31 |         s.n = 2  # type: ignore[misc]
   |         ^^^
   |
info: rule `invalid-assignment` is enabled by default

error[invalid-assignment]: Property `state` defined in `FsmTransition[_TrivialState]` is read-only
  --> plugin/tests/test_state_framework.py:37:9
   |
35 |     t = FsmTransition(_TrivialState(n=0), [])
36 |     with pytest.raises(dataclasses.FrozenInstanceError):
37 |         t.state = _TrivialState(n=1)  # type: ignore[misc]
   |         ^^^^^^^
   |
info: rule `invalid-assignment` is enabled by default

error[invalid-assignment]: Object of type `() -> Unknown` is not assignable to attribute `_get_connection` of type `def _get_connection(self) -> Unknown`
  --> plugin/tests/test_streaming.py:73:9
   |
71 |         lines = _make_sse_lines(*chunks)
72 |         client = LlmClient(self.config, self.ctx)
73 |         client._get_connection = lambda: _mock_connection_with_sse_lines(lines)
   |         ^^^^^^^^^^^^^^^^^^^^^^
74 |
75 |         content_parts = []
   |
info: Implicit shadowing of function `_get_connection`, add an annotation to make it explicit if this is intentional
info: rule `invalid-assignment` is enabled by default

error[invalid-assignment]: Object of type `() -> Unknown` is not assignable to attribute `_get_connection` of type `def _get_connection(self) -> Unknown`
  --> plugin/tests/test_streaming.py:92:9
   |
90 |         lines = [b"data:" + json.dumps(chunk).encode() + b"\n", b"data: [DONE]\n"]
91 |         client = LlmClient(self.config, self.ctx)
92 |         client._get_connection = lambda: _mock_connection_with_sse_lines(lines)
   |         ^^^^^^^^^^^^^^^^^^^^^^
93 |
94 |         content_parts = []
   |
info: Implicit shadowing of function `_get_connection`, add an annotation to make it explicit if this is intentional
info: rule `invalid-assignment` is enabled by default

error[invalid-assignment]: Object of type `() -> Unknown` is not assignable to attribute `_get_connection` of type `def _get_connection(self) -> Unknown`
   --> plugin/tests/test_streaming.py:110:9
    |
108 |         lines.extend(_make_sse_lines(*chunks))
109 |         client = LlmClient(self.config, self.ctx)
110 |         client._get_connection = lambda: _mock_connection_with_sse_lines(lines)
    |         ^^^^^^^^^^^^^^^^^^^^^^
111 |
112 |         content_parts = []
    |
info: Implicit shadowing of function `_get_connection`, add an annotation to make it explicit if this is intentional
info: rule `invalid-assignment` is enabled by default

error[invalid-assignment]: Object of type `() -> Unknown` is not assignable to attribute `_get_connection` of type `def _get_connection(self) -> Unknown`
   --> plugin/tests/test_streaming.py:127:9
    |
125 |         ]
126 |         client = LlmClient(self.config, self.ctx)
127 |         client._get_connection = lambda: _mock_connection_with_sse_lines(lines)
    |         ^^^^^^^^^^^^^^^^^^^^^^
128 |
129 |         content_parts = []
    |
info: Implicit shadowing of function `_get_connection`, add an annotation to make it explicit if this is intentional
info: rule `invalid-assignment` is enabled by default

error[invalid-assignment]: Object of type `() -> Unknown` is not assignable to attribute `_get_connection` of type `def _get_connection(self) -> Unknown`
   --> plugin/tests/test_streaming.py:150:9
    |
148 |         lines = _make_sse_lines(chunk)
149 |         client = LlmClient(self.config, self.ctx)
150 |         client._get_connection = lambda: _mock_connection_with_sse_lines(lines)
    |         ^^^^^^^^^^^^^^^^^^^^^^
151 |
152 |         with self.assertRaises(Exception) as ctx:
    |
info: Implicit shadowing of function `_get_connection`, add an annotation to make it explicit if this is intentional
info: rule `invalid-assignment` is enabled by default

error[invalid-assignment]: Object of type `() -> Unknown` is not assignable to attribute `_get_connection` of type `def _get_connection(self) -> Unknown`
   --> plugin/tests/test_streaming.py:175:9
    |
173 |         lines = _make_sse_lines(*chunks)
174 |         client = LlmClient(self.config, self.ctx)
175 |         client._get_connection = lambda: _mock_connection_with_sse_lines(lines)
    |         ^^^^^^^^^^^^^^^^^^^^^^
176 |
177 |         with self.assertRaises(Exception) as ctx:
    |
info: Implicit shadowing of function `_get_connection`, add an annotation to make it explicit if this is intentional
info: rule `invalid-assignment` is enabled by default

error[invalid-assignment]: Object of type `() -> Unknown` is not assignable to attribute `_get_connection` of type `def _get_connection(self) -> Unknown`
   --> plugin/tests/test_streaming.py:213:9
    |
211 |         lines = _make_sse_lines(*chunks)
212 |         client = LlmClient(self.config, self.ctx)
213 |         client._get_connection = lambda: _mock_connection_with_sse_lines(lines)
    |         ^^^^^^^^^^^^^^^^^^^^^^
214 |
215 |         result = client.stream_request_with_tools(
    |
info: Implicit shadowing of function `_get_connection`, add an annotation to make it explicit if this is intentional
info: rule `invalid-assignment` is enabled by default

error[invalid-assignment]: Object of type `() -> Unknown` is not assignable to attribute `_get_connection` of type `def _get_connection(self) -> Unknown`
   --> plugin/tests/test_streaming.py:245:9
    |
243 |         lines = _make_sse_lines(*chunks)
244 |         client = LlmClient(self.config, self.ctx)
245 |         client._get_connection = lambda: _mock_connection_with_sse_lines(lines)
    |         ^^^^^^^^^^^^^^^^^^^^^^
246 |
247 |         result = client.stream_request_with_tools(
    |
info: Implicit shadowing of function `_get_connection`, add an annotation to make it explicit if this is intentional
info: rule `invalid-assignment` is enabled by default

error[invalid-assignment]: Object of type `() -> Unknown` is not assignable to attribute `_get_connection` of type `def _get_connection(self) -> Unknown`
   --> plugin/tests/test_streaming.py:269:9
    |
267 |         lines = _make_sse_lines(*chunks)
268 |         client = LlmClient(self.config, self.ctx)
269 |         client._get_connection = lambda: _mock_connection_with_sse_lines(lines)
    |         ^^^^^^^^^^^^^^^^^^^^^^
270 |
271 |         result = client.stream_request_with_tools(
    |
info: Implicit shadowing of function `_get_connection`, add an annotation to make it explicit if this is intentional
info: rule `invalid-assignment` is enabled by default

error[invalid-assignment]: Object of type `() -> Unknown` is not assignable to attribute `_get_connection` of type `def _get_connection(self) -> Unknown`
   --> plugin/tests/test_streaming.py:304:9
    |
302 |         lines = _make_sse_lines(*chunks)
303 |         client = LlmClient(self.config, self.ctx)
304 |         client._get_connection = lambda: _mock_connection_with_sse_lines(lines)
    |         ^^^^^^^^^^^^^^^^^^^^^^
305 |
306 |         result = client.stream_request_with_tools(
    |
info: Implicit shadowing of function `_get_connection`, add an annotation to make it explicit if this is intentional
info: rule `invalid-assignment` is enabled by default

error[invalid-assignment]: Object of type `() -> Unknown` is not assignable to attribute `_get_connection` of type `def _get_connection(self) -> Unknown`
   --> plugin/tests/test_streaming.py:358:9
    |
356 |         lines = _make_sse_lines(*chunks)
357 |         client = LlmClient(self.config, self.ctx)
358 |         client._get_connection = lambda: _mock_connection_with_sse_lines(lines)
    |         ^^^^^^^^^^^^^^^^^^^^^^
359 |
360 |         result = client.stream_request_with_tools(
    |
info: Implicit shadowing of function `_get_connection`, add an annotation to make it explicit if this is intentional
info: rule `invalid-assignment` is enabled by default

error[invalid-assignment]: Object of type `() -> Unknown` is not assignable to attribute `_get_connection` of type `def _get_connection(self) -> Unknown`
   --> plugin/tests/test_streaming.py:400:9
    |
398 |         lines = _make_sse_lines(*chunks)
399 |         client = LlmClient(self.config, self.ctx)
400 |         client._get_connection = lambda: _mock_connection_with_sse_lines(lines)
    |         ^^^^^^^^^^^^^^^^^^^^^^
401 |
402 |         result = client.stream_request_with_tools(
    |
info: Implicit shadowing of function `_get_connection`, add an annotation to make it explicit if this is intentional
info: rule `invalid-assignment` is enabled by default

error[invalid-assignment]: Object of type `() -> Unknown` is not assignable to attribute `_get_connection` of type `def _get_connection(self) -> Unknown`
   --> plugin/tests/test_streaming.py:441:9
    |
439 |         # Scenario 1: JSON body with detailed error
440 |         json_error_body = b'{"error": {"message": "Model not found"}}'
441 |         client._get_connection = lambda: _mock_error_connection(404, "Not Found", json_error_body)
    |         ^^^^^^^^^^^^^^^^^^^^^^
442 |
443 |         with self.assertRaises(Exception) as ctx:
    |
info: Implicit shadowing of function `_get_connection`, add an annotation to make it explicit if this is intentional
info: rule `invalid-assignment` is enabled by default

error[invalid-assignment]: Object of type `() -> Unknown` is not assignable to attribute `_get_connection` of type `def _get_connection(self) -> Unknown`
   --> plugin/tests/test_streaming.py:455:9
    |
453 |         # Scenario 2: Non-JSON body (e.g., HTML or plain text)
454 |         plain_error_body = b"Internal Server Error: Database Down"
455 |         client._get_connection = lambda: _mock_error_connection(500, "Internal Server Error", plain_error_body)
    |         ^^^^^^^^^^^^^^^^^^^^^^
456 |
457 |         with self.assertRaises(Exception) as ctx:
    |
info: Implicit shadowing of function `_get_connection`, add an annotation to make it explicit if this is intentional
info: rule `invalid-assignment` is enabled by default

error[invalid-argument-type]: Argument to function `accumulate_delta` is incorrect
 --> plugin/tests/test_streaming_deltas.py:7:31
  |
5 |     acc = {"a": "hello"}
6 |     delta = {"a": " world"}
7 |     result = accumulate_delta(acc, delta)
  |                               ^^^ Expected `dict[object, object]`, found `dict[str, str]`
8 |     assert result == {"a": "hello world"}
9 |     assert acc is result
  |
info: Function defined here
  --> plugin/framework/streaming_deltas.py:33:5
   |
33 | def accumulate_delta(
   |     ^^^^^^^^^^^^^^^^
34 |     acc: dict[object, object], delta: dict[object, object]
   |     ------------------------- Parameter declared here
35 | ) -> dict[object, object]:
36 |     """Merge a streaming chunk delta into an accumulated message/snapshot.
   |
info: `dict` is invariant in its first and second type parameters
info: For more information, see https://docs.astral.sh/ty/reference/typing-faq/#invariant-generics
info: rule `invalid-argument-type` is enabled by default

error[invalid-argument-type]: Argument to function `accumulate_delta` is incorrect
 --> plugin/tests/test_streaming_deltas.py:7:36
  |
5 |     acc = {"a": "hello"}
6 |     delta = {"a": " world"}
7 |     result = accumulate_delta(acc, delta)
  |                                    ^^^^^ Expected `dict[object, object]`, found `dict[str, str]`
8 |     assert result == {"a": "hello world"}
9 |     assert acc is result
  |
info: Function defined here
  --> plugin/framework/streaming_deltas.py:33:5
   |
33 | def accumulate_delta(
   |     ^^^^^^^^^^^^^^^^
34 |     acc: dict[object, object], delta: dict[object, object]
   |                                --------------------------- Parameter declared here
35 | ) -> dict[object, object]:
36 |     """Merge a streaming chunk delta into an accumulated message/snapshot.
   |
info: `dict` is invariant in its first and second type parameters
info: For more information, see https://docs.astral.sh/ty/reference/typing-faq/#invariant-generics
info: rule `invalid-argument-type` is enabled by default

error[invalid-argument-type]: Argument to function `accumulate_delta` is incorrect
  --> plugin/tests/test_streaming_deltas.py:14:31
   |
12 |     acc = {"a": "hello"}
13 |     delta = {"b": 42}
14 |     result = accumulate_delta(acc, delta)
   |                               ^^^ Expected `dict[object, object]`, found `dict[str, str]`
15 |     assert result == {"a": "hello", "b": 42}
   |
info: Function defined here
  --> plugin/framework/streaming_deltas.py:33:5
   |
33 | def accumulate_delta(
   |     ^^^^^^^^^^^^^^^^
34 |     acc: dict[object, object], delta: dict[object, object]
   |     ------------------------- Parameter declared here
35 | ) -> dict[object, object]:
36 |     """Merge a streaming chunk delta into an accumulated message/snapshot.
   |
info: `dict` is invariant in its first and second type parameters
info: For more information, see https://docs.astral.sh/ty/reference/typing-faq/#invariant-generics
info: rule `invalid-argument-type` is enabled by default

error[invalid-argument-type]: Argument to function `accumulate_delta` is incorrect
  --> plugin/tests/test_streaming_deltas.py:14:36
   |
12 |     acc = {"a": "hello"}
13 |     delta = {"b": 42}
14 |     result = accumulate_delta(acc, delta)
   |                                    ^^^^^ Expected `dict[object, object]`, found `dict[str, int]`
15 |     assert result == {"a": "hello", "b": 42}
   |
info: Function defined here
  --> plugin/framework/streaming_deltas.py:33:5
   |
33 | def accumulate_delta(
   |     ^^^^^^^^^^^^^^^^
34 |     acc: dict[object, object], delta: dict[object, object]
   |                                --------------------------- Parameter declared here
35 | ) -> dict[object, object]:
36 |     """Merge a streaming chunk delta into an accumulated message/snapshot.
   |
info: `dict` is invariant in its first and second type parameters
info: For more information, see https://docs.astral.sh/ty/reference/typing-faq/#invariant-generics
info: rule `invalid-argument-type` is enabled by default

error[invalid-argument-type]: Argument to function `accumulate_delta` is incorrect
  --> plugin/tests/test_streaming_deltas.py:20:31
   |
18 |     acc = {"a": None}
19 |     delta = {"a": "value"}
20 |     result = accumulate_delta(acc, delta)
   |                               ^^^ Expected `dict[object, object]`, found `dict[str, None | Unknown]`
21 |     assert result == {"a": "value"}
   |
info: Function defined here
  --> plugin/framework/streaming_deltas.py:33:5
   |
33 | def accumulate_delta(
   |     ^^^^^^^^^^^^^^^^
34 |     acc: dict[object, object], delta: dict[object, object]
   |     ------------------------- Parameter declared here
35 | ) -> dict[object, object]:
36 |     """Merge a streaming chunk delta into an accumulated message/snapshot.
   |
info: `dict` is invariant in its first and second type parameters
info: For more information, see https://docs.astral.sh/ty/reference/typing-faq/#invariant-generics
info: rule `invalid-argument-type` is enabled by default

error[invalid-argument-type]: Argument to function `accumulate_delta` is incorrect
  --> plugin/tests/test_streaming_deltas.py:20:36
   |
18 |     acc = {"a": None}
19 |     delta = {"a": "value"}
20 |     result = accumulate_delta(acc, delta)
   |                                    ^^^^^ Expected `dict[object, object]`, found `dict[str, str]`
21 |     assert result == {"a": "value"}
   |
info: Function defined here
  --> plugin/framework/streaming_deltas.py:33:5
   |
33 | def accumulate_delta(
   |     ^^^^^^^^^^^^^^^^
34 |     acc: dict[object, object], delta: dict[object, object]
   |                                --------------------------- Parameter declared here
35 | ) -> dict[object, object]:
36 |     """Merge a streaming chunk delta into an accumulated message/snapshot.
   |
info: `dict` is invariant in its first and second type parameters
info: For more information, see https://docs.astral.sh/ty/reference/typing-faq/#invariant-generics
info: rule `invalid-argument-type` is enabled by default

error[invalid-argument-type]: Argument to function `accumulate_delta` is incorrect
  --> plugin/tests/test_streaming_deltas.py:26:31
   |
24 |     acc = {"index": 1, "type": "old"}
25 |     delta = {"index": 2, "type": "new"}
26 |     result = accumulate_delta(acc, delta)
   |                               ^^^ Expected `dict[object, object]`, found `dict[str, int | str]`
27 |     assert result == {"index": 2, "type": "new"}
   |
info: Function defined here
  --> plugin/framework/streaming_deltas.py:33:5
   |
33 | def accumulate_delta(
   |     ^^^^^^^^^^^^^^^^
34 |     acc: dict[object, object], delta: dict[object, object]
   |     ------------------------- Parameter declared here
35 | ) -> dict[object, object]:
36 |     """Merge a streaming chunk delta into an accumulated message/snapshot.
   |
info: `dict` is invariant in its first and second type parameters
info: For more information, see https://docs.astral.sh/ty/reference/typing-faq/#invariant-generics
info: rule `invalid-argument-type` is enabled by default

error[invalid-argument-type]: Argument to function `accumulate_delta` is incorrect
  --> plugin/tests/test_streaming_deltas.py:26:36
   |
24 |     acc = {"index": 1, "type": "old"}
25 |     delta = {"index": 2, "type": "new"}
26 |     result = accumulate_delta(acc, delta)
   |                                    ^^^^^ Expected `dict[object, object]`, found `dict[str, int | str]`
27 |     assert result == {"index": 2, "type": "new"}
   |
info: Function defined here
  --> plugin/framework/streaming_deltas.py:33:5
   |
33 | def accumulate_delta(
   |     ^^^^^^^^^^^^^^^^
34 |     acc: dict[object, object], delta: dict[object, object]
   |                                --------------------------- Parameter declared here
35 | ) -> dict[object, object]:
36 |     """Merge a streaming chunk delta into an accumulated message/snapshot.
   |
info: `dict` is invariant in its first and second type parameters
info: For more information, see https://docs.astral.sh/ty/reference/typing-faq/#invariant-generics
info: rule `invalid-argument-type` is enabled by default

error[invalid-argument-type]: Argument to function `accumulate_delta` is incorrect
  --> plugin/tests/test_streaming_deltas.py:32:31
   |
30 |     acc = {"num": 10, "float": 1.5}
31 |     delta = {"num": 5, "float": 2.5}
32 |     result = accumulate_delta(acc, delta)
   |                               ^^^ Expected `dict[object, object]`, found `dict[str, int | float]`
33 |     assert result == {"num": 15, "float": 4.0}
   |
info: Function defined here
  --> plugin/framework/streaming_deltas.py:33:5
   |
33 | def accumulate_delta(
   |     ^^^^^^^^^^^^^^^^
34 |     acc: dict[object, object], delta: dict[object, object]
   |     ------------------------- Parameter declared here
35 | ) -> dict[object, object]:
36 |     """Merge a streaming chunk delta into an accumulated message/snapshot.
   |
info: `dict` is invariant in its first and second type parameters
info: For more information, see https://docs.astral.sh/ty/reference/typing-faq/#invariant-generics
info: rule `invalid-argument-type` is enabled by default

error[invalid-argument-type]: Argument to function `accumulate_delta` is incorrect
  --> plugin/tests/test_streaming_deltas.py:32:36
   |
30 |     acc = {"num": 10, "float": 1.5}
31 |     delta = {"num": 5, "float": 2.5}
32 |     result = accumulate_delta(acc, delta)
   |                                    ^^^^^ Expected `dict[object, object]`, found `dict[str, int | float]`
33 |     assert result == {"num": 15, "float": 4.0}
   |
info: Function defined here
  --> plugin/framework/streaming_deltas.py:33:5
   |
33 | def accumulate_delta(
   |     ^^^^^^^^^^^^^^^^
34 |     acc: dict[object, object], delta: dict[object, object]
   |                                --------------------------- Parameter declared here
35 | ) -> dict[object, object]:
36 |     """Merge a streaming chunk delta into an accumulated message/snapshot.
   |
info: `dict` is invariant in its first and second type parameters
info: For more information, see https://docs.astral.sh/ty/reference/typing-faq/#invariant-generics
info: rule `invalid-argument-type` is enabled by default

error[invalid-argument-type]: Argument to function `accumulate_delta` is incorrect
  --> plugin/tests/test_streaming_deltas.py:38:31
   |
36 |     acc = {"obj": {"x": "a"}}
37 |     delta = {"obj": {"y": "b", "x": "c"}}
38 |     result = accumulate_delta(acc, delta)
   |                               ^^^ Expected `dict[object, object]`, found `dict[str, dict[str, str]]`
39 |     assert result == {"obj": {"x": "ac", "y": "b"}}
   |
info: Function defined here
  --> plugin/framework/streaming_deltas.py:33:5
   |
33 | def accumulate_delta(
   |     ^^^^^^^^^^^^^^^^
34 |     acc: dict[object, object], delta: dict[object, object]
   |     ------------------------- Parameter declared here
35 | ) -> dict[object, object]:
36 |     """Merge a streaming chunk delta into an accumulated message/snapshot.
   |
info: `dict` is invariant in its first and second type parameters
info: For more information, see https://docs.astral.sh/ty/reference/typing-faq/#invariant-generics
info: rule `invalid-argument-type` is enabled by default

error[invalid-argument-type]: Argument to function `accumulate_delta` is incorrect
  --> plugin/tests/test_streaming_deltas.py:38:36
   |
36 |     acc = {"obj": {"x": "a"}}
37 |     delta = {"obj": {"y": "b", "x": "c"}}
38 |     result = accumulate_delta(acc, delta)
   |                                    ^^^^^ Expected `dict[object, object]`, found `dict[str, dict[str, str]]`
39 |     assert result == {"obj": {"x": "ac", "y": "b"}}
   |
info: Function defined here
  --> plugin/framework/streaming_deltas.py:33:5
   |
33 | def accumulate_delta(
   |     ^^^^^^^^^^^^^^^^
34 |     acc: dict[object, object], delta: dict[object, object]
   |                                --------------------------- Parameter declared here
35 | ) -> dict[object, object]:
36 |     """Merge a streaming chunk delta into an accumulated message/snapshot.
   |
info: `dict` is invariant in its first and second type parameters
info: For more information, see https://docs.astral.sh/ty/reference/typing-faq/#invariant-generics
info: rule `invalid-argument-type` is enabled by default

error[invalid-argument-type]: Argument to function `accumulate_delta` is incorrect
  --> plugin/tests/test_streaming_deltas.py:44:31
   |
42 |     acc = {"list": ["a", 1]}
43 |     delta = {"list": ["b", 2]}
44 |     result = accumulate_delta(acc, delta)
   |                               ^^^ Expected `dict[object, object]`, found `dict[str, list[str | int]]`
45 |     assert result == {"list": ["a", 1, "b", 2]}
   |
info: Function defined here
  --> plugin/framework/streaming_deltas.py:33:5
   |
33 | def accumulate_delta(
   |     ^^^^^^^^^^^^^^^^
34 |     acc: dict[object, object], delta: dict[object, object]
   |     ------------------------- Parameter declared here
35 | ) -> dict[object, object]:
36 |     """Merge a streaming chunk delta into an accumulated message/snapshot.
   |
info: `dict` is invariant in its first and second type parameters
info: For more information, see https://docs.astral.sh/ty/reference/typing-faq/#invariant-generics
info: rule `invalid-argument-type` is enabled by default

error[invalid-argument-type]: Argument to function `accumulate_delta` is incorrect
  --> plugin/tests/test_streaming_deltas.py:44:36
   |
42 |     acc = {"list": ["a", 1]}
43 |     delta = {"list": ["b", 2]}
44 |     result = accumulate_delta(acc, delta)
   |                                    ^^^^^ Expected `dict[object, object]`, found `dict[str, list[str | int]]`
45 |     assert result == {"list": ["a", 1, "b", 2]}
   |
info: Function defined here
  --> plugin/framework/streaming_deltas.py:33:5
   |
33 | def accumulate_delta(
   |     ^^^^^^^^^^^^^^^^
34 |     acc: dict[object, object], delta: dict[object, object]
   |                                --------------------------- Parameter declared here
35 | ) -> dict[object, object]:
36 |     """Merge a streaming chunk delta into an accumulated message/snapshot.
   |
info: `dict` is invariant in its first and second type parameters
info: For more information, see https://docs.astral.sh/ty/reference/typing-faq/#invariant-generics
info: rule `invalid-argument-type` is enabled by default

error[invalid-argument-type]: Argument to function `accumulate_delta` is incorrect
  --> plugin/tests/test_streaming_deltas.py:50:31
   |
48 |     acc = {"items": []}
49 |     delta = {"items": [{"index": 0, "val": "a"}]}
50 |     result = accumulate_delta(acc, delta)
   |                               ^^^ Expected `dict[object, object]`, found `dict[str, list[Unknown]]`
51 |     assert result == {"items": [{"index": 0, "val": "a"}]}
   |
info: Function defined here
  --> plugin/framework/streaming_deltas.py:33:5
   |
33 | def accumulate_delta(
   |     ^^^^^^^^^^^^^^^^
34 |     acc: dict[object, object], delta: dict[object, object]
   |     ------------------------- Parameter declared here
35 | ) -> dict[object, object]:
36 |     """Merge a streaming chunk delta into an accumulated message/snapshot.
   |
info: `dict` is invariant in its first and second type parameters
info: For more information, see https://docs.astral.sh/ty/reference/typing-faq/#invariant-generics
info: rule `invalid-argument-type` is enabled by default

error[invalid-argument-type]: Argument to function `accumulate_delta` is incorrect
  --> plugin/tests/test_streaming_deltas.py:50:36
   |
48 |     acc = {"items": []}
49 |     delta = {"items": [{"index": 0, "val": "a"}]}
50 |     result = accumulate_delta(acc, delta)
   |                                    ^^^^^ Expected `dict[object, object]`, found `dict[str, list[dict[str, int | str]]]`
51 |     assert result == {"items": [{"index": 0, "val": "a"}]}
   |
info: Function defined here
  --> plugin/framework/streaming_deltas.py:33:5
   |
33 | def accumulate_delta(
   |     ^^^^^^^^^^^^^^^^
34 |     acc: dict[object, object], delta: dict[object, object]
   |                                --------------------------- Parameter declared here
35 | ) -> dict[object, object]:
36 |     """Merge a streaming chunk delta into an accumulated message/snapshot.
   |
info: `dict` is invariant in its first and second type parameters
info: For more information, see https://docs.astral.sh/ty/reference/typing-faq/#invariant-generics
info: rule `invalid-argument-type` is enabled by default

error[invalid-argument-type]: Argument to function `accumulate_delta` is incorrect
  --> plugin/tests/test_streaming_deltas.py:54:40
   |
53 |     delta2 = {"items": [{"index": 0, "val": "b"}]}
54 |     result2 = accumulate_delta(result, delta2)
   |                                        ^^^^^^ Expected `dict[object, object]`, found `dict[str, list[dict[str, int | str]]]`
55 |     assert result2 == {"items": [{"index": 0, "val": "ab"}]}
   |
info: Function defined here
  --> plugin/framework/streaming_deltas.py:33:5
   |
33 | def accumulate_delta(
   |     ^^^^^^^^^^^^^^^^
34 |     acc: dict[object, object], delta: dict[object, object]
   |                                --------------------------- Parameter declared here
35 | ) -> dict[object, object]:
36 |     """Merge a streaming chunk delta into an accumulated message/snapshot.
   |
info: `dict` is invariant in its first and second type parameters
info: For more information, see https://docs.astral.sh/ty/reference/typing-faq/#invariant-generics
info: rule `invalid-argument-type` is enabled by default

error[invalid-argument-type]: Argument to function `accumulate_delta` is incorrect
  --> plugin/tests/test_streaming_deltas.py:58:41
   |
57 |     delta3 = {"items": [{"index": 1, "val": "c"}]}
58 |     result3 = accumulate_delta(result2, delta3)
   |                                         ^^^^^^ Expected `dict[object, object]`, found `dict[str, list[dict[str, int | str]]]`
59 |     assert result3 == {"items": [{"index": 0, "val": "ab"}, {"index": 1, "val": "c"}]}
   |
info: Function defined here
  --> plugin/framework/streaming_deltas.py:33:5
   |
33 | def accumulate_delta(
   |     ^^^^^^^^^^^^^^^^
34 |     acc: dict[object, object], delta: dict[object, object]
   |                                --------------------------- Parameter declared here
35 | ) -> dict[object, object]:
36 |     """Merge a streaming chunk delta into an accumulated message/snapshot.
   |
info: `dict` is invariant in its first and second type parameters
info: For more information, see https://docs.astral.sh/ty/reference/typing-faq/#invariant-generics
info: rule `invalid-argument-type` is enabled by default

error[invalid-argument-type]: Argument to function `accumulate_delta` is incorrect
  --> plugin/tests/test_streaming_deltas.py:66:26
   |
64 |     # Missing index
65 |     with pytest.raises(RuntimeError):
66 |         accumulate_delta(acc, {"items": [{"val": "b"}]})
   |                          ^^^ Expected `dict[object, object]`, found `dict[str, list[dict[str, int | str]]]`
67 |
68 |     # Bad index type
   |
info: Function defined here
  --> plugin/framework/streaming_deltas.py:33:5
   |
33 | def accumulate_delta(
   |     ^^^^^^^^^^^^^^^^
34 |     acc: dict[object, object], delta: dict[object, object]
   |     ------------------------- Parameter declared here
35 | ) -> dict[object, object]:
36 |     """Merge a streaming chunk delta into an accumulated message/snapshot.
   |
info: `dict` is invariant in its first and second type parameters
info: For more information, see https://docs.astral.sh/ty/reference/typing-faq/#invariant-generics
info: rule `invalid-argument-type` is enabled by default

error[invalid-argument-type]: Argument to function `accumulate_delta` is incorrect
  --> plugin/tests/test_streaming_deltas.py:70:26
   |
68 |     # Bad index type
69 |     with pytest.raises(TypeError):
70 |         accumulate_delta(acc, {"items": [{"index": "0", "val": "b"}]})
   |                          ^^^ Expected `dict[object, object]`, found `dict[str, list[dict[str, int | str]]]`
71 |
72 |     # Non-dict delta entry
   |
info: Function defined here
  --> plugin/framework/streaming_deltas.py:33:5
   |
33 | def accumulate_delta(
   |     ^^^^^^^^^^^^^^^^
34 |     acc: dict[object, object], delta: dict[object, object]
   |     ------------------------- Parameter declared here
35 | ) -> dict[object, object]:
36 |     """Merge a streaming chunk delta into an accumulated message/snapshot.
   |
info: `dict` is invariant in its first and second type parameters
info: For more information, see https://docs.astral.sh/ty/reference/typing-faq/#invariant-generics
info: rule `invalid-argument-type` is enabled by default

error[invalid-argument-type]: Argument to function `accumulate_delta` is incorrect
  --> plugin/tests/test_streaming_deltas.py:74:26
   |
72 |     # Non-dict delta entry
73 |     with pytest.raises(TypeError):
74 |         accumulate_delta(acc, {"items": ["bad"]})
   |                          ^^^ Expected `dict[object, object]`, found `dict[str, list[dict[str, int | str]]]`
   |
info: Function defined here
  --> plugin/framework/streaming_deltas.py:33:5
   |
33 | def accumulate_delta(
   |     ^^^^^^^^^^^^^^^^
34 |     acc: dict[object, object], delta: dict[object, object]
   |     ------------------------- Parameter declared here
35 | ) -> dict[object, object]:
36 |     """Merge a streaming chunk delta into an accumulated message/snapshot.
   |
info: `dict` is invariant in its first and second type parameters
info: For more information, see https://docs.astral.sh/ty/reference/typing-faq/#invariant-generics
info: rule `invalid-argument-type` is enabled by default

error[invalid-assignment]: Object of type `() -> Unknown` is not assignable to attribute `_get_connection` of type `def _get_connection(self) -> Unknown`
  --> plugin/tests/test_streaming_fuzz.py:51:9
   |
50 |         client = LlmClient(self.config, self.ctx)
51 |         client._get_connection = lambda: _mock_connection_with_sse_lines(lines)
   |         ^^^^^^^^^^^^^^^^^^^^^^
52 |
53 |         content_parts = []
   |
info: Implicit shadowing of function `_get_connection`, add an annotation to make it explicit if this is intentional
info: rule `invalid-assignment` is enabled by default

error[invalid-assignment]: Object of type `() -> Unknown` is not assignable to attribute `_get_connection` of type `def _get_connection(self) -> Unknown`
  --> plugin/tests/test_streaming_fuzz.py:96:9
   |
95 |         client = LlmClient(self.config, self.ctx)
96 |         client._get_connection = lambda: _mock_connection_with_sse_lines(lines)
   |         ^^^^^^^^^^^^^^^^^^^^^^
97 |
98 |         result = client.stream_request_with_tools(
   |
info: Implicit shadowing of function `_get_connection`, add an annotation to make it explicit if this is intentional
info: rule `invalid-assignment` is enabled by default

error[invalid-assignment]: Object of type `() -> Unknown` is not assignable to attribute `_get_connection` of type `def _get_connection(self) -> Unknown`
   --> plugin/tests/test_streaming_fuzz.py:151:9
    |
150 |         client = LlmClient(self.config, self.ctx)
151 |         client._get_connection = lambda: _mock_connection_with_sse_lines(lines)
    |         ^^^^^^^^^^^^^^^^^^^^^^
152 |
153 |         with self.assertRaises(Exception) as ctx:
    |
info: Implicit shadowing of function `_get_connection`, add an annotation to make it explicit if this is intentional
info: rule `invalid-assignment` is enabled by default

error[invalid-assignment]: Invalid subscript assignment with key of type `Literal["com.sun.star.awt"]` and value of type `AwtMock` on object of type `dict[str, ModuleType]`
  --> plugin/tests/test_tool_loop.py:40:1
   |
38 |         pass
39 |
40 | sys.modules['com.sun.star.awt'] = AwtMock()
   | ^^^^^^^^^^^^^^^^^^^^^^^^^^^^^^^^^^---------
   |                                   |
   |                                   Expected value of type `ModuleType`, got `AwtMock`
41 | sys.modules['com.sun.star.beans'] = com_mock
42 | sys.modules['com.sun.star.lang'] = com_mock
   |
info: rule `invalid-assignment` is enabled by default

error[invalid-assignment]: Object of type `Mock` is not assignable to attribute `_spawn_llm_worker` of type `def _spawn_llm_worker(self, q, client, max_tokens, tools, round_num, query_text=None) -> Unknown`
  --> plugin/tests/test_tool_loop.py:91:9
   |
89 |         self._append_response = Mock()
90 |         self._set_status = Mock()
91 |         self._spawn_llm_worker = Mock()
   |         ^^^^^^^^^^^^^^^^^^^^^^
92 |         self._spawn_final_stream = Mock()
93 |         self._terminal_status = "Ready"
   |
info: Implicit shadowing of function `_spawn_llm_worker`, add an annotation to make it explicit if this is intentional
info: rule `invalid-assignment` is enabled by default

error[invalid-assignment]: Object of type `Mock` is not assignable to attribute `_spawn_final_stream` of type `def _spawn_final_stream(self, q, client, max_tokens) -> Unknown`
  --> plugin/tests/test_tool_loop.py:92:9
   |
90 |         self._set_status = Mock()
91 |         self._spawn_llm_worker = Mock()
92 |         self._spawn_final_stream = Mock()
   |         ^^^^^^^^^^^^^^^^^^^^^^^^
93 |         self._terminal_status = "Ready"
   |
info: Implicit shadowing of function `_spawn_final_stream`, add an annotation to make it explicit if this is intentional
info: rule `invalid-assignment` is enabled by default

error[call-non-callable]: Object of type `None` is not callable
   --> plugin/tests/test_tool_loop.py:114:15
    |
112 |     results = []
113 |     def mock_drain_impl(q, toolkit, thinking_open, append_fn, on_stream_done=None, **kwargs):
114 |         res = on_stream_done(('stream_done', {"content": "Hello World", "tool_calls": []}))
    |               ^^^^^^^^^^^^^^^^^^^^^^^^^^^^^^^^^^^^^^^^^^^^^^^^^^^^^^^^^^^^^^^^^^^^^^^^^^^^^
115 |         results.append(res)
    |
info: Union variant `None` is incompatible with this call site
info: Attempted to call union type `Unknown | None`
info: rule `call-non-callable` is enabled by default

error[call-non-callable]: Object of type `None` is not callable
   --> plugin/tests/test_tool_loop.py:146:15
    |
144 |         nonlocal captured_q
145 |         captured_q = q
146 |         res = on_stream_done(('stream_done', {"content": "Let me check.", "tool_calls": tool_calls}))
    |               ^^^^^^^^^^^^^^^^^^^^^^^^^^^^^^^^^^^^^^^^^^^^^^^^^^^^^^^^^^^^^^^^^^^^^^^^^^^^^^^^^^^^^^^
147 |         results.append(res)
    |
info: Union variant `None` is incompatible with this call site
info: Attempted to call union type `Unknown | None`
info: rule `call-non-callable` is enabled by default

error[unresolved-attribute]: Object of type `None` has no attribute `empty`
   --> plugin/tests/test_tool_loop.py:164:16
    |
163 |     # It should have enqueued the ('next_tool',) command to dispatch the first tool
164 |     assert not captured_q.empty()
    |                ^^^^^^^^^^^^^^^^
165 |     queued_item = captured_q.get()
166 |     assert queued_item == ("next_tool",)
    |
info: rule `unresolved-attribute` is enabled by default

error[unresolved-attribute]: Object of type `None` has no attribute `get`
   --> plugin/tests/test_tool_loop.py:165:19
    |
163 |     # It should have enqueued the ('next_tool',) command to dispatch the first tool
164 |     assert not captured_q.empty()
165 |     queued_item = captured_q.get()
    |                   ^^^^^^^^^^^^^^
166 |     assert queued_item == ("next_tool",)
    |
info: rule `unresolved-attribute` is enabled by default

error[call-non-callable]: Object of type `None` is not callable
   --> plugin/tests/test_tool_loop.py:176:15
    |
174 |     results = []
175 |     def mock_drain_impl(q, toolkit, thinking_open, append_fn, on_stream_done=None, **kwargs):
176 |         res = on_stream_done(('next_tool',))
    |               ^^^^^^^^^^^^^^^^^^^^^^^^^^^^^^
177 |         results.append(res)
    |
info: Union variant `None` is incompatible with this call site
info: Attempted to call union type `Unknown | None`
info: rule `call-non-callable` is enabled by default

error[call-non-callable]: Object of type `None` is not callable
   --> plugin/tests/test_tool_loop.py:204:9
    |
202 |         nonlocal captured_q
203 |         captured_q = q
204 |         on_stream_done(('stream_done', {"content": None, "tool_calls": tool_calls}))
    |         ^^^^^^^^^^^^^^^^^^^^^^^^^^^^^^^^^^^^^^^^^^^^^^^^^^^^^^^^^^^^^^^^^^^^^^^^^^^^
205 |         
206 |         item = q.get()
    |
info: Union variant `None` is incompatible with this call site
info: Attempted to call union type `Unknown | None`
info: rule `call-non-callable` is enabled by default

error[call-non-callable]: Object of type `None` is not callable
   --> plugin/tests/test_tool_loop.py:209:15
    |
207 |         assert item == ("next_tool",)
208 |         
209 |         res = on_stream_done(('next_tool',))
    |               ^^^^^^^^^^^^^^^^^^^^^^^^^^^^^^
210 |         results.append(res)
    |
info: Union variant `None` is incompatible with this call site
info: Attempted to call union type `Unknown | None`
info: rule `call-non-callable` is enabled by default

error[unresolved-attribute]: Object of type `None` has no attribute `empty`
   --> plugin/tests/test_tool_loop.py:229:16
    |
228 |     # The synchronous tool execution pushes 'tool_done' to the queue
229 |     assert not captured_q.empty()
    |                ^^^^^^^^^^^^^^^^
230 |     queued_item = captured_q.get()
    |
info: rule `unresolved-attribute` is enabled by default

error[unresolved-attribute]: Object of type `None` has no attribute `get`
   --> plugin/tests/test_tool_loop.py:230:19
    |
228 |     # The synchronous tool execution pushes 'tool_done' to the queue
229 |     assert not captured_q.empty()
230 |     queued_item = captured_q.get()
    |                   ^^^^^^^^^^^^^^
231 |
232 |     assert queued_item[0] == "tool_done"
    |
info: rule `unresolved-attribute` is enabled by default

error[call-non-callable]: Object of type `None` is not callable
   --> plugin/tests/test_tool_loop.py:255:9
    |
253 |         captured_q = q
254 |         
255 |         on_stream_done(('stream_done', {"content": "Calling tools", "tool_calls": tool_calls}))
    |         ^^^^^^^^^^^^^^^^^^^^^^^^^^^^^^^^^^^^^^^^^^^^^^^^^^^^^^^^^^^^^^^^^^^^^^^^^^^^^^^^^^^^^^^
256 |         assert len(session.messages) == 1
    |
info: Union variant `None` is incompatible with this call site
info: Attempted to call union type `Unknown | None`
info: rule `call-non-callable` is enabled by default

error[call-non-callable]: Object of type `None` is not callable
   --> plugin/tests/test_tool_loop.py:261:16
    |
259 |         assert item == ("next_tool",)
260 |         
261 |         res1 = on_stream_done(('next_tool',))
    |                ^^^^^^^^^^^^^^^^^^^^^^^^^^^^^^
262 |         results.append(res1)
    |
info: Union variant `None` is incompatible with this call site
info: Attempted to call union type `Unknown | None`
info: rule `call-non-callable` is enabled by default

error[call-non-callable]: Object of type `None` is not callable
   --> plugin/tests/test_tool_loop.py:265:16
    |
264 |         tool_done_item1 = q.get()
265 |         res2 = on_stream_done(tool_done_item1)
    |                ^^^^^^^^^^^^^^^^^^^^^^^^^^^^^^^
266 |         results.append(res2)
    |
info: Union variant `None` is incompatible with this call site
info: Attempted to call union type `Unknown | None`
info: rule `call-non-callable` is enabled by default

error[call-non-callable]: Object of type `None` is not callable
   --> plugin/tests/test_tool_loop.py:269:16
    |
268 |         item = q.get()
269 |         res3 = on_stream_done(('next_tool',))
    |                ^^^^^^^^^^^^^^^^^^^^^^^^^^^^^^
270 |         results.append(res3)
    |
info: Union variant `None` is incompatible with this call site
info: Attempted to call union type `Unknown | None`
info: rule `call-non-callable` is enabled by default

error[call-non-callable]: Object of type `None` is not callable
   --> plugin/tests/test_tool_loop.py:273:16
    |
272 |         tool_done_item2 = q.get()
273 |         res4 = on_stream_done(tool_done_item2)
    |                ^^^^^^^^^^^^^^^^^^^^^^^^^^^^^^^
274 |         results.append(res4)
    |
info: Union variant `None` is incompatible with this call site
info: Attempted to call union type `Unknown | None`
info: rule `call-non-callable` is enabled by default

error[call-non-callable]: Object of type `None` is not callable
   --> plugin/tests/test_tool_loop.py:307:9
    |
306 |     def mock_drain_impl(q, toolkit, thinking_open, append_fn, on_stream_done=None, **kwargs):
307 |         on_stream_done(('stream_done', {"content": None, "tool_calls": tool_calls}))
    |         ^^^^^^^^^^^^^^^^^^^^^^^^^^^^^^^^^^^^^^^^^^^^^^^^^^^^^^^^^^^^^^^^^^^^^^^^^^^^
308 |         item = q.get()
309 |         assert item == ("next_tool",)
    |
info: Union variant `None` is incompatible with this call site
info: Attempted to call union type `Unknown | None`
info: rule `call-non-callable` is enabled by default

error[call-non-callable]: Object of type `None` is not callable
   --> plugin/tests/test_tool_loop.py:312:15
    |
311 |         panel.stop_requested = True
312 |         res = on_stream_done(('next_tool',))
    |               ^^^^^^^^^^^^^^^^^^^^^^^^^^^^^^
313 |         results.append(res)
    |
info: Union variant `None` is incompatible with this call site
info: Attempted to call union type `Unknown | None`
info: rule `call-non-callable` is enabled by default

error[call-non-callable]: Object of type `None` is not callable
   --> plugin/tests/test_tool_loop.py:347:9
    |
345 |         nonlocal captured_q
346 |         captured_q = q
347 |         on_stream_done(('stream_done', {"content": None, "tool_calls": tool_calls}))
    |         ^^^^^^^^^^^^^^^^^^^^^^^^^^^^^^^^^^^^^^^^^^^^^^^^^^^^^^^^^^^^^^^^^^^^^^^^^^^^
348 |         item = q.get()
349 |         res = on_stream_done(('next_tool',))
    |
info: Union variant `None` is incompatible with this call site
info: Attempted to call union type `Unknown | None`
info: rule `call-non-callable` is enabled by default

error[call-non-callable]: Object of type `None` is not callable
   --> plugin/tests/test_tool_loop.py:349:15
    |
347 |         on_stream_done(('stream_done', {"content": None, "tool_calls": tool_calls}))
348 |         item = q.get()
349 |         res = on_stream_done(('next_tool',))
    |               ^^^^^^^^^^^^^^^^^^^^^^^^^^^^^^
350 |         results.append(res)
    |
info: Union variant `None` is incompatible with this call site
info: Attempted to call union type `Unknown | None`
info: rule `call-non-callable` is enabled by default

error[unresolved-attribute]: Object of type `None` has no attribute `get`
   --> plugin/tests/test_tool_loop.py:372:22
    |
371 |     # Check the queue for tool_done and verify fallback values
372 |     tool_done_item = captured_q.get()
    |                      ^^^^^^^^^^^^^^
373 |     assert tool_done_item[0] == "tool_done"
374 |     assert tool_done_item[1] == ""  # Missing ID fallback
    |
info: rule `unresolved-attribute` is enabled by default

error[call-non-callable]: Object of type `None` is not callable
   --> plugin/tests/test_tool_loop.py:388:9
    |
386 |     def mock_drain_impl(q, toolkit, thinking_open, append_fn, on_stream_done=None, **kwargs):
387 |         tool_calls_1 = [{"id": "call_1", "type": "function", "function": {"name": "dummy", "arguments": "{}"}}]
388 |         on_stream_done(('stream_done', {"content": "step 1", "tool_calls": tool_calls_1}))
    |         ^^^^^^^^^^^^^^^^^^^^^^^^^^^^^^^^^^^^^^^^^^^^^^^^^^^^^^^^^^^^^^^^^^^^^^^^^^^^^^^^^^
389 |         q.get()  # next_tool
390 |         on_stream_done(('next_tool',))
    |
info: Union variant `None` is incompatible with this call site
info: Attempted to call union type `Unknown | None`
info: rule `call-non-callable` is enabled by default

error[call-non-callable]: Object of type `None` is not callable
   --> plugin/tests/test_tool_loop.py:390:9
    |
388 |         on_stream_done(('stream_done', {"content": "step 1", "tool_calls": tool_calls_1}))
389 |         q.get()  # next_tool
390 |         on_stream_done(('next_tool',))
    |         ^^^^^^^^^^^^^^^^^^^^^^^^^^^^^^
391 |         
392 |         # Simulate tool execution result
    |
info: Union variant `None` is incompatible with this call site
info: Attempted to call union type `Unknown | None`
info: rule `call-non-callable` is enabled by default

error[call-non-callable]: Object of type `None` is not callable
   --> plugin/tests/test_tool_loop.py:393:9
    |
392 |         # Simulate tool execution result
393 |         on_stream_done(('tool_done', "call_1", "dummy", "{}", '{"ok": true}', False))
    |         ^^^^^^^^^^^^^^^^^^^^^^^^^^^^^^^^^^^^^^^^^^^^^^^^^^^^^^^^^^^^^^^^^^^^^^^^^^^^^
394 |         q.get()  # next_tool
395 |         on_stream_done(('next_tool',))
    |
info: Union variant `None` is incompatible with this call site
info: Attempted to call union type `Unknown | None`
info: rule `call-non-callable` is enabled by default

error[call-non-callable]: Object of type `None` is not callable
   --> plugin/tests/test_tool_loop.py:395:9
    |
393 |         on_stream_done(('tool_done', "call_1", "dummy", "{}", '{"ok": true}', False))
394 |         q.get()  # next_tool
395 |         on_stream_done(('next_tool',))
    |         ^^^^^^^^^^^^^^^^^^^^^^^^^^^^^^
396 |         
397 |         # Round 1
    |
info: Union variant `None` is incompatible with this call site
info: Attempted to call union type `Unknown | None`
info: rule `call-non-callable` is enabled by default

error[call-non-callable]: Object of type `None` is not callable
   --> plugin/tests/test_tool_loop.py:399:9
    |
397 |         # Round 1
398 |         tool_calls_2 = [{"id": "call_2", "type": "function", "function": {"name": "dummy", "arguments": "{}"}}]
399 |         on_stream_done(('stream_done', {"content": "step 2", "tool_calls": tool_calls_2}))
    |         ^^^^^^^^^^^^^^^^^^^^^^^^^^^^^^^^^^^^^^^^^^^^^^^^^^^^^^^^^^^^^^^^^^^^^^^^^^^^^^^^^^
400 |         q.get()  # next_tool
401 |         on_stream_done(('next_tool',))
    |
info: Union variant `None` is incompatible with this call site
info: Attempted to call union type `Unknown | None`
info: rule `call-non-callable` is enabled by default

error[call-non-callable]: Object of type `None` is not callable
   --> plugin/tests/test_tool_loop.py:401:9
    |
399 |         on_stream_done(('stream_done', {"content": "step 2", "tool_calls": tool_calls_2}))
400 |         q.get()  # next_tool
401 |         on_stream_done(('next_tool',))
    |         ^^^^^^^^^^^^^^^^^^^^^^^^^^^^^^
402 |         
403 |         on_stream_done(('tool_done', "call_2", "dummy", "{}", '{"ok": true}', False))
    |
info: Union variant `None` is incompatible with this call site
info: Attempted to call union type `Unknown | None`
info: rule `call-non-callable` is enabled by default

error[call-non-callable]: Object of type `None` is not callable
   --> plugin/tests/test_tool_loop.py:403:9
    |
401 |         on_stream_done(('next_tool',))
402 |         
403 |         on_stream_done(('tool_done', "call_2", "dummy", "{}", '{"ok": true}', False))
    |         ^^^^^^^^^^^^^^^^^^^^^^^^^^^^^^^^^^^^^^^^^^^^^^^^^^^^^^^^^^^^^^^^^^^^^^^^^^^^^
404 |         q.get()  # next_tool
405 |         on_stream_done(('next_tool',))
    |
info: Union variant `None` is incompatible with this call site
info: Attempted to call union type `Unknown | None`
info: rule `call-non-callable` is enabled by default

error[call-non-callable]: Object of type `None` is not callable
   --> plugin/tests/test_tool_loop.py:405:9
    |
403 |         on_stream_done(('tool_done', "call_2", "dummy", "{}", '{"ok": true}', False))
404 |         q.get()  # next_tool
405 |         on_stream_done(('next_tool',))
    |         ^^^^^^^^^^^^^^^^^^^^^^^^^^^^^^
406 |
407 |     mock_drain_loop.side_effect = mock_drain_impl
    |
info: Union variant `None` is incompatible with this call site
info: Attempted to call union type `Unknown | None`
info: rule `call-non-callable` is enabled by default

error[call-non-callable]: Object of type `None` is not callable
   --> plugin/tests/test_tool_loop.py:423:15
    |
421 |     results = []
422 |     def mock_drain_impl(q, toolkit, thinking_open, append_fn, on_stream_done=None, **kwargs):
423 |         res = on_stream_done(('final_done', 'This is the final word.'))
    |               ^^^^^^^^^^^^^^^^^^^^^^^^^^^^^^^^^^^^^^^^^^^^^^^^^^^^^^^^^
424 |         results.append(res)
    |
info: Union variant `None` is incompatible with this call site
info: Attempted to call union type `Unknown | None`
info: rule `call-non-callable` is enabled by default

error[call-non-callable]: Object of type `None` is not callable
   --> plugin/tests/test_tool_loop.py:445:15
    |
444 |     def mock_drain_impl(q, toolkit, thinking_open, append_fn, on_stream_done=None, **kwargs):
445 |         res = on_stream_done(('error', exc))
    |               ^^^^^^^^^^^^^^^^^^^^^^^^^^^^^^
446 |         results.append(res)
    |
info: Union variant `None` is incompatible with this call site
info: Attempted to call union type `Unknown | None`
info: rule `call-non-callable` is enabled by default

error[invalid-assignment]: Invalid subscript assignment with key of type `Literal["uno"]` and value of type `MockUno` on object of type `dict[str, ModuleType]`
  --> plugin/tests/test_tool_loop_errors.py:10:1
   |
 8 | class MockUno:
 9 |     pass
10 | sys.modules['uno'] = MockUno()
   | ^^^^^^^^^^^^^^^^^^^^^---------
   |                      |
   |                      Expected value of type `ModuleType`, got `MockUno`
11 | sys.modules['unohelper'] = MockUno()
   |
info: rule `invalid-assignment` is enabled by default

error[invalid-assignment]: Invalid subscript assignment with key of type `Literal["unohelper"]` and value of type `MockUno` on object of type `dict[str, ModuleType]`
  --> plugin/tests/test_tool_loop_errors.py:11:1
   |
 9 |     pass
10 | sys.modules['uno'] = MockUno()
11 | sys.modules['unohelper'] = MockUno()
   | ^^^^^^^^^^^^^^^^^^^^^^^^^^^---------
   |                            |
   |                            Expected value of type `ModuleType`, got `MockUno`
12 |
13 | from plugin.framework.errors import (
   |
info: rule `invalid-assignment` is enabled by default

error[invalid-assignment]: Invalid subscript assignment with key of type `Literal["plugin.main"]` and value of type `MockMain` on object of type `dict[str, ModuleType]`
  --> plugin/tests/test_tool_loop_errors.py:67:5
   |
65 |     class MockMain:
66 |         pass
67 |     sys.modules['plugin.main'] = MockMain()
   |     ^^^^^^^^^^^^^^^^^^^^^^^^^^^^^----------
   |                                  |
   |                                  Expected value of type `ModuleType`, got `MockMain`
68 |
69 |     with patch("plugin.main.get_tools", create=True) as mock_gt:
   |
info: rule `invalid-assignment` is enabled by default

error[unresolved-attribute]: Attribute `content` is not defined on `None` in union `(Any & AddMessageEffect) | None`
   --> plugin/tests/test_tool_loop_state.py:106:12
    |
104 |     assert "trigger_next_tool" in effects
105 |     msg_eff = next((e for e in effects if isinstance(e, AddMessageEffect)), None)
106 |     assert msg_eff.content == "Let me test."
    |            ^^^^^^^^^^^^^^^
107 |     assert msg_eff.tool_calls == tool_calls
    |
info: rule `unresolved-attribute` is enabled by default

error[unresolved-attribute]: Attribute `tool_calls` is not defined on `None` in union `(Any & AddMessageEffect) | None`
   --> plugin/tests/test_tool_loop_state.py:107:12
    |
105 |     msg_eff = next((e for e in effects if isinstance(e, AddMessageEffect)), None)
106 |     assert msg_eff.content == "Let me test."
107 |     assert msg_eff.tool_calls == tool_calls
    |            ^^^^^^^^^^^^^^^^^^
108 |
109 | def test_next_tool_advances_round_and_handles_max_rounds():
    |
info: rule `unresolved-attribute` is enabled by default

error[unresolved-attribute]: Unresolved attribute `GoodTool` on type `ModuleType`
   --> plugin/tests/test_tool_registry.py:104:9
    |
103 |         # Add classes to module
104 |         mock_module.GoodTool = GoodTool
    |         ^^^^^^^^^^^^^^^^^^^^
105 |         mock_module.AnotherTool = AnotherTool
106 |         mock_module.AbstractTool = AbstractTool
    |
info: rule `unresolved-attribute` is enabled by default

error[unresolved-attribute]: Unresolved attribute `AnotherTool` on type `ModuleType`
   --> plugin/tests/test_tool_registry.py:105:9
    |
103 |         # Add classes to module
104 |         mock_module.GoodTool = GoodTool
105 |         mock_module.AnotherTool = AnotherTool
    |         ^^^^^^^^^^^^^^^^^^^^^^^
106 |         mock_module.AbstractTool = AbstractTool
107 |         mock_module.DummyTool = DummyTool
    |
info: rule `unresolved-attribute` is enabled by default

error[unresolved-attribute]: Unresolved attribute `AbstractTool` on type `ModuleType`
   --> plugin/tests/test_tool_registry.py:106:9
    |
104 |         mock_module.GoodTool = GoodTool
105 |         mock_module.AnotherTool = AnotherTool
106 |         mock_module.AbstractTool = AbstractTool
    |         ^^^^^^^^^^^^^^^^^^^^^^^^
107 |         mock_module.DummyTool = DummyTool
108 |         mock_module.ImportedTool = ImportedTool
    |
info: rule `unresolved-attribute` is enabled by default

error[unresolved-attribute]: Unresolved attribute `DummyTool` on type `ModuleType`
   --> plugin/tests/test_tool_registry.py:107:9
    |
105 |         mock_module.AnotherTool = AnotherTool
106 |         mock_module.AbstractTool = AbstractTool
107 |         mock_module.DummyTool = DummyTool
    |         ^^^^^^^^^^^^^^^^^^^^^
108 |         mock_module.ImportedTool = ImportedTool
109 |         mock_module.NotATool = object()
    |
info: rule `unresolved-attribute` is enabled by default

error[unresolved-attribute]: Unresolved attribute `ImportedTool` on type `ModuleType`
   --> plugin/tests/test_tool_registry.py:108:9
    |
106 |         mock_module.AbstractTool = AbstractTool
107 |         mock_module.DummyTool = DummyTool
108 |         mock_module.ImportedTool = ImportedTool
    |         ^^^^^^^^^^^^^^^^^^^^^^^^
109 |         mock_module.NotATool = object()
    |
info: rule `unresolved-attribute` is enabled by default

error[unresolved-attribute]: Unresolved attribute `NotATool` on type `ModuleType`
   --> plugin/tests/test_tool_registry.py:109:9
    |
107 |         mock_module.DummyTool = DummyTool
108 |         mock_module.ImportedTool = ImportedTool
109 |         mock_module.NotATool = object()
    |         ^^^^^^^^^^^^^^^^^^^^
110 |
111 |         reg = _make_registry()
    |
info: rule `unresolved-attribute` is enabled by default

error[unresolved-attribute]: Attribute `join` is not defined on `None` in union `Unknown | None`
  --> plugin/tests/test_worker_pool.py:84:5
   |
82 |     assert ap.is_running is True
83 |
84 |     ap._wait_thread.join(timeout=2)
   |     ^^^^^^^^^^^^^^^^^^^^
85 |     assert ap.is_running is False
   |
info: rule `unresolved-attribute` is enabled by default

error[unresolved-attribute]: Attribute `join` is not defined on `None` in union `Unknown | None`
   --> plugin/tests/test_worker_pool.py:100:5
    |
 98 |     ap = AsyncProcess([sys.executable, "-c", "print('hello')"])
 99 |     ap.start()
100 |     ap._wait_thread.join(timeout=2)
    |     ^^^^^^^^^^^^^^^^^^^^
101 |     assert ap.is_running is False
    |
info: rule `unresolved-attribute` is enabled by default

error[unresolved-attribute]: Attribute `join` is not defined on `None` in union `Unknown | None`
   --> plugin/tests/test_worker_pool.py:115:5
    |
113 |     ap = AsyncProcess([sys.executable, "-c", "pass"], on_exit_cb=on_exit_error)
114 |     ap.start()
115 |     ap._wait_thread.join(timeout=2)
    |     ^^^^^^^^^^^^^^^^^^^^
116 |     # The error should be caught and logged, not crash
117 |     assert ap.is_running is False
    |
info: rule `unresolved-attribute` is enabled by default

error[unresolved-attribute]: Attribute `join` is not defined on `None` in union `Unknown | None`
   --> plugin/tests/test_worker_pool.py:125:5
    |
124 |     ap.terminate()
125 |     ap._wait_thread.join(timeout=2)
    |     ^^^^^^^^^^^^^^^^^^^^
126 |     assert ap.is_running is False
    |
info: rule `unresolved-attribute` is enabled by default

error[unresolved-attribute]: Attribute `wait` is not defined on `None` in union `Popen[Unknown] | None`
   --> plugin/tests/test_worker_pool.py:133:21
    |
132 |     # Force a TimeoutExpired to hit the .kill() branch
133 |     original_wait = ap.process.wait
    |                     ^^^^^^^^^^^^^^^
134 |     def mocked_wait(*args, **kwargs):
135 |         if "timeout" in kwargs:
    |
info: rule `unresolved-attribute` is enabled by default

error[invalid-assignment]: Object of type `def mocked_wait(...) -> Unknown` is not assignable to attribute `wait` on type `Popen[Unknown] | None`
   --> plugin/tests/test_worker_pool.py:139:5
    |
137 |         return original_wait(*args, **kwargs)
138 |
139 |     ap.process.wait = mocked_wait
    |     ^^^^^^^^^^^^^^^
140 |
141 |     ap.terminate(timeout=0.1)
    |
info: rule `invalid-assignment` is enabled by default

error[unresolved-attribute]: Attribute `join` is not defined on `None` in union `Unknown | None`
   --> plugin/tests/test_worker_pool.py:142:5
    |
141 |     ap.terminate(timeout=0.1)
142 |     ap._wait_thread.join(timeout=2)
    |     ^^^^^^^^^^^^^^^^^^^^
143 |     assert ap.is_running is False
    |
info: rule `unresolved-attribute` is enabled by default

error[unresolved-attribute]: Attribute `join` is not defined on `None` in union `Unknown | None`
   --> plugin/tests/test_worker_pool.py:195:5
    |
193 |     # Started but already exited
194 |     ap.start()
195 |     ap._wait_thread.join(timeout=2)
    |     ^^^^^^^^^^^^^^^^^^^^
196 |     ap.terminate()
    |
info: rule `unresolved-attribute` is enabled by default

error[invalid-assignment]: Invalid subscript assignment with key of type `Literal["unohelper.Base"]` and value of type `<class 'MockBase'>` on object of type `dict[str, ModuleType]`
 --> plugin/tests/test_writer_indexes.py:7:1
  |
5 | sys.modules['uno'] = MagicMock()
6 | sys.modules['unohelper'] = MagicMock()
7 | sys.modules['unohelper.Base'] = MockBase
  | ^^^^^^^^^^^^^^^^^^^^^^^^^^^^^^^^--------
  |                                 |
  |                                 Expected value of type `ModuleType`, got `<class 'MockBase'>`
8 | sys.modules['com.sun.star.text'] = MagicMock()
  |
info: rule `invalid-assignment` is enabled by default

error[unresolved-attribute]: Object of type `None` has no attribute `getText`
   --> plugin/tests/uno/format_tests.py:197:12
    |
195 | def test_search_and_replace():
196 |     marker = "REPLACE_ME_MARKER"
197 |     text = _test_doc.getText()
    |            ^^^^^^^^^^^^^^^^^
198 |     cursor = text.createTextCursor()
199 |     cursor.gotoEnd(False)
    |
info: rule `unresolved-attribute` is enabled by default

error[unresolved-attribute]: Object of type `None` has no attribute `getText`
   --> plugin/tests/uno/format_tests.py:260:12
    |
258 | def test_find_text():
259 |     marker_find = "FIND_ME_UNIQUE_xyz"
260 |     text = _test_doc.getText()
    |            ^^^^^^^^^^^^^^^^^
261 |     cursor = text.createTextCursor()
262 |     cursor.gotoEnd(False)
    |
info: rule `unresolved-attribute` is enabled by default

error[unresolved-attribute]: Object of type `None` has no attribute `getText`
   --> plugin/tests/uno/format_tests.py:333:12
    |
331 | def _create_colored_text(chars):
332 |     """Insert chars at end of doc, color each char, return an XTextCursor spanning them."""
333 |     text = _test_doc.getText()
    |            ^^^^^^^^^^^^^^^^^
334 |     sep_cursor = text.createTextCursor()
335 |     sep_cursor.gotoEnd(False)
    |
info: rule `unresolved-attribute` is enabled by default

error[unresolved-attribute]: Object of type `None` has no attribute `getText`
   --> plugin/tests/uno/format_tests.py:364:12
    |
362 | def _get_char_colors(range_cursor):
363 |     """Read CharBackColor for each character in the range. Returns list of ints."""
364 |     text = _test_doc.getText()
    |            ^^^^^^^^^^^^^^^^^
365 |     colors = []
366 |     pos = text.createTextCursorByRange(range_cursor.getStart())
    |
info: rule `unresolved-attribute` is enabled by default

error[unresolved-attribute]: Object of type `None` has no attribute `createSearchDescriptor`
   --> plugin/tests/uno/format_tests.py:389:10
    |
388 |     _replace_text_preserving_format(_test_doc, rng, "PQRST", _test_ctx)
389 |     sd = _test_doc.createSearchDescriptor()
    |          ^^^^^^^^^^^^^^^^^^^^^^^^^^^^^^^^
390 |     sd.SearchString = "PQRST"
391 |     found = _test_doc.findFirst(sd)
    |
info: rule `unresolved-attribute` is enabled by default

error[unresolved-attribute]: Object of type `None` has no attribute `findFirst`
   --> plugin/tests/uno/format_tests.py:391:13
    |
389 |     sd = _test_doc.createSearchDescriptor()
390 |     sd.SearchString = "PQRST"
391 |     found = _test_doc.findFirst(sd)
    |             ^^^^^^^^^^^^^^^^^^^
392 |     assert found, "'PQRST' not found after replace"
393 |     actual_colors = _get_char_colors(found)
    |
info: rule `unresolved-attribute` is enabled by default

error[unresolved-attribute]: Object of type `None` has no attribute `createSearchDescriptor`
   --> plugin/tests/uno/format_tests.py:410:10
    |
408 |     ]
409 |     _replace_text_preserving_format(_test_doc, rng, "MNOPQ", _test_ctx)
410 |     sd = _test_doc.createSearchDescriptor()
    |          ^^^^^^^^^^^^^^^^^^^^^^^^^^^^^^^^
411 |     sd.SearchString = "MNOPQ"
412 |     found = _test_doc.findFirst(sd)
    |
info: rule `unresolved-attribute` is enabled by default

error[unresolved-attribute]: Object of type `None` has no attribute `findFirst`
   --> plugin/tests/uno/format_tests.py:412:13
    |
410 |     sd = _test_doc.createSearchDescriptor()
411 |     sd.SearchString = "MNOPQ"
412 |     found = _test_doc.findFirst(sd)
    |             ^^^^^^^^^^^^^^^^^^^
413 |     assert found, "'MNOPQ' not found after replace"
414 |     actual_colors = _get_char_colors(found)
    |
info: rule `unresolved-attribute` is enabled by default

error[unresolved-attribute]: Object of type `None` has no attribute `createSearchDescriptor`
   --> plugin/tests/uno/format_tests.py:428:10
    |
426 |     expected_colors = [COLORS[0], COLORS[1]]  # only first 2 colors survive
427 |     _replace_text_preserving_format(_test_doc, rng, "UV", _test_ctx)
428 |     sd = _test_doc.createSearchDescriptor()
    |          ^^^^^^^^^^^^^^^^^^^^^^^^^^^^^^^^
429 |     sd.SearchString = "UV"
430 |     found = _test_doc.findFirst(sd)
    |
info: rule `unresolved-attribute` is enabled by default

error[unresolved-attribute]: Object of type `None` has no attribute `findFirst`
   --> plugin/tests/uno/format_tests.py:430:13
    |
428 |     sd = _test_doc.createSearchDescriptor()
429 |     sd.SearchString = "UV"
430 |     found = _test_doc.findFirst(sd)
    |             ^^^^^^^^^^^^^^^^^^^
431 |     assert found, "'UV' not found after replace"
432 |     actual_colors = _get_char_colors(found)
    |
info: rule `unresolved-attribute` is enabled by default

error[unresolved-attribute]: Object of type `None` has no attribute `createSearchDescriptor`
   --> plugin/tests/uno/format_tests.py:446:10
    |
444 |     _replace_text_preserving_format(_test_doc, rng, new_chars, _test_ctx)
445 |
446 |     sd = _test_doc.createSearchDescriptor()
    |          ^^^^^^^^^^^^^^^^^^^^^^^^^^^^^^^^
447 |     sd.SearchString = new_chars
448 |     found = _test_doc.findFirst(sd)
    |
info: rule `unresolved-attribute` is enabled by default

error[unresolved-attribute]: Object of type `None` has no attribute `findFirst`
   --> plugin/tests/uno/format_tests.py:448:13
    |
446 |     sd = _test_doc.createSearchDescriptor()
447 |     sd.SearchString = new_chars
448 |     found = _test_doc.findFirst(sd)
    |             ^^^^^^^^^^^^^^^^^^^
449 |     assert found and found.getString() == new_chars, "Failed to replace %d chars" % long_len
    |
info: rule `unresolved-attribute` is enabled by default

error[unresolved-attribute]: Object of type `None` has no attribute `getText`
   --> plugin/tests/uno/format_tests.py:454:12
    |
452 | def _insert_colored_word(word):
453 |     """Insert word at end of doc with per-char background colors. Returns (start_offset, end_offset)."""
454 |     text = _test_doc.getText()
    |            ^^^^^^^^^^^^^^^^^
455 |     sep = text.createTextCursor()
456 |     sep.gotoEnd(False)
    |
info: rule `unresolved-attribute` is enabled by default

error[unresolved-attribute]: Object of type `None` has no attribute `getText`
   --> plugin/tests/uno/format_tests.py:480:12
    |
478 | def _get_colors_at_range(start_off, length):
479 |     """Read CharBackColor for `length` chars starting at absolute offset start_off."""
480 |     text = _test_doc.getText()
    |            ^^^^^^^^^^^^^^^^^
481 |     colors = []
482 |     pos_cursor = text.createTextCursor()
    |
info: rule `unresolved-attribute` is enabled by default

error[unresolved-attribute]: Object of type `None` has no attribute `getText`
   --> plugin/tests/uno/format_tests.py:498:12
    |
496 | def _check_colors_at_search(search_str, expected_colors):
497 |     """Find search_str in doc and check its per-char colors."""
498 |     text = _test_doc.getText()
    |            ^^^^^^^^^^^^^^^^^
499 |     sd = _test_doc.createSearchDescriptor()
500 |     sd.SearchString = search_str
    |
info: rule `unresolved-attribute` is enabled by default

error[unresolved-attribute]: Object of type `None` has no attribute `createSearchDescriptor`
   --> plugin/tests/uno/format_tests.py:499:10
    |
497 |     """Find search_str in doc and check its per-char colors."""
498 |     text = _test_doc.getText()
499 |     sd = _test_doc.createSearchDescriptor()
    |          ^^^^^^^^^^^^^^^^^^^^^^^^^^^^^^^^
500 |     sd.SearchString = search_str
501 |     found = _test_doc.findFirst(sd)
    |
info: rule `unresolved-attribute` is enabled by default

error[unresolved-attribute]: Object of type `None` has no attribute `findFirst`
   --> plugin/tests/uno/format_tests.py:501:13
    |
499 |     sd = _test_doc.createSearchDescriptor()
500 |     sd.SearchString = search_str
501 |     found = _test_doc.findFirst(sd)
    |             ^^^^^^^^^^^^^^^^^^^
502 |     if not found:
503 |         return False, "not found in document"
    |
info: rule `unresolved-attribute` is enabled by default

error[unresolved-attribute]: Object of type `None` has no attribute `getCurrentController`
   --> plugin/tests/uno/test_calc.py:120:20
    |
118 | @native_test
119 | def test_write_formula_range():
120 |     active_sheet = _test_doc.getCurrentController().getActiveSheet()
    |                    ^^^^^^^^^^^^^^^^^^^^^^^^^^^^^^
121 |     res = _execute_calc_tool("write_formula_range", {"range_name": "A1", "formula_or_values": "Hello"})
122 |     assert res.get("status") == "ok", f"write_formula_range failed: {res}"
    |
info: rule `unresolved-attribute` is enabled by default

error[unresolved-attribute]: Object of type `None` has no attribute `getCurrentController`
   --> plugin/tests/uno/test_calc.py:133:20
    |
131 | @native_test
132 | def test_set_cell_style_and_details():
133 |     active_sheet = _test_doc.getCurrentController().getActiveSheet()
    |                    ^^^^^^^^^^^^^^^^^^^^^^^^^^^^^^
134 |     _execute_calc_tool("set_cell_style", {"range_name": "A1", "bold": True, "bg_color": "yellow"})
135 |     cell = active_sheet.getCellByPosition(0, 0)
    |
info: rule `unresolved-attribute` is enabled by default

error[unresolved-import]: Cannot resolve imported module `com.sun.star.awt.FontWeight`
   --> plugin/tests/uno/test_calc.py:136:10
    |
134 |     _execute_calc_tool("set_cell_style", {"range_name": "A1", "bold": True, "bg_color": "yellow"})
135 |     cell = active_sheet.getCellByPosition(0, 0)
136 |     from com.sun.star.awt.FontWeight import BOLD
    |          ^^^^^^^^^^^^^^^^^^^^^^^^^^^
137 |     assert cell.getPropertyValue("CharWeight") == BOLD, "Bold not set"
138 |     assert cell.getPropertyValue("CellBackColor") == 0xFFFF00, "Background color not set"
    |
info: Searched in the following paths during module resolution:
info:   1. /home/keithcu/Desktop/Python/writeragent (first-party code)
info:   2. vendored://stdlib (stdlib typeshed stubs vendored by ty)
info:   3. /home/keithcu/Desktop/Python/writeragent/.venv/lib/python3.12/site-packages (site-packages)
info:   4. /usr/lib/python3.14/site-packages (editable install)
info:   5. /usr/lib/libreoffice/program (editable install)
info:   6. /home/keithcu/Desktop/Python/writeragent/.venv/lib64/python3.12/site-packages (site-packages)
info: make sure your Python environment is properly configured: https://docs.astral.sh/ty/modules/#python-environment
info: rule `unresolved-import` is enabled by default

error[unresolved-attribute]: Object of type `None` has no attribute `getCurrentController`
   --> plugin/tests/uno/test_calc.py:152:20
    |
150 | @native_test
151 | def test_merge_cells():
152 |     active_sheet = _test_doc.getCurrentController().getActiveSheet()
    |                    ^^^^^^^^^^^^^^^^^^^^^^^^^^^^^^
153 |     _execute_calc_tool("merge_cells", {"range_name": ["C1:D1", "E1:F1"]})
154 |     rng1 = active_sheet.getCellRangeByPosition(2, 0, 3, 0)
    |
info: rule `unresolved-attribute` is enabled by default

error[unresolved-attribute]: Object of type `None` has no attribute `getCurrentController`
   --> plugin/tests/uno/test_calc.py:162:20
    |
160 | @native_test
161 | def test_clear_range():
162 |     active_sheet = _test_doc.getCurrentController().getActiveSheet()
    |                    ^^^^^^^^^^^^^^^^^^^^^^^^^^^^^^
163 |     active_sheet.getCellByPosition(6, 0).setString("ClearMe")
164 |     active_sheet.getCellByPosition(7, 0).setString("ClearMe")
    |
info: rule `unresolved-attribute` is enabled by default

error[unresolved-attribute]: Object of type `None` has no attribute `getCurrentController`
   --> plugin/tests/uno/test_calc.py:181:20
    |
179 |     from plugin.framework.tool_context import ToolContext
180 |
181 |     active_sheet = _test_doc.getCurrentController().getActiveSheet()
    |                    ^^^^^^^^^^^^^^^^^^^^^^^^^^^^^^
182 |
183 |     # Test #DIV/0!
    |
info: rule `unresolved-attribute` is enabled by default

error[unresolved-attribute]: Object of type `None` has no attribute `getCurrentController`
   --> plugin/tests/uno/test_calc.py:219:20
    |
217 |     from plugin.modules.calc.analyzer import SheetAnalyzer
218 |
219 |     active_sheet = _test_doc.getCurrentController().getActiveSheet()
    |                    ^^^^^^^^^^^^^^^^^^^^^^^^^^^^^^
220 |     bridge = CalcBridge(_test_doc)
221 |     analyzer = SheetAnalyzer(bridge)
    |
info: rule `unresolved-attribute` is enabled by default

error[unsupported-operator]: Unsupported `>=` operation
   --> plugin/tests/uno/test_calc.py:226:12
    |
225 |     assert summary.get("sheet_name") == active_sheet.getName(), "Sheet name mismatch"
226 |     assert summary.get("row_count") >= 6, f"Row count mismatch: {summary}"
    |            ------------------------^^^^-
    |            |                           |
    |            |                           Has type `Literal[6]`
    |            Has type `Unknown | None`
    |
info: Operation fails because operator `>=` is not supported between objects of type `None` and `Literal[6]`
info: rule `unsupported-operator` is enabled by default

error[unresolved-attribute]: Object of type `None` has no attribute `getSheets`
   --> plugin/tests/uno/test_calc.py:233:12
    |
231 |     res = _execute_calc_tool("create_sheet", {"sheet_name": "NewSheet"})
232 |     assert res.get("status") == "ok", f"create_sheet failed: {res}"
233 |     assert _test_doc.getSheets().hasByName("NewSheet"), "Sheet not created"
    |            ^^^^^^^^^^^^^^^^^^^
    |
info: rule `unresolved-attribute` is enabled by default

error[unresolved-attribute]: Object of type `None` has no attribute `getCurrentController`
   --> plugin/tests/uno/test_calc.py:238:20
    |
236 | @native_test
237 | def test_add_row_and_column():
238 |     active_sheet = _test_doc.getCurrentController().getActiveSheet()
    |                    ^^^^^^^^^^^^^^^^^^^^^^^^^^^^^^
239 |     _execute_calc_tool("add_row", {"sheet_name": active_sheet.getName(), "row_index": 1, "count": 1})
240 |     _execute_calc_tool("add_column", {"sheet_name": active_sheet.getName(), "col_index": 1, "count": 1})
    |
info: rule `unresolved-attribute` is enabled by default

error[unresolved-attribute]: Object of type `None` has no attribute `getCurrentController`
   --> plugin/tests/uno/test_calc.py:246:20
    |
244 | @native_test
245 | def test_read_cell_range():
246 |     active_sheet = _test_doc.getCurrentController().getActiveSheet()
    |                    ^^^^^^^^^^^^^^^^^^^^^^^^^^^^^^
247 |
248 |     # Populate a 3x3 grid (A1:C3)
    |
info: rule `unresolved-attribute` is enabled by default

error[unresolved-attribute]: Object of type `None` has no attribute `getSheets`
   --> plugin/tests/uno/test_calc.py:294:14
    |
292 | def test_cross_sheet_formula():
293 |     doc = _test_doc
294 |     sheets = doc.getSheets()
    |              ^^^^^^^^^^^^^
295 |
296 |     # Create Sheet2 if it doesn't exist
    |
info: rule `unresolved-attribute` is enabled by default

error[unresolved-attribute]: Object of type `None` has no attribute `getCurrentController`
   --> plugin/tests/uno/test_calc.py:305:20
    |
304 |     # Active sheet is usually Sheet1
305 |     active_sheet = doc.getCurrentController().getActiveSheet()
    |                    ^^^^^^^^^^^^^^^^^^^^^^^^
306 |
307 |     res = _execute_calc_tool("write_formula_range", {
    |
info: rule `unresolved-attribute` is enabled by default

error[unresolved-attribute]: Object of type `None` has no attribute `getCurrentController`
   --> plugin/tests/uno/test_calc.py:326:20
    |
324 | def test_import_csv_from_string():
325 |     doc = _test_doc
326 |     active_sheet = doc.getCurrentController().getActiveSheet()
    |                    ^^^^^^^^^^^^^^^^^^^^^^^^
327 |
328 |     # Test case 1: Standard comma-separated
    |
info: rule `unresolved-attribute` is enabled by default

error[unresolved-attribute]: Object of type `None` has no attribute `getCurrentController`
   --> plugin/tests/uno/test_calc.py:370:20
    |
368 | @native_test
369 | def test_tool_argument_normalization():
370 |     active_sheet = _test_doc.getCurrentController().getActiveSheet()
    |                    ^^^^^^^^^^^^^^^^^^^^^^^^^^^^^^
371 |
372 |     # Test with string param
    |
info: rule `unresolved-attribute` is enabled by default

error[unresolved-attribute]: Object of type `None` has no attribute `getCurrentController`
   --> plugin/tests/uno/test_calc.py:557:20
    |
555 | @native_test
556 | def test_charts_creation_and_listing():
557 |     active_sheet = _test_doc.getCurrentController().getActiveSheet()
    |                    ^^^^^^^^^^^^^^^^^^^^^^^^^^^^^^
558 |
559 |     # 1. Populate sample data
    |
info: rule `unresolved-attribute` is enabled by default

error[unresolved-attribute]: Object of type `Self@test_doc_type_leakage` has no attribute `set_control_text`
   --> plugin/tests/uno/test_chat_model_logic.py:134:9
    |
132 |         # Mock _get_document_model to return a Calc document (getSheets instead of getText)
133 |         doc_mock = MagicMock()
134 |         self.set_control_text(listener.response_control, "")
    |         ^^^^^^^^^^^^^^^^^^^^^
135 |
136 |         # We need to correctly patch the checks used in _do_send to identify the document
    |
info: rule `unresolved-attribute` is enabled by default

error[unresolved-reference]: Name `listener` used when not defined
   --> plugin/tests/uno/test_chat_model_logic.py:134:31
    |
132 |         # Mock _get_document_model to return a Calc document (getSheets instead of getText)
133 |         doc_mock = MagicMock()
134 |         self.set_control_text(listener.response_control, "")
    |                               ^^^^^^^^
135 |
136 |         # We need to correctly patch the checks used in _do_send to identify the document
    |
info: rule `unresolved-reference` is enabled by default

error[unresolved-attribute]: Object of type `Self@test_doc_type_leakage` has no attribute `get_control_text`
   --> plugin/tests/uno/test_chat_model_logic.py:143:117
    |
141 | …"Error")
142 | …th the error
143 | …hanged from Writer to Calc! Please file an error.]" in self.get_control_text(listener.response_control))
    |                                                         ^^^^^^^^^^^^^^^^^^^^^
144 | …
145 | …
    |
info: rule `unresolved-attribute` is enabled by default

error[unresolved-reference]: Name `listener` used when not defined
   --> plugin/tests/uno/test_chat_model_logic.py:143:139
    |
141 | …
142 | …
143 | …ter to Calc! Please file an error.]" in self.get_control_text(listener.response_control))
    |                                                                ^^^^^^^^
144 | …
145 | …
    |
info: rule `unresolved-reference` is enabled by default

error[invalid-assignment]: Object of type `MagicMock` is not assignable to attribute `_do_send` on type `Unknown | SendButtonListener`
   --> plugin/tests/uno/test_chat_model_logic.py:150:9
    |
148 |         # Let's mock _do_send to raise an Exception to test the exception path.
149 |
150 |         self.listener._do_send = MagicMock(side_effect=Exception("Test Error"))
    |         ^^^^^^^^^^^^^^^^^^^^^^
151 |
152 |         # Call actionPerformed
    |
info: rule `invalid-assignment` is enabled by default

error[invalid-argument-type]: Argument to function `normalize_linebreaks` is incorrect
  --> plugin/tests/uno/test_document.py:24:33
   |
22 |     # Edge cases
23 |     assert normalize_linebreaks("") == ""
24 |     assert normalize_linebreaks(None) == ""
   |                                 ^^^^ Expected `str`, found `None`
25 |
26 | def test_normalize_doc_url():
   |
info: Function defined here
   --> plugin/framework/document.py:140:5
    |
140 | def normalize_linebreaks(text: str) -> str:
    |     ^^^^^^^^^^^^^^^^^^^^ --------- Parameter declared here
141 |     """Normalize various linebreak sequences (\\r\\n, \\n\\r, \\r) to \\n."""
142 |     if not text:
    |
info: rule `invalid-argument-type` is enabled by default

error[unresolved-attribute]: Object of type `None` has no attribute `getDrawPages`
  --> plugin/tests/uno/test_draw.py:87:26
   |
86 |     # 0. Test add_slide
87 |     initial_page_count = _test_doc.getDrawPages().getCount()
   |                          ^^^^^^^^^^^^^^^^^^^^^^
88 |     result = _exec_tool("add_slide", {})
89 |     data = json.loads(result)
   |
info: rule `unresolved-attribute` is enabled by default

error[unresolved-attribute]: Object of type `None` has no attribute `getDrawPages`
  --> plugin/tests/uno/test_draw.py:91:22
   |
89 |     data = json.loads(result)
90 |     assert data.get("status") == "ok", f"add_slide failed: {result}"
91 |     new_page_count = _test_doc.getDrawPages().getCount()
   |                      ^^^^^^^^^^^^^^^^^^^^^^
92 |     assert new_page_count == initial_page_count + 1, "Page count did not increase after add_slide"
   |
info: rule `unresolved-attribute` is enabled by default

error[unresolved-attribute]: Object of type `None` has no attribute `getCurrentController`
  --> plugin/tests/uno/test_draw.py:95:19
   |
94 |     # 1. Create shape
95 |     active_page = _test_doc.getCurrentController().getCurrentPage()
   |                   ^^^^^^^^^^^^^^^^^^^^^^^^^^^^^^
96 |     if active_page is None:
97 |         active_page = _test_doc.getDrawPages().getByIndex(0)
   |
info: rule `unresolved-attribute` is enabled by default

error[unresolved-attribute]: Object of type `None` has no attribute `getDrawPages`
  --> plugin/tests/uno/test_draw.py:97:23
   |
95 |     active_page = _test_doc.getCurrentController().getCurrentPage()
96 |     if active_page is None:
97 |         active_page = _test_doc.getDrawPages().getByIndex(0)
   |                       ^^^^^^^^^^^^^^^^^^^^^^
98 |     initial_shape_count = active_page.getCount()
   |
info: rule `unresolved-attribute` is enabled by default

warning[unused-type-ignore-comment]: Unused blanket `type: ignore` directive
  --> plugin/tests/uno/test_history_db.py:12:20
   |
10 | # mockable in a pure-Python environment.
11 | try:
12 |     import pytest  # type: ignore
   |                    ^^^^^^^^^^^^^^
13 |
14 |     pytestmark = pytest.mark.skip(reason="Run by native runner only")
   |
help: Remove the unused suppression comment
9  | # Under pytest we skip it because it requires UNO interfaces that are not fully
10 | # mockable in a pure-Python environment.
11 | try:
   -     import pytest  # type: ignore
12 +     import pytest
13 | 
14 |     pytestmark = pytest.mark.skip(reason="Run by native runner only")
15 | except Exception:

error[invalid-assignment]: Object of type `(_ctx) -> Unknown` is not assignable to attribute `user_config_dir` of type `def user_config_dir(ctx) -> Unknown`
  --> plugin/tests/uno/test_history_db.py:50:5
   |
48 |     _ORIGINAL_USER_CONFIG_DIR = getattr(hdb, "user_config_dir", None)
49 |     _HISTORY_DB_TMPDIR = tempfile.mkdtemp(prefix="writeragent_history_test_")
50 |     hdb.user_config_dir = lambda _ctx: _HISTORY_DB_TMPDIR
   |     ^^^^^^^^^^^^^^^^^^^
   |
info: Implicit shadowing of function `user_config_dir`, add an annotation to make it explicit if this is intentional
info: rule `invalid-assignment` is enabled by default

error[unresolved-attribute]: Attribute `session_id` is not defined on `None` in union `Unknown | None | ChatSession`
   --> plugin/tests/uno/test_history_db.py:210:24
    |
208 |     # 1. First run: Should generate a stable ID based on URL (hash) since no property exists
209 |     panel._setup_sessions(model, "some instructions")
210 |     first_session_id = panel.session.session_id
    |                        ^^^^^^^^^^^^^^^^^^^^^^^^
211 |
212 |     assert first_session_id is not None
    |
info: rule `unresolved-attribute` is enabled by default

error[unresolved-attribute]: Attribute `session_id` is not defined on `None` in union `Unknown | None | ChatSession`
   --> plugin/tests/uno/test_history_db.py:224:25
    |
223 |     # It should reuse the ID stored in UserDefinedProperties, ignoring the new URL
224 |     second_session_id = panel.session.session_id
    |                         ^^^^^^^^^^^^^^^^^^^^^^^^
225 |     assert second_session_id == first_session_id
    |
info: rule `unresolved-attribute` is enabled by default

error[unresolved-attribute]: Attribute `session_id` is not defined on `None` in union `Unknown | None | ChatSession`
   --> plugin/tests/uno/test_history_db.py:231:24
    |
229 |     panel._setup_sessions(unsaved_model, "")
230 |
231 |     third_session_id = panel.session.session_id
    |                        ^^^^^^^^^^^^^^^^^^^^^^^^
232 |     # It should generate a UUID
233 |     assert third_session_id is not None
    |
info: rule `unresolved-attribute` is enabled by default

error[invalid-assignment]: Object of type `def fake_import(name, globals=None, locals=None, fromlist=..., level=0) -> Unknown` is not assignable to attribute `__import__` of type `def __import__(name: str, globals: Mapping[str, object] | None = None, locals: Mapping[str, object] | None = None, fromlist: Sequence[str] | None = ..., level: int = 0) -> ModuleType`
   --> plugin/tests/uno/test_history_db.py:273:5
    |
271 |         return original_import(name, globals, locals, fromlist, level)
272 |
273 |     builtins.__import__ = fake_import
    |     ^^^^^^^^^^^^^^^^^^^
274 |
275 |     # Temporarily remove if it was already imported
    |
info: Implicit shadowing of function `__import__`, add an annotation to make it explicit if this is intentional
info: rule `invalid-assignment` is enabled by default

error[unresolved-attribute]: Object of type `None` has no attribute `getBookmarks`
   --> plugin/tests/uno/test_writer.py:135:17
    |
133 |     from plugin.framework.document import ensure_heading_bookmarks
134 |     ensure_heading_bookmarks(_test_doc)
135 |     bookmarks = _test_doc.getBookmarks()
    |                 ^^^^^^^^^^^^^^^^^^^^^^
136 |     bnames = bookmarks.getElementNames()
137 |     assert len(bnames) == 3, f"ensure_heading_bookmarks created {len(bnames)} bookmarks instead of 3"
    |
info: rule `unresolved-attribute` is enabled by default

error[unresolved-attribute]: Object of type `None` has no attribute `getBookmarks`
   --> plugin/tests/uno/test_writer.py:141:14
    |
139 |     # Running ensure_heading_bookmarks again should not duplicate
140 |     ensure_heading_bookmarks(_test_doc)
141 |     bnames = _test_doc.getBookmarks().getElementNames()
    |              ^^^^^^^^^^^^^^^^^^^^^^
142 |     assert len(bnames) == 3, f"ensure_heading_bookmarks duplicated bookmarks, total: {len(bnames)}"
    |
info: rule `unresolved-attribute` is enabled by default

error[unresolved-attribute]: Object of type `None` has no attribute `getText`
   --> plugin/tests/uno/test_writer.py:278:12
    |
276 |     from plugin.modules.writer.ops import get_text_cursor_at_range
277 |
278 |     text = _test_doc.getText()
    |            ^^^^^^^^^^^^^^^^^
279 |     full_text_str = text.getString()
    |
info: rule `unresolved-attribute` is enabled by default

error[unresolved-attribute]: Object of type `None` has no attribute `getText`
   --> plugin/tests/uno/test_writer.py:305:12
    |
304 |     para_ranges = get_paragraph_ranges(_test_doc)
305 |     text = _test_doc.getText()
    |            ^^^^^^^^^^^^^^^^^
306 |
307 |     assert len(para_ranges) >= 2, "Test document doesn't have enough paragraphs."
    |
info: rule `unresolved-attribute` is enabled by default

error[unresolved-attribute]: Object of type `None` has no attribute `getCurrentController`
   --> plugin/tests/uno/test_writer.py:329:18
    |
327 |     from plugin.modules.writer.ops import get_selection_range
328 |
329 |     controller = _test_doc.getCurrentController()
    |                  ^^^^^^^^^^^^^^^^^^^^^^^^^^^^^^
330 |     view_cursor = controller.getViewCursor()
331 |     view_cursor.gotoStart(False)
    |
info: rule `unresolved-attribute` is enabled by default

error[unresolved-attribute]: Object of type `None` has no attribute `getText`
   --> plugin/tests/uno/test_writer.py:351:12
    |
349 |     from plugin.modules.writer.ops import insert_html_at_cursor
350 |
351 |     text = _test_doc.getText()
    |            ^^^^^^^^^^^^^^^^^
352 |     cursor = text.createTextCursor()
353 |     cursor.gotoEnd(False)
    |
info: rule `unresolved-attribute` is enabled by default

error[invalid-assignment]: Object of type `(f) -> Unknown` is not assignable to `def setup(func) -> Unknown`
  --> plugin/tests/uno/test_writer_bookmarks.py:16:5
   |
14 |     from plugin.modules.writer.bookmarks import BookmarkService
15 | except ImportError:
16 |     setup, teardown, native_test = (lambda f: f), (lambda f: f), (lambda f: f)
   |     -----                          ^^^^^^^^^^^^^^^^^^^^^^^^^^^^^^^^^^^^^^^^^^^ Incompatible value of type `(f) -> Unknown`
   |     |
   |     Declared type `def setup(func) -> Unknown`
17 |
18 | _test_doc = None
   |
info: Implicit shadowing of function `setup`, add an annotation to make it explicit if this is intentional
info: rule `invalid-assignment` is enabled by default

error[invalid-assignment]: Object of type `(f) -> Unknown` is not assignable to `def teardown(func) -> Unknown`
  --> plugin/tests/uno/test_writer_bookmarks.py:16:12
   |
14 |     from plugin.modules.writer.bookmarks import BookmarkService
15 | except ImportError:
16 |     setup, teardown, native_test = (lambda f: f), (lambda f: f), (lambda f: f)
   |            --------                ^^^^^^^^^^^^^^^^^^^^^^^^^^^^^^^^^^^^^^^^^^^ Incompatible value of type `(f) -> Unknown`
   |            |
   |            Declared type `def teardown(func) -> Unknown`
17 |
18 | _test_doc = None
   |
info: Implicit shadowing of function `teardown`, add an annotation to make it explicit if this is intentional
info: rule `invalid-assignment` is enabled by default

error[invalid-assignment]: Object of type `(f) -> Unknown` is not assignable to `def native_test(func) -> Unknown`
  --> plugin/tests/uno/test_writer_bookmarks.py:16:22
   |
14 |     from plugin.modules.writer.bookmarks import BookmarkService
15 | except ImportError:
16 |     setup, teardown, native_test = (lambda f: f), (lambda f: f), (lambda f: f)
   |                      -----------   ^^^^^^^^^^^^^^^^^^^^^^^^^^^^^^^^^^^^^^^^^^^ Incompatible value of type `(f) -> Unknown`
   |                      |
   |                      Declared type `def native_test(func) -> Unknown`
17 |
18 | _test_doc = None
   |
info: Implicit shadowing of function `native_test`, add an annotation to make it explicit if this is intentional
info: rule `invalid-assignment` is enabled by default

error[unresolved-attribute]: Object of type `None` has no attribute `getBookmarks`
  --> plugin/tests/uno/test_writer_bookmarks.py:69:11
   |
68 |     # Initially no bookmarks
69 |     bms = _test_doc.getBookmarks().getElementNames()
   |           ^^^^^^^^^^^^^^^^^^^^^^
70 |     assert len([b for b in bms if b.startswith("_mcp_")]) == 0
   |
info: rule `unresolved-attribute` is enabled by default

error[unresolved-attribute]: Object of type `None` has no attribute `getBookmarks`
  --> plugin/tests/uno/test_writer_bookmarks.py:81:11
   |
80 |     # Verify in document
81 |     bms = _test_doc.getBookmarks().getElementNames()
   |           ^^^^^^^^^^^^^^^^^^^^^^
82 |     mcp_bms = [b for b in bms if b.startswith("_mcp_")]
83 |     assert len(mcp_bms) == 2
   |
info: rule `unresolved-attribute` is enabled by default

error[unresolved-attribute]: Object of type `None` has no attribute `getBookmarks`
   --> plugin/tests/uno/test_writer_bookmarks.py:135:11
    |
134 |     # Verify they are gone from document
135 |     bms = _test_doc.getBookmarks().getElementNames()
    |           ^^^^^^^^^^^^^^^^^^^^^^
136 |     mcp_bms = [b for b in bms if b.startswith("_mcp_")]
137 |     assert len(mcp_bms) == 0
    |
info: rule `unresolved-attribute` is enabled by default

error[unresolved-attribute]: Unresolved attribute `Base` on type `ModuleType`
  --> plugin/tests/uno/test_writer_navigation.py:13:5
   |
11 |     sys.modules['uno'] = types.ModuleType('uno')
12 |     sys.modules['unohelper'] = types.ModuleType('unohelper')
13 |     sys.modules['unohelper'].Base = BaseStub
   |     ^^^^^^^^^^^^^^^^^^^^^^^^^^^^^
14 |     sys.modules['com'] = types.ModuleType('com')
15 |     sys.modules['com.sun'] = types.ModuleType('sun')
   |
info: rule `unresolved-attribute` is enabled by default

error[unresolved-attribute]: Unresolved attribute `XActionListener` on type `ModuleType`
  --> plugin/tests/uno/test_writer_navigation.py:22:5
   |
20 |         pass
21 |
22 |     sys.modules['com.sun.star.awt'].XActionListener = MockListener
   |     ^^^^^^^^^^^^^^^^^^^^^^^^^^^^^^^^^^^^^^^^^^^^^^^
23 |     sys.modules['com.sun.star.datatransfer'] = types.ModuleType('datatransfer')
24 |     sys.modules['com.sun.star.datatransfer.clipboard'] = types.ModuleType('clipboard')
   |
info: rule `unresolved-attribute` is enabled by default

error[unresolved-attribute]: Unresolved attribute `XClipboardListener` on type `ModuleType`
  --> plugin/tests/uno/test_writer_navigation.py:27:5
   |
25 |     class MockClipboardListener(object):
26 |         pass
27 |     sys.modules['com.sun.star.datatransfer.clipboard'].XClipboardListener = MockClipboardListener
   |     ^^^^^^^^^^^^^^^^^^^^^^^^^^^^^^^^^^^^^^^^^^^^^^^^^^^^^^^^^^^^^^^^^^^^^
28 |
29 | from plugin.tests.testing_utils import ElementStub, WriterDocStub
   |
info: rule `unresolved-attribute` is enabled by default

error[invalid-assignment]: Object of type `(f) -> Unknown` is not assignable to `def setup(func) -> Unknown`
  --> plugin/tests/uno/test_writer_navigation.py:82:5
   |
80 |     from plugin.modules.writer.navigation import NavigateHeading, GetSurroundings  # ToolBaseDummy: not exposed
81 | except ImportError:
82 |     setup, teardown, native_test = (lambda f: f), (lambda f: f), (lambda f: f)
   |     -----                          ^^^^^^^^^^^^^^^^^^^^^^^^^^^^^^^^^^^^^^^^^^^ Incompatible value of type `(f) -> Unknown`
   |     |
   |     Declared type `def setup(func) -> Unknown`
83 |
84 | _test_doc = None
   |
info: Implicit shadowing of function `setup`, add an annotation to make it explicit if this is intentional
info: rule `invalid-assignment` is enabled by default

error[invalid-assignment]: Object of type `(f) -> Unknown` is not assignable to `def teardown(func) -> Unknown`
  --> plugin/tests/uno/test_writer_navigation.py:82:12
   |
80 |     from plugin.modules.writer.navigation import NavigateHeading, GetSurroundings  # ToolBaseDummy: not exposed
81 | except ImportError:
82 |     setup, teardown, native_test = (lambda f: f), (lambda f: f), (lambda f: f)
   |            --------                ^^^^^^^^^^^^^^^^^^^^^^^^^^^^^^^^^^^^^^^^^^^ Incompatible value of type `(f) -> Unknown`
   |            |
   |            Declared type `def teardown(func) -> Unknown`
83 |
84 | _test_doc = None
   |
info: Implicit shadowing of function `teardown`, add an annotation to make it explicit if this is intentional
info: rule `invalid-assignment` is enabled by default

error[invalid-assignment]: Object of type `(f) -> Unknown` is not assignable to `def native_test(func) -> Unknown`
  --> plugin/tests/uno/test_writer_navigation.py:82:22
   |
80 |     from plugin.modules.writer.navigation import NavigateHeading, GetSurroundings  # ToolBaseDummy: not exposed
81 | except ImportError:
82 |     setup, teardown, native_test = (lambda f: f), (lambda f: f), (lambda f: f)
   |                      -----------   ^^^^^^^^^^^^^^^^^^^^^^^^^^^^^^^^^^^^^^^^^^^ Incompatible value of type `(f) -> Unknown`
   |                      |
   |                      Declared type `def native_test(func) -> Unknown`
83 |
84 | _test_doc = None
   |
info: Implicit shadowing of function `native_test`, add an annotation to make it explicit if this is intentional
info: rule `invalid-assignment` is enabled by default

error[invalid-assignment]: Object of type `(f) -> Unknown` is not assignable to `def setup(func) -> Unknown`
  --> plugin/tests/uno/test_writer_search.py:12:5
   |
10 |     from plugin.modules.writer.search import SearchInDocument, GetIndexStats
11 | except ImportError:
12 |     setup, teardown, native_test = (lambda f: f), (lambda f: f), (lambda f: f)
   |     -----                          ^^^^^^^^^^^^^^^^^^^^^^^^^^^^^^^^^^^^^^^^^^^ Incompatible value of type `(f) -> Unknown`
   |     |
   |     Declared type `def setup(func) -> Unknown`
13 |
14 | _test_doc = None
   |
info: Implicit shadowing of function `setup`, add an annotation to make it explicit if this is intentional
info: rule `invalid-assignment` is enabled by default

error[invalid-assignment]: Object of type `(f) -> Unknown` is not assignable to `def teardown(func) -> Unknown`
  --> plugin/tests/uno/test_writer_search.py:12:12
   |
10 |     from plugin.modules.writer.search import SearchInDocument, GetIndexStats
11 | except ImportError:
12 |     setup, teardown, native_test = (lambda f: f), (lambda f: f), (lambda f: f)
   |            --------                ^^^^^^^^^^^^^^^^^^^^^^^^^^^^^^^^^^^^^^^^^^^ Incompatible value of type `(f) -> Unknown`
   |            |
   |            Declared type `def teardown(func) -> Unknown`
13 |
14 | _test_doc = None
   |
info: Implicit shadowing of function `teardown`, add an annotation to make it explicit if this is intentional
info: rule `invalid-assignment` is enabled by default

error[invalid-assignment]: Object of type `(f) -> Unknown` is not assignable to `def native_test(func) -> Unknown`
  --> plugin/tests/uno/test_writer_search.py:12:22
   |
10 |     from plugin.modules.writer.search import SearchInDocument, GetIndexStats
11 | except ImportError:
12 |     setup, teardown, native_test = (lambda f: f), (lambda f: f), (lambda f: f)
   |                      -----------   ^^^^^^^^^^^^^^^^^^^^^^^^^^^^^^^^^^^^^^^^^^^ Incompatible value of type `(f) -> Unknown`
   |                      |
   |                      Declared type `def native_test(func) -> Unknown`
13 |
14 | _test_doc = None
   |
info: Implicit shadowing of function `native_test`, add an annotation to make it explicit if this is intentional
info: rule `invalid-assignment` is enabled by default

Found 639 diagnostics
Regenerating translation templates (.pot) without updating .po...
Extracted 54 strings to /home/keithcu/Desktop/Python/writeragent/plugin/xdl_strings.py
merge_module_yaml_into_pot: /home/keithcu/Desktop/Python/writeragent/plugin/locales/writeragent.pot (+38 entries, 40 strings from YAML)
.venv/bin/python scripts/translate_missing.py --preview

=== Current Localization Status ===
| Language | POT total | Pending | Done | Completion % |
| -------- | --------- | ------- | ---- | ------------ |
| de       | 240       | 1       | 239  | 99.6%        |
| es       | 240       | 1       | 239  | 99.6%        |
| fr       | 240       | 1       | 239  | 99.6%        |
| it       | 240       | 1       | 239  | 99.6%        |
| ja       | 240       | 1       | 239  | 99.6%        |
| pl       | 240       | 1       | 239  | 99.6%        |
| pt       | 240       | 1       | 239  | 99.6%        |
| ru       | 240       | 1       | 239  | 99.6%        |
===================================

HTTP Error {0} from AI Provider: {1} - [ja_translated] HTTP Error {0} from AI Provider: {1}
HTTP Error {0} from AI Provider: {1} - [it_translated] HTTP Error {0} from AI Provider: {1}
HTTP Error {0} from AI Provider: {1} - [pl_translated] HTTP Error {0} from AI Provider: {1}
HTTP Error {0} from AI Provider: {1} - [de_translated] HTTP Error {0} from AI Provider: {1}
HTTP Error {0} from AI Provider: {1} - [fr_translated] HTTP Error {0} from AI Provider: {1}
HTTP Error {0} from AI Provider: {1} - [es_translated] HTTP Error {0} from AI Provider: {1}
HTTP Error {0} from AI Provider: {1} - [ru_translated] HTTP Error {0} from AI Provider: {1}
HTTP Error {0} from AI Provider: {1} - [pt_translated] HTTP Error {0} from AI Provider: {1}

=== [PREVIEW DONE] (No files edited) ===

uv pip install --target vendor -r requirements-vendor.txt
.venv/bin/python scripts/generate_manifest.py
  Loaded framework config: plugin/plugin.yaml
Scanning modules in /home/keithcu/Desktop/Python/writeragent/plugin/modules and framework...
  Module order: main -> core -> doc -> http -> draw -> calc -> writer -> chatbot -> agent_backend
  Generated /home/keithcu/Desktop/Python/writeragent/build/generated/Addons.xcu
  Generated /home/keithcu/Desktop/Python/writeragent/plugin/_manifest.py (9 modules)
  Generated 5 XDL dialog pages in /home/keithcu/Desktop/Python/writeragent/build/generated/dialogs
  Generated /home/keithcu/Desktop/Python/writeragent/build/generated/Accelerators.xcu
  Generated /home/keithcu/Desktop/Python/writeragent/extension/META-INF/manifest.xml (10 entries)
  Injected 4 tabs into SettingsDialog.xdl
  Generated description.xml with version 0.7.1-beta
Done.
find plugin/locales -name "*.po" -exec sh -c 'msgfmt -o "$(dirname $1)/$(basename $1 .po).mo" "$1"' _ {} \;
Building WriterAgent.oxt (with tests)...
.venv/bin/python scripts/build_oxt.py --output build/WriterAgent.oxt 
  Dev build: including plugin/tests/ and testing_runner.py
Vendored 1 packages into plugin/lib/
Assembled 395 files in build/bundle
Created build/WriterAgent.oxt with 428 files
Done: build/WriterAgent.oxt  (bundle in build/bundle/)
